/Users/benjaminfaershtein/Library/Python/3.9/lib/python/site-packages/urllib3/__init__.py:35: NotOpenSSLWarning: urllib3 v2 only supports OpenSSL 1.1.1+, currently the 'ssl' module is compiled with 'LibreSSL 2.8.3'. See: https://github.com/urllib3/urllib3/issues/3020
  warnings.warn(
Collected 11 tests (test_afsk, test_atak, test_crypto, test_default, test_http_content_handler, test_mesh_module, test_meshpacket_serializer, test_mqtt, test_radio, test_serial, test_transmit_history)

Processing test_afsk in native environment
--------------------------------------------------------------------------------
Building...
/Users/benjaminfaershtein/Library/Python/3.9/lib/python/site-packages/urllib3/__init__.py:35: NotOpenSSLWarning: urllib3 v2 only supports OpenSSL 1.1.1+, currently the 'ssl' module is compiled with 'LibreSSL 2.8.3'. See: https://github.com/urllib3/urllib3/issues/3020
  warnings.warn(
PROGNAME: meshtasticd
CONFIGURATION: https://docs.platformio.org/page/boards/native/cross_platform.html
PLATFORM: Native (1.2.1) (https://github.com/meshtastic/platform-native/archive/f566d364204416cdbf298e349213f7d551f793d9.zip) > Portduino
HARDWARE: 95.37MB RAM, 95.37MB Flash
PACKAGES: 
 - framework-portduino @ 0.0.1+sha.3c63c96 (git+https://github.com/meshtastic/framework-portduino.git#3c63c9676f75084fb02823ea6b3a0a637c6f9d61)
LDF: Library Dependency Finder -> https://bit.ly/configure-pio-ldf
LDF Modes: Finder ~ chain, Compatibility ~ soft
Ignored library /Users/benjaminfaershtein/Documents/firmware-Fork/.pio/libdeps/native/Adafruit NeoPixel
Ignored library /Users/benjaminfaershtein/Documents/firmware-Fork/.pio/libdeps/native/Adafruit ST7735 and ST7789 Library
[nanopb] No generation needed.
More details about "Library Compatibility Mode": https://docs.platformio.org/page/librarymanager/ldf.html#ldf-compat-mode
Found 53 compatible libraries
Scanning dependencies...
Dependency Graph
|-- ESP8266 and ESP32 OLED driver for SSD1306 displays @ 4.4.1 (License: MIT, URI: https://github.com/meshtastic/esp8266-oled-ssd1306/archive/21e484f409cde18d44012caef84c244eb5ca28f3.zip, Path: /Users/benjaminfaershtein/Documents/firmware-Fork/.pio/libdeps/native/ESP8266 and ESP32 OLED driver for SSD1306 displays)
|   |-- Wire (License: Unknown, Path: /Users/benjaminfaershtein/.platformio/packages/framework-portduino/libraries/Wire)
|   |-- SPI (License: Unknown, Path: /Users/benjaminfaershtein/.platformio/packages/framework-portduino/libraries/SPI)
|-- OneButton @ 2.6.1 (License: BSD-3-Clause, URI: https://github.com/meshtastic/OneButton/archive/fa352d668c53f290cfa480a5f79ad422cd828c70.zip, Path: /Users/benjaminfaershtein/Documents/firmware-Fork/.pio/libdeps/native/OneButton)
|-- arduino-fsm @ 2.2.0 (License: Unknown, URI: https://github.com/meshtastic/arduino-fsm/archive/7db3702bf0cfe97b783d6c72595e3f38e0b19159.zip, Path: /Users/benjaminfaershtein/Documents/firmware-Fork/.pio/libdeps/native/arduino-fsm)
|-- TinyGPSPlus @ 1.0.3 (License: Unknown, URI: https://github.com/meshtastic/TinyGPSPlus/archive/71a82db35f3b973440044c476d4bcdc673b104f4.zip, Path: /Users/benjaminfaershtein/Documents/firmware-Fork/.pio/libdeps/native/TinyGPSPlus)
|-- ArduinoThread @ 0.0.0+20260308153851 (License: Unknown, URI: https://github.com/meshtastic/ArduinoThread/archive/b841b0415721f1341ea41cccfb4adccfaf951567.zip, Path: /Users/benjaminfaershtein/Documents/firmware-Fork/.pio/libdeps/native/ArduinoThread)
|-- Nanopb @ 0.4.91 (License: Unknown, Path: /Users/benjaminfaershtein/Documents/firmware-Fork/.pio/libdeps/native/Nanopb)
|-- ErriezCRC32 @ 1.0.1 (License: MIT, Path: /Users/benjaminfaershtein/Documents/firmware-Fork/.pio/libdeps/native/ErriezCRC32)
|-- TBPubSubClient @ 2.12.1 (License: Unknown, Path: /Users/benjaminfaershtein/Documents/firmware-Fork/.pio/libdeps/native/TBPubSubClient)
|-- NTPClient @ 3.2.1 (License: Unknown, Path: /Users/benjaminfaershtein/Documents/firmware-Fork/.pio/libdeps/native/NTPClient)
|-- Syslog @ 2.0.0 (License: Unknown, Path: /Users/benjaminfaershtein/Documents/firmware-Fork/.pio/libdeps/native/Syslog)
|-- RadioLib @ 7.6.0 (License: MIT, Path: /Users/benjaminfaershtein/Documents/firmware-Fork/.pio/libdeps/native/RadioLib)
|   |-- SPI (License: Unknown, Path: /Users/benjaminfaershtein/.platformio/packages/framework-portduino/libraries/SPI)
|-- Adafruit BusIO @ 1.17.4 (License: Unknown, Path: /Users/benjaminfaershtein/Documents/firmware-Fork/.pio/libdeps/native/Adafruit BusIO)
|   |-- Wire (License: Unknown, Path: /Users/benjaminfaershtein/.platformio/packages/framework-portduino/libraries/Wire)
|   |-- SPI (License: Unknown, Path: /Users/benjaminfaershtein/.platformio/packages/framework-portduino/libraries/SPI)
|-- Adafruit Unified Sensor @ 1.1.15 (License: Unknown, Path: /Users/benjaminfaershtein/Documents/firmware-Fork/.pio/libdeps/native/Adafruit Unified Sensor)
|-- Adafruit BMP280 Library @ 3.0.0 (License: Unknown, Path: /Users/benjaminfaershtein/Documents/firmware-Fork/.pio/libdeps/native/Adafruit BMP280 Library)
|   |-- Adafruit Unified Sensor @ 1.1.15 (License: Unknown, Path: /Users/benjaminfaershtein/Documents/firmware-Fork/.pio/libdeps/native/Adafruit Unified Sensor)
|   |-- Adafruit BusIO @ 1.17.4 (License: Unknown, Path: /Users/benjaminfaershtein/Documents/firmware-Fork/.pio/libdeps/native/Adafruit BusIO)
|   |   |-- Wire (License: Unknown, Path: /Users/benjaminfaershtein/.platformio/packages/framework-portduino/libraries/Wire)
|   |   |-- SPI (License: Unknown, Path: /Users/benjaminfaershtein/.platformio/packages/framework-portduino/libraries/SPI)
|   |-- Wire (License: Unknown, Path: /Users/benjaminfaershtein/.platformio/packages/framework-portduino/libraries/Wire)
|   |-- SPI (License: Unknown, Path: /Users/benjaminfaershtein/.platformio/packages/framework-portduino/libraries/SPI)
|-- Adafruit BMP085 Library @ 1.2.4 (License: Unknown, Path: /Users/benjaminfaershtein/Documents/firmware-Fork/.pio/libdeps/native/Adafruit BMP085 Library)
|   |-- Adafruit BusIO @ 1.17.4 (License: Unknown, Path: /Users/benjaminfaershtein/Documents/firmware-Fork/.pio/libdeps/native/Adafruit BusIO)
|   |   |-- Wire (License: Unknown, Path: /Users/benjaminfaershtein/.platformio/packages/framework-portduino/libraries/Wire)
|   |   |-- SPI (License: Unknown, Path: /Users/benjaminfaershtein/.platformio/packages/framework-portduino/libraries/SPI)
|   |-- Wire (License: Unknown, Path: /Users/benjaminfaershtein/.platformio/packages/framework-portduino/libraries/Wire)
|-- Adafruit BME280 Library @ 2.3.0 (License: Unknown, Path: /Users/benjaminfaershtein/Documents/firmware-Fork/.pio/libdeps/native/Adafruit BME280 Library)
|   |-- Adafruit BusIO @ 1.17.4 (License: Unknown, Path: /Users/benjaminfaershtein/Documents/firmware-Fork/.pio/libdeps/native/Adafruit BusIO)
|   |   |-- Wire (License: Unknown, Path: /Users/benjaminfaershtein/.platformio/packages/framework-portduino/libraries/Wire)
|   |   |-- SPI (License: Unknown, Path: /Users/benjaminfaershtein/.platformio/packages/framework-portduino/libraries/SPI)
|   |-- Wire (License: Unknown, Path: /Users/benjaminfaershtein/.platformio/packages/framework-portduino/libraries/Wire)
|   |-- SPI (License: Unknown, Path: /Users/benjaminfaershtein/.platformio/packages/framework-portduino/libraries/SPI)
|   |-- Adafruit Unified Sensor @ 1.1.15 (License: Unknown, Path: /Users/benjaminfaershtein/Documents/firmware-Fork/.pio/libdeps/native/Adafruit Unified Sensor)
|-- Adafruit DPS310 @ 1.1.6 (License: Unknown, Path: /Users/benjaminfaershtein/Documents/firmware-Fork/.pio/libdeps/native/Adafruit DPS310)
|   |-- Adafruit BusIO @ 1.17.4 (License: Unknown, Path: /Users/benjaminfaershtein/Documents/firmware-Fork/.pio/libdeps/native/Adafruit BusIO)
|   |   |-- Wire (License: Unknown, Path: /Users/benjaminfaershtein/.platformio/packages/framework-portduino/libraries/Wire)
|   |   |-- SPI (License: Unknown, Path: /Users/benjaminfaershtein/.platformio/packages/framework-portduino/libraries/SPI)
|   |-- Wire (License: Unknown, Path: /Users/benjaminfaershtein/.platformio/packages/framework-portduino/libraries/Wire)
|   |-- SPI (License: Unknown, Path: /Users/benjaminfaershtein/.platformio/packages/framework-portduino/libraries/SPI)
|   |-- Adafruit Unified Sensor @ 1.1.15 (License: Unknown, Path: /Users/benjaminfaershtein/Documents/firmware-Fork/.pio/libdeps/native/Adafruit Unified Sensor)
|-- Adafruit MCP9808 Library @ 2.0.2 (License: Unknown, Path: /Users/benjaminfaershtein/Documents/firmware-Fork/.pio/libdeps/native/Adafruit MCP9808 Library)
|   |-- Adafruit BusIO @ 1.17.4 (License: Unknown, Path: /Users/benjaminfaershtein/Documents/firmware-Fork/.pio/libdeps/native/Adafruit BusIO)
|   |   |-- Wire (License: Unknown, Path: /Users/benjaminfaershtein/.platformio/packages/framework-portduino/libraries/Wire)
|   |   |-- SPI (License: Unknown, Path: /Users/benjaminfaershtein/.platformio/packages/framework-portduino/libraries/SPI)
|   |-- Wire (License: Unknown, Path: /Users/benjaminfaershtein/.platformio/packages/framework-portduino/libraries/Wire)
|   |-- SPI (License: Unknown, Path: /Users/benjaminfaershtein/.platformio/packages/framework-portduino/libraries/SPI)
|   |-- Adafruit Unified Sensor @ 1.1.15 (License: Unknown, Path: /Users/benjaminfaershtein/Documents/firmware-Fork/.pio/libdeps/native/Adafruit Unified Sensor)
|-- Adafruit INA260 Library @ 1.5.3 (License: Unknown, Path: /Users/benjaminfaershtein/Documents/firmware-Fork/.pio/libdeps/native/Adafruit INA260 Library)
|   |-- Adafruit BusIO @ 1.17.4 (License: Unknown, Path: /Users/benjaminfaershtein/Documents/firmware-Fork/.pio/libdeps/native/Adafruit BusIO)
|   |   |-- Wire (License: Unknown, Path: /Users/benjaminfaershtein/.platformio/packages/framework-portduino/libraries/Wire)
|   |   |-- SPI (License: Unknown, Path: /Users/benjaminfaershtein/.platformio/packages/framework-portduino/libraries/SPI)
|   |-- Wire (License: Unknown, Path: /Users/benjaminfaershtein/.platformio/packages/framework-portduino/libraries/Wire)
|   |-- SPI (License: Unknown, Path: /Users/benjaminfaershtein/.platformio/packages/framework-portduino/libraries/SPI)
|-- Adafruit INA219 @ 1.2.3 (License: Unknown, Path: /Users/benjaminfaershtein/Documents/firmware-Fork/.pio/libdeps/native/Adafruit INA219)
|   |-- Adafruit BusIO @ 1.17.4 (License: Unknown, Path: /Users/benjaminfaershtein/Documents/firmware-Fork/.pio/libdeps/native/Adafruit BusIO)
|   |   |-- Wire (License: Unknown, Path: /Users/benjaminfaershtein/.platformio/packages/framework-portduino/libraries/Wire)
|   |   |-- SPI (License: Unknown, Path: /Users/benjaminfaershtein/.platformio/packages/framework-portduino/libraries/SPI)
|   |-- Wire (License: Unknown, Path: /Users/benjaminfaershtein/.platformio/packages/framework-portduino/libraries/Wire)
|   |-- SPI (License: Unknown, Path: /Users/benjaminfaershtein/.platformio/packages/framework-portduino/libraries/SPI)
|-- Adafruit MPU6050 @ 2.2.9 (License: Unknown, Path: /Users/benjaminfaershtein/Documents/firmware-Fork/.pio/libdeps/native/Adafruit MPU6050)
|   |-- Adafruit BusIO @ 1.17.4 (License: Unknown, Path: /Users/benjaminfaershtein/Documents/firmware-Fork/.pio/libdeps/native/Adafruit BusIO)
|   |   |-- Wire (License: Unknown, Path: /Users/benjaminfaershtein/.platformio/packages/framework-portduino/libraries/Wire)
|   |   |-- SPI (License: Unknown, Path: /Users/benjaminfaershtein/.platformio/packages/framework-portduino/libraries/SPI)
|   |-- Wire (License: Unknown, Path: /Users/benjaminfaershtein/.platformio/packages/framework-portduino/libraries/Wire)
|   |-- SPI (License: Unknown, Path: /Users/benjaminfaershtein/.platformio/packages/framework-portduino/libraries/SPI)
|   |-- Adafruit Unified Sensor @ 1.1.15 (License: Unknown, Path: /Users/benjaminfaershtein/Documents/firmware-Fork/.pio/libdeps/native/Adafruit Unified Sensor)
|-- Adafruit LIS3DH @ 1.3.0 (License: Unknown, Path: /Users/benjaminfaershtein/Documents/firmware-Fork/.pio/libdeps/native/Adafruit LIS3DH)
|   |-- SPI (License: Unknown, Path: /Users/benjaminfaershtein/.platformio/packages/framework-portduino/libraries/SPI)
|   |-- Wire (License: Unknown, Path: /Users/benjaminfaershtein/.platformio/packages/framework-portduino/libraries/Wire)
|   |-- Adafruit BusIO @ 1.17.4 (License: Unknown, Path: /Users/benjaminfaershtein/Documents/firmware-Fork/.pio/libdeps/native/Adafruit BusIO)
|   |   |-- Wire (License: Unknown, Path: /Users/benjaminfaershtein/.platformio/packages/framework-portduino/libraries/Wire)
|   |   |-- SPI (License: Unknown, Path: /Users/benjaminfaershtein/.platformio/packages/framework-portduino/libraries/SPI)
|   |-- Adafruit Unified Sensor @ 1.1.15 (License: Unknown, Path: /Users/benjaminfaershtein/Documents/firmware-Fork/.pio/libdeps/native/Adafruit Unified Sensor)
|-- Adafruit AHTX0 @ 2.0.6 (License: Unknown, Path: /Users/benjaminfaershtein/Documents/firmware-Fork/.pio/libdeps/native/Adafruit AHTX0)
|   |-- Adafruit BusIO @ 1.17.4 (License: Unknown, Path: /Users/benjaminfaershtein/Documents/firmware-Fork/.pio/libdeps/native/Adafruit BusIO)
|   |   |-- Wire (License: Unknown, Path: /Users/benjaminfaershtein/.platformio/packages/framework-portduino/libraries/Wire)
|   |   |-- SPI (License: Unknown, Path: /Users/benjaminfaershtein/.platformio/packages/framework-portduino/libraries/SPI)
|   |-- Wire (License: Unknown, Path: /Users/benjaminfaershtein/.platformio/packages/framework-portduino/libraries/Wire)
|   |-- SPI (License: Unknown, Path: /Users/benjaminfaershtein/.platformio/packages/framework-portduino/libraries/SPI)
|   |-- Adafruit Unified Sensor @ 1.1.15 (License: Unknown, Path: /Users/benjaminfaershtein/Documents/firmware-Fork/.pio/libdeps/native/Adafruit Unified Sensor)
|-- Adafruit LSM6DS @ 4.7.4 (License: Unknown, Path: /Users/benjaminfaershtein/Documents/firmware-Fork/.pio/libdeps/native/Adafruit LSM6DS)
|   |-- Wire (License: Unknown, Path: /Users/benjaminfaershtein/.platformio/packages/framework-portduino/libraries/Wire)
|   |-- Adafruit BusIO @ 1.17.4 (License: Unknown, Path: /Users/benjaminfaershtein/Documents/firmware-Fork/.pio/libdeps/native/Adafruit BusIO)
|   |   |-- Wire (License: Unknown, Path: /Users/benjaminfaershtein/.platformio/packages/framework-portduino/libraries/Wire)
|   |   |-- SPI (License: Unknown, Path: /Users/benjaminfaershtein/.platformio/packages/framework-portduino/libraries/SPI)
|   |-- SPI (License: Unknown, Path: /Users/benjaminfaershtein/.platformio/packages/framework-portduino/libraries/SPI)
|   |-- Adafruit Unified Sensor @ 1.1.15 (License: Unknown, Path: /Users/benjaminfaershtein/Documents/firmware-Fork/.pio/libdeps/native/Adafruit Unified Sensor)
|-- Adafruit TSL2591 Library @ 1.4.5 (License: Unknown, Path: /Users/benjaminfaershtein/Documents/firmware-Fork/.pio/libdeps/native/Adafruit TSL2591 Library)
|   |-- Adafruit BusIO @ 1.17.4 (License: Unknown, Path: /Users/benjaminfaershtein/Documents/firmware-Fork/.pio/libdeps/native/Adafruit BusIO)
|   |   |-- Wire (License: Unknown, Path: /Users/benjaminfaershtein/.platformio/packages/framework-portduino/libraries/Wire)
|   |   |-- SPI (License: Unknown, Path: /Users/benjaminfaershtein/.platformio/packages/framework-portduino/libraries/SPI)
|   |-- Wire (License: Unknown, Path: /Users/benjaminfaershtein/.platformio/packages/framework-portduino/libraries/Wire)
|   |-- Adafruit Unified Sensor @ 1.1.15 (License: Unknown, Path: /Users/benjaminfaershtein/Documents/firmware-Fork/.pio/libdeps/native/Adafruit Unified Sensor)
|-- EmotiBit MLX90632 @ 1.0.8 (License: Unknown, Path: /Users/benjaminfaershtein/Documents/firmware-Fork/.pio/libdeps/native/EmotiBit MLX90632)
|   |-- Wire (License: Unknown, Path: /Users/benjaminfaershtein/.platformio/packages/framework-portduino/libraries/Wire)
|-- Adafruit MLX90614 Library @ 2.1.6 (License: Unknown, Path: /Users/benjaminfaershtein/Documents/firmware-Fork/.pio/libdeps/native/Adafruit MLX90614 Library)
|   |-- Adafruit BusIO @ 1.17.4 (License: Unknown, Path: /Users/benjaminfaershtein/Documents/firmware-Fork/.pio/libdeps/native/Adafruit BusIO)
|   |   |-- Wire (License: Unknown, Path: /Users/benjaminfaershtein/.platformio/packages/framework-portduino/libraries/Wire)
|   |   |-- SPI (License: Unknown, Path: /Users/benjaminfaershtein/.platformio/packages/framework-portduino/libraries/SPI)
|   |-- Wire (License: Unknown, Path: /Users/benjaminfaershtein/.platformio/packages/framework-portduino/libraries/Wire)
|-- INA3221 @ 1.0.1 (License: Unknown, URI: https://github.com/sgtwilko/INA3221/archive/bb03d7e9bfcc74fc798838a54f4f99738f29fc6a.zip, Path: /Users/benjaminfaershtein/Documents/firmware-Fork/.pio/libdeps/native/INA3221)
|   |-- Wire (License: Unknown, Path: /Users/benjaminfaershtein/.platformio/packages/framework-portduino/libraries/Wire)
|-- QMC5883LCompass @ 1.2.3 (License: Unknown, Path: /Users/benjaminfaershtein/Documents/firmware-Fork/.pio/libdeps/native/QMC5883LCompass)
|   |-- Wire (License: Unknown, Path: /Users/benjaminfaershtein/.platformio/packages/framework-portduino/libraries/Wire)
|-- DFRobot_RTU @ 1.0.6 (License: Unknown, Path: /Users/benjaminfaershtein/Documents/firmware-Fork/.pio/libdeps/native/DFRobot_RTU)
|-- DFRobot_RainfallSensor @ 1.0.0 (License: Unknown, URI: https://github.com/DFRobot/DFRobot_RainfallSensor/archive/38fea5e02b40a5430be6dab39a99a6f6347d667e.zip, Path: /Users/benjaminfaershtein/Documents/firmware-Fork/.pio/libdeps/native/DFRobot_RainfallSensor)
|   |-- DFRobot_RTU @ 1.0.6 (License: Unknown, Path: /Users/benjaminfaershtein/Documents/firmware-Fork/.pio/libdeps/native/DFRobot_RTU)
|   |-- Wire (License: Unknown, Path: /Users/benjaminfaershtein/.platformio/packages/framework-portduino/libraries/Wire)
|-- INA226 @ 0.6.6 (License: MIT, Path: /Users/benjaminfaershtein/Documents/firmware-Fork/.pio/libdeps/native/INA226)
|   |-- Wire (License: Unknown, Path: /Users/benjaminfaershtein/.platformio/packages/framework-portduino/libraries/Wire)
|-- SparkFun MAX3010x Pulse and Proximity Sensor Library @ 1.1.2 (License: Unknown, Path: /Users/benjaminfaershtein/Documents/firmware-Fork/.pio/libdeps/native/SparkFun MAX3010x Pulse and Proximity Sensor Library)
|   |-- Wire (License: Unknown, Path: /Users/benjaminfaershtein/.platformio/packages/framework-portduino/libraries/Wire)
|-- SparkFun 9DoF IMU Breakout - ICM 20948 - Arduino Library @ 1.3.2 (License: Unknown, Path: /Users/benjaminfaershtein/Documents/firmware-Fork/.pio/libdeps/native/SparkFun 9DoF IMU Breakout - ICM 20948 - Arduino Library)
|   |-- SPI (License: Unknown, Path: /Users/benjaminfaershtein/.platformio/packages/framework-portduino/libraries/SPI)
|   |-- Wire (License: Unknown, Path: /Users/benjaminfaershtein/.platformio/packages/framework-portduino/libraries/Wire)
|-- Adafruit LTR390 Library @ 1.1.2 (License: Unknown, Path: /Users/benjaminfaershtein/Documents/firmware-Fork/.pio/libdeps/native/Adafruit LTR390 Library)
|   |-- Adafruit BusIO @ 1.17.4 (License: Unknown, Path: /Users/benjaminfaershtein/Documents/firmware-Fork/.pio/libdeps/native/Adafruit BusIO)
|   |   |-- Wire (License: Unknown, Path: /Users/benjaminfaershtein/.platformio/packages/framework-portduino/libraries/Wire)
|   |   |-- SPI (License: Unknown, Path: /Users/benjaminfaershtein/.platformio/packages/framework-portduino/libraries/SPI)
|   |-- Wire (License: Unknown, Path: /Users/benjaminfaershtein/.platformio/packages/framework-portduino/libraries/Wire)
|   |-- SPI (License: Unknown, Path: /Users/benjaminfaershtein/.platformio/packages/framework-portduino/libraries/SPI)
|-- Adafruit PCT2075 @ 1.0.6 (License: Unknown, Path: /Users/benjaminfaershtein/Documents/firmware-Fork/.pio/libdeps/native/Adafruit PCT2075)
|   |-- Adafruit BusIO @ 1.17.4 (License: Unknown, Path: /Users/benjaminfaershtein/Documents/firmware-Fork/.pio/libdeps/native/Adafruit BusIO)
|   |   |-- Wire (License: Unknown, Path: /Users/benjaminfaershtein/.platformio/packages/framework-portduino/libraries/Wire)
|   |   |-- SPI (License: Unknown, Path: /Users/benjaminfaershtein/.platformio/packages/framework-portduino/libraries/SPI)
|   |-- Wire (License: Unknown, Path: /Users/benjaminfaershtein/.platformio/packages/framework-portduino/libraries/Wire)
|   |-- SPI (License: Unknown, Path: /Users/benjaminfaershtein/.platformio/packages/framework-portduino/libraries/SPI)
|-- DFRobot_BMM150 @ 1.0.0 (License: Unknown, Path: /Users/benjaminfaershtein/Documents/firmware-Fork/.pio/libdeps/native/DFRobot_BMM150)
|   |-- SPI (License: Unknown, Path: /Users/benjaminfaershtein/.platformio/packages/framework-portduino/libraries/SPI)
|   |-- Wire (License: Unknown, Path: /Users/benjaminfaershtein/.platformio/packages/framework-portduino/libraries/Wire)
|-- Adafruit TSL2561 @ 1.1.3 (License: Unknown, Path: /Users/benjaminfaershtein/Documents/firmware-Fork/.pio/libdeps/native/Adafruit TSL2561)
|   |-- Adafruit Unified Sensor @ 1.1.15 (License: Unknown, Path: /Users/benjaminfaershtein/Documents/firmware-Fork/.pio/libdeps/native/Adafruit Unified Sensor)
|   |-- Wire (License: Unknown, Path: /Users/benjaminfaershtein/.platformio/packages/framework-portduino/libraries/Wire)
|-- BH1750_WE @ 1.1.10 (License: Unknown, Path: /Users/benjaminfaershtein/Documents/firmware-Fork/.pio/libdeps/native/BH1750_WE)
|   |-- Wire (License: Unknown, Path: /Users/benjaminfaershtein/.platformio/packages/framework-portduino/libraries/Wire)
|-- Crypto @ 0.4.0 (License: Unknown, Path: /Users/benjaminfaershtein/Documents/firmware-Fork/.pio/libdeps/native/Crypto)
|-- LovyanGFX @ 1.2.19 (License: MIT AND BSD-2-Clause, Path: /Users/benjaminfaershtein/Documents/firmware-Fork/.pio/libdeps/native/LovyanGFX)
|   |-- SPI (License: Unknown, Path: /Users/benjaminfaershtein/.platformio/packages/framework-portduino/libraries/SPI)
|   |-- Wire (License: Unknown, Path: /Users/benjaminfaershtein/.platformio/packages/framework-portduino/libraries/Wire)
|-- Pine libch341-spi Userspace library @ 0.0.1 (License: Unknown, URI: https://github.com/pine64/libch341-spi-userspace/archive/23c42319a69cffcb65868e3c72e6bed83974a393.zip, Path: /Users/benjaminfaershtein/Documents/firmware-Fork/.pio/libdeps/native/Pine libch341-spi Userspace library)
|-- Adafruit seesaw Library @ 1.7.9 (License: Unknown, Path: /Users/benjaminfaershtein/Documents/firmware-Fork/.pio/libdeps/native/Adafruit seesaw Library)
|   |-- Adafruit BusIO @ 1.17.4 (License: Unknown, Path: /Users/benjaminfaershtein/Documents/firmware-Fork/.pio/libdeps/native/Adafruit BusIO)
|   |   |-- Wire (License: Unknown, Path: /Users/benjaminfaershtein/.platformio/packages/framework-portduino/libraries/Wire)
|   |   |-- SPI (License: Unknown, Path: /Users/benjaminfaershtein/.platformio/packages/framework-portduino/libraries/SPI)
|   |-- Wire (License: Unknown, Path: /Users/benjaminfaershtein/.platformio/packages/framework-portduino/libraries/Wire)
|-- RAKwireless RAK12034 @ 1.0.0 (License: MIT, URI: https://github.com/RAKWireless/RAK12034-BMX160/archive/dcead07ffa267d3c906e9ca4a1330ab989e957e2.zip, Path: /Users/benjaminfaershtein/Documents/firmware-Fork/.pio/libdeps/native/RAKwireless RAK12034)
|   |-- SPI (License: Unknown, Path: /Users/benjaminfaershtein/.platformio/packages/framework-portduino/libraries/SPI)
|   |-- Wire (License: Unknown, Path: /Users/benjaminfaershtein/.platformio/packages/framework-portduino/libraries/Wire)
|-- Adafruit BME680 Library @ 2.0.6 (License: Unknown, Path: /Users/benjaminfaershtein/Documents/firmware-Fork/.pio/libdeps/native/Adafruit BME680 Library)
|   |-- Adafruit BusIO @ 1.17.4 (License: Unknown, Path: /Users/benjaminfaershtein/Documents/firmware-Fork/.pio/libdeps/native/Adafruit BusIO)
|   |   |-- Wire (License: Unknown, Path: /Users/benjaminfaershtein/.platformio/packages/framework-portduino/libraries/Wire)
|   |   |-- SPI (License: Unknown, Path: /Users/benjaminfaershtein/.platformio/packages/framework-portduino/libraries/SPI)
|   |-- Wire (License: Unknown, Path: /Users/benjaminfaershtein/.platformio/packages/framework-portduino/libraries/Wire)
|   |-- SPI (License: Unknown, Path: /Users/benjaminfaershtein/.platformio/packages/framework-portduino/libraries/SPI)
|   |-- Adafruit Unified Sensor @ 1.1.15 (License: Unknown, Path: /Users/benjaminfaershtein/Documents/firmware-Fork/.pio/libdeps/native/Adafruit Unified Sensor)
|-- Melopero RV3028 @ 1.2.0 (License: Unknown, Path: /Users/benjaminfaershtein/Documents/firmware-Fork/.pio/libdeps/native/Melopero RV3028)
|   |-- Wire (License: Unknown, Path: /Users/benjaminfaershtein/.platformio/packages/framework-portduino/libraries/Wire)
|-- SPI (License: Unknown, Path: /Users/benjaminfaershtein/.platformio/packages/framework-portduino/libraries/SPI)
|-- WiFi @ 1.2.7 (License: Unknown, Path: /Users/benjaminfaershtein/.platformio/packages/framework-portduino/libraries/WiFi)
|-- Wire (License: Unknown, Path: /Users/benjaminfaershtein/.platformio/packages/framework-portduino/libraries/Wire)
|-- Unity @ 2.6.1 (License: MIT, Path: /Users/benjaminfaershtein/Documents/firmware-Fork/.pio/libdeps/native/Unity)
Building in test mode
Using meshtastic platformio-custom.py, firmware version 2.7.20.b941dab on native
Using flags:
-DAPP_VERSION=2.7.20.b941dab
-DAPP_VERSION_SHORT=2.7.20
-DAPP_ENV=native
-DAPP_REPO=RCGV1/firmware-Fork
-DBUILD_EPOCH=1772956800
-DUSERPREFS_RINGTONE_RTTTL=\"24:d=32,o=5,b=565:f6,p,f6,4p,p,f6,p,f6,2p,p,b6,p,b6,p,b6,p,b6,p,b,p,b,p,b,p,b,p,b,p,b,p,b,p,b,1p.,2p.,p\"
-DUSERPREFS_TZ_STRING=\"tzplaceholder                                         \"
gcc -o .pio/build/native/lib47c/LovyanGFX/lgfx/utility/lgfx_miniz.c.o -c -std=gnu17 -Wno-missing-field-initializers -Wno-format -Os -fPIC -fstack-protector-all -Wstack-protector --param ssp-buffer-size=4 -w -Wall -ggdb -DPLATFORMIO=60119 -DPORTDUINO_CROSSPLATFORM -DUSE_THREAD_NAMES -DTINYGPS_OPTION_NO_CUSTOM_FIELDS -DPB_ENABLE_MALLOC=1 -DRADIOLIB_EXCLUDE_CC1101=1 -DRADIOLIB_EXCLUDE_NRF24=1 -DRADIOLIB_EXCLUDE_RF69=1 -DRADIOLIB_EXCLUDE_SX1231=1 -DRADIOLIB_EXCLUDE_SX1233=1 -DRADIOLIB_EXCLUDE_SI443X=1 -DRADIOLIB_EXCLUDE_RFM2X=1 -DRADIOLIB_EXCLUDE_AFSK=1 -DRADIOLIB_EXCLUDE_BELL=1 -DRADIOLIB_EXCLUDE_HELLSCHREIBER=1 -DRADIOLIB_EXCLUDE_MORSE=1 -DRADIOLIB_EXCLUDE_RTTY=1 -DRADIOLIB_EXCLUDE_SSTV=1 -DRADIOLIB_EXCLUDE_AX25=1 -DRADIOLIB_EXCLUDE_DIRECT_RECEIVE=1 -DRADIOLIB_EXCLUDE_BELL=1 -DRADIOLIB_EXCLUDE_PAGER=1 -DRADIOLIB_EXCLUDE_FSK4=1 -DRADIOLIB_EXCLUDE_APRS=1 -DRADIOLIB_EXCLUDE_LORAWAN=1 -DMESHTASTIC_EXCLUDE_DROPZONE=1 -DMESHTASTIC_EXCLUDE_REPLYBOT=1 -DMESHTASTIC_EXCLUDE_REMOTEHARDWARE=1 -DMESHTASTIC_EXCLUDE_HEALTH_TELEMETRY=1 -DMESHTASTIC_EXCLUDE_POWERSTRESS=1 -DMESHTASTIC_EXCLUDE_GENERIC_THREAD_MODULE=1 -DMESHTASTIC_EXCLUDE_POWERMON=1 -DMESHTASTIC_EXCLUDE_STATUS=1 -DMAX_THREADS=40 -DLED_BUILTIN=-1 -DARCH_PORTDUINO -D_FORTIFY_SOURCE=2 -DRADIOLIB_EEPROM_UNSUPPORTED -DPORTDUINO_LINUX_HARDWARE -DHAS_UDP_MULTICAST=1 -D_THREAD_SAFE -DARDUINO=4403 -DPORTDUINO -DPIO_UNIT_TESTING -I.pio/libdeps/native/LovyanGFX/src -I/Users/benjaminfaershtein/.platformio/packages/framework-portduino/libraries/Wire/src -I/Users/benjaminfaershtein/.platformio/packages/framework-portduino/libraries/SPI/src -Isrc -Isrc/mesh -Isrc/mesh/generated -Isrc/gps -Isrc/buzz -Isrc/platform/portduino -Ivariants/native/portduino -I/usr/include -I/opt/homebrew/include -I/opt/homebrew/include/SDL2 -I/Users/benjaminfaershtein/.platformio/packages/framework-portduino/cores/portduino -I/Users/benjaminfaershtein/.platformio/packages/framework-portduino/cores/portduino/FS -I/Users/benjaminfaershtein/.platformio/packages/framework-portduino/cores/arduino/api -I/Users/benjaminfaershtein/.platformio/packages/framework-portduino/variants/native .pio/libdeps/native/LovyanGFX/src/lgfx/utility/lgfx_miniz.c
gcc -o .pio/build/native/lib47c/LovyanGFX/lgfx/utility/lgfx_pngle.c.o -c -std=gnu17 -Wno-missing-field-initializers -Wno-format -Os -fPIC -fstack-protector-all -Wstack-protector --param ssp-buffer-size=4 -w -Wall -ggdb -DPLATFORMIO=60119 -DPORTDUINO_CROSSPLATFORM -DUSE_THREAD_NAMES -DTINYGPS_OPTION_NO_CUSTOM_FIELDS -DPB_ENABLE_MALLOC=1 -DRADIOLIB_EXCLUDE_CC1101=1 -DRADIOLIB_EXCLUDE_NRF24=1 -DRADIOLIB_EXCLUDE_RF69=1 -DRADIOLIB_EXCLUDE_SX1231=1 -DRADIOLIB_EXCLUDE_SX1233=1 -DRADIOLIB_EXCLUDE_SI443X=1 -DRADIOLIB_EXCLUDE_RFM2X=1 -DRADIOLIB_EXCLUDE_AFSK=1 -DRADIOLIB_EXCLUDE_BELL=1 -DRADIOLIB_EXCLUDE_HELLSCHREIBER=1 -DRADIOLIB_EXCLUDE_MORSE=1 -DRADIOLIB_EXCLUDE_RTTY=1 -DRADIOLIB_EXCLUDE_SSTV=1 -DRADIOLIB_EXCLUDE_AX25=1 -DRADIOLIB_EXCLUDE_DIRECT_RECEIVE=1 -DRADIOLIB_EXCLUDE_BELL=1 -DRADIOLIB_EXCLUDE_PAGER=1 -DRADIOLIB_EXCLUDE_FSK4=1 -DRADIOLIB_EXCLUDE_APRS=1 -DRADIOLIB_EXCLUDE_LORAWAN=1 -DMESHTASTIC_EXCLUDE_DROPZONE=1 -DMESHTASTIC_EXCLUDE_REPLYBOT=1 -DMESHTASTIC_EXCLUDE_REMOTEHARDWARE=1 -DMESHTASTIC_EXCLUDE_HEALTH_TELEMETRY=1 -DMESHTASTIC_EXCLUDE_POWERSTRESS=1 -DMESHTASTIC_EXCLUDE_GENERIC_THREAD_MODULE=1 -DMESHTASTIC_EXCLUDE_POWERMON=1 -DMESHTASTIC_EXCLUDE_STATUS=1 -DMAX_THREADS=40 -DLED_BUILTIN=-1 -DARCH_PORTDUINO -D_FORTIFY_SOURCE=2 -DRADIOLIB_EEPROM_UNSUPPORTED -DPORTDUINO_LINUX_HARDWARE -DHAS_UDP_MULTICAST=1 -D_THREAD_SAFE -DARDUINO=4403 -DPORTDUINO -DPIO_UNIT_TESTING -I.pio/libdeps/native/LovyanGFX/src -I/Users/benjaminfaershtein/.platformio/packages/framework-portduino/libraries/Wire/src -I/Users/benjaminfaershtein/.platformio/packages/framework-portduino/libraries/SPI/src -Isrc -Isrc/mesh -Isrc/mesh/generated -Isrc/gps -Isrc/buzz -Isrc/platform/portduino -Ivariants/native/portduino -I/usr/include -I/opt/homebrew/include -I/opt/homebrew/include/SDL2 -I/Users/benjaminfaershtein/.platformio/packages/framework-portduino/cores/portduino -I/Users/benjaminfaershtein/.platformio/packages/framework-portduino/cores/portduino/FS -I/Users/benjaminfaershtein/.platformio/packages/framework-portduino/cores/arduino/api -I/Users/benjaminfaershtein/.platformio/packages/framework-portduino/variants/native .pio/libdeps/native/LovyanGFX/src/lgfx/utility/lgfx_pngle.c
gcc -o .pio/build/native/lib47c/LovyanGFX/lgfx/utility/lgfx_qrcode.c.o -c -std=gnu17 -Wno-missing-field-initializers -Wno-format -Os -fPIC -fstack-protector-all -Wstack-protector --param ssp-buffer-size=4 -w -Wall -ggdb -DPLATFORMIO=60119 -DPORTDUINO_CROSSPLATFORM -DUSE_THREAD_NAMES -DTINYGPS_OPTION_NO_CUSTOM_FIELDS -DPB_ENABLE_MALLOC=1 -DRADIOLIB_EXCLUDE_CC1101=1 -DRADIOLIB_EXCLUDE_NRF24=1 -DRADIOLIB_EXCLUDE_RF69=1 -DRADIOLIB_EXCLUDE_SX1231=1 -DRADIOLIB_EXCLUDE_SX1233=1 -DRADIOLIB_EXCLUDE_SI443X=1 -DRADIOLIB_EXCLUDE_RFM2X=1 -DRADIOLIB_EXCLUDE_AFSK=1 -DRADIOLIB_EXCLUDE_BELL=1 -DRADIOLIB_EXCLUDE_HELLSCHREIBER=1 -DRADIOLIB_EXCLUDE_MORSE=1 -DRADIOLIB_EXCLUDE_RTTY=1 -DRADIOLIB_EXCLUDE_SSTV=1 -DRADIOLIB_EXCLUDE_AX25=1 -DRADIOLIB_EXCLUDE_DIRECT_RECEIVE=1 -DRADIOLIB_EXCLUDE_BELL=1 -DRADIOLIB_EXCLUDE_PAGER=1 -DRADIOLIB_EXCLUDE_FSK4=1 -DRADIOLIB_EXCLUDE_APRS=1 -DRADIOLIB_EXCLUDE_LORAWAN=1 -DMESHTASTIC_EXCLUDE_DROPZONE=1 -DMESHTASTIC_EXCLUDE_REPLYBOT=1 -DMESHTASTIC_EXCLUDE_REMOTEHARDWARE=1 -DMESHTASTIC_EXCLUDE_HEALTH_TELEMETRY=1 -DMESHTASTIC_EXCLUDE_POWERSTRESS=1 -DMESHTASTIC_EXCLUDE_GENERIC_THREAD_MODULE=1 -DMESHTASTIC_EXCLUDE_POWERMON=1 -DMESHTASTIC_EXCLUDE_STATUS=1 -DMAX_THREADS=40 -DLED_BUILTIN=-1 -DARCH_PORTDUINO -D_FORTIFY_SOURCE=2 -DRADIOLIB_EEPROM_UNSUPPORTED -DPORTDUINO_LINUX_HARDWARE -DHAS_UDP_MULTICAST=1 -D_THREAD_SAFE -DARDUINO=4403 -DPORTDUINO -DPIO_UNIT_TESTING -I.pio/libdeps/native/LovyanGFX/src -I/Users/benjaminfaershtein/.platformio/packages/framework-portduino/libraries/Wire/src -I/Users/benjaminfaershtein/.platformio/packages/framework-portduino/libraries/SPI/src -Isrc -Isrc/mesh -Isrc/mesh/generated -Isrc/gps -Isrc/buzz -Isrc/platform/portduino -Ivariants/native/portduino -I/usr/include -I/opt/homebrew/include -I/opt/homebrew/include/SDL2 -I/Users/benjaminfaershtein/.platformio/packages/framework-portduino/cores/portduino -I/Users/benjaminfaershtein/.platformio/packages/framework-portduino/cores/portduino/FS -I/Users/benjaminfaershtein/.platformio/packages/framework-portduino/cores/arduino/api -I/Users/benjaminfaershtein/.platformio/packages/framework-portduino/variants/native .pio/libdeps/native/LovyanGFX/src/lgfx/utility/lgfx_qrcode.c
gcc -o .pio/build/native/lib47c/LovyanGFX/lgfx/utility/lgfx_tjpgd.c.o -c -std=gnu17 -Wno-missing-field-initializers -Wno-format -Os -fPIC -fstack-protector-all -Wstack-protector --param ssp-buffer-size=4 -w -Wall -ggdb -DPLATFORMIO=60119 -DPORTDUINO_CROSSPLATFORM -DUSE_THREAD_NAMES -DTINYGPS_OPTION_NO_CUSTOM_FIELDS -DPB_ENABLE_MALLOC=1 -DRADIOLIB_EXCLUDE_CC1101=1 -DRADIOLIB_EXCLUDE_NRF24=1 -DRADIOLIB_EXCLUDE_RF69=1 -DRADIOLIB_EXCLUDE_SX1231=1 -DRADIOLIB_EXCLUDE_SX1233=1 -DRADIOLIB_EXCLUDE_SI443X=1 -DRADIOLIB_EXCLUDE_RFM2X=1 -DRADIOLIB_EXCLUDE_AFSK=1 -DRADIOLIB_EXCLUDE_BELL=1 -DRADIOLIB_EXCLUDE_HELLSCHREIBER=1 -DRADIOLIB_EXCLUDE_MORSE=1 -DRADIOLIB_EXCLUDE_RTTY=1 -DRADIOLIB_EXCLUDE_SSTV=1 -DRADIOLIB_EXCLUDE_AX25=1 -DRADIOLIB_EXCLUDE_DIRECT_RECEIVE=1 -DRADIOLIB_EXCLUDE_BELL=1 -DRADIOLIB_EXCLUDE_PAGER=1 -DRADIOLIB_EXCLUDE_FSK4=1 -DRADIOLIB_EXCLUDE_APRS=1 -DRADIOLIB_EXCLUDE_LORAWAN=1 -DMESHTASTIC_EXCLUDE_DROPZONE=1 -DMESHTASTIC_EXCLUDE_REPLYBOT=1 -DMESHTASTIC_EXCLUDE_REMOTEHARDWARE=1 -DMESHTASTIC_EXCLUDE_HEALTH_TELEMETRY=1 -DMESHTASTIC_EXCLUDE_POWERSTRESS=1 -DMESHTASTIC_EXCLUDE_GENERIC_THREAD_MODULE=1 -DMESHTASTIC_EXCLUDE_POWERMON=1 -DMESHTASTIC_EXCLUDE_STATUS=1 -DMAX_THREADS=40 -DLED_BUILTIN=-1 -DARCH_PORTDUINO -D_FORTIFY_SOURCE=2 -DRADIOLIB_EEPROM_UNSUPPORTED -DPORTDUINO_LINUX_HARDWARE -DHAS_UDP_MULTICAST=1 -D_THREAD_SAFE -DARDUINO=4403 -DPORTDUINO -DPIO_UNIT_TESTING -I.pio/libdeps/native/LovyanGFX/src -I/Users/benjaminfaershtein/.platformio/packages/framework-portduino/libraries/Wire/src -I/Users/benjaminfaershtein/.platformio/packages/framework-portduino/libraries/SPI/src -Isrc -Isrc/mesh -Isrc/mesh/generated -Isrc/gps -Isrc/buzz -Isrc/platform/portduino -Ivariants/native/portduino -I/usr/include -I/opt/homebrew/include -I/opt/homebrew/include/SDL2 -I/Users/benjaminfaershtein/.platformio/packages/framework-portduino/cores/portduino -I/Users/benjaminfaershtein/.platformio/packages/framework-portduino/cores/portduino/FS -I/Users/benjaminfaershtein/.platformio/packages/framework-portduino/cores/arduino/api -I/Users/benjaminfaershtein/.platformio/packages/framework-portduino/variants/native .pio/libdeps/native/LovyanGFX/src/lgfx/utility/lgfx_tjpgd.c
.pio/libdeps/native/LovyanGFX/src/lgfx/utility/lgfx_miniz.c:1510:9: error: call to undeclared library function 'memcpy' with type 'void *(void *, const void *, unsigned long)'; ISO C99 and later do not support implicit function declarations [-Wimplicit-function-declaration]
 1510 |         TINFL_MEMCPY(pOut_buf_cur, pIn_buf_cur, n); pIn_buf_cur += n; pOut_buf_cur += n; counter -= (lgfx_mz_uint)n;
      |         ^
.pio/libdeps/native/LovyanGFX/src/lgfx/utility/lgfx_miniz.c:1390:31: note: expanded from macro 'TINFL_MEMCPY'
 1390 | #define TINFL_MEMCPY(d, s, l) memcpy(d, s, l)
      |                               ^
.pio/libdeps/native/LovyanGFX/src/lgfx/utility/lgfx_miniz.c:1510:9: note: include the header <string.h> or explicitly provide a declaration for 'memcpy'
.pio/libdeps/native/LovyanGFX/src/lgfx/utility/lgfx_miniz.c:1390:31: note: expanded from macro 'TINFL_MEMCPY'
 1390 | #define TINFL_MEMCPY(d, s, l) memcpy(d, s, l)
      |                               ^
.pio/libdeps/native/LovyanGFX/src/lgfx/utility/lgfx_miniz.c:1522:62: error: call to undeclared library function 'memset' with type 'void *(void *, int, unsigned long)'; ISO C99 and later do not support implicit function declarations [-Wimplicit-function-declaration]
 1522 |         r->m_table_sizes[0] = 288; r->m_table_sizes[1] = 32; TINFL_MEMSET(r->m_tables[1].m_code_size, 5, 32);
      |                                                              ^
.pio/libdeps/native/LovyanGFX/src/lgfx/utility/lgfx_miniz.c:1391:31: note: expanded from macro 'TINFL_MEMSET'
 1391 | #define TINFL_MEMSET(p, c, l) memset(p, c, l)
      |                               ^
.pio/libdeps/native/LovyanGFX/src/lgfx/utility/lgfx_miniz.c:1522:62: note: include the header <string.h> or explicitly provide a declaration for 'memset'
.pio/libdeps/native/LovyanGFX/src/lgfx/utility/lgfx_miniz.c:1391:31: note: expanded from macro 'TINFL_MEMSET'
 1391 | #define TINFL_MEMSET(p, c, l) memset(p, c, l)
      |                               ^
g++ -o .pio/build/native/lib47c/LovyanGFX/lgfx/v1/LGFXBase.cpp.o -c -std=c++17 -Wno-missing-field-initializers -Wno-format -Os -fPIC -fstack-protector-all -Wstack-protector --param ssp-buffer-size=4 -w -Wall -ggdb -DPLATFORMIO=60119 -DPORTDUINO_CROSSPLATFORM -DUSE_THREAD_NAMES -DTINYGPS_OPTION_NO_CUSTOM_FIELDS -DPB_ENABLE_MALLOC=1 -DRADIOLIB_EXCLUDE_CC1101=1 -DRADIOLIB_EXCLUDE_NRF24=1 -DRADIOLIB_EXCLUDE_RF69=1 -DRADIOLIB_EXCLUDE_SX1231=1 -DRADIOLIB_EXCLUDE_SX1233=1 -DRADIOLIB_EXCLUDE_SI443X=1 -DRADIOLIB_EXCLUDE_RFM2X=1 -DRADIOLIB_EXCLUDE_AFSK=1 -DRADIOLIB_EXCLUDE_BELL=1 -DRADIOLIB_EXCLUDE_HELLSCHREIBER=1 -DRADIOLIB_EXCLUDE_MORSE=1 -DRADIOLIB_EXCLUDE_RTTY=1 -DRADIOLIB_EXCLUDE_SSTV=1 -DRADIOLIB_EXCLUDE_AX25=1 -DRADIOLIB_EXCLUDE_DIRECT_RECEIVE=1 -DRADIOLIB_EXCLUDE_BELL=1 -DRADIOLIB_EXCLUDE_PAGER=1 -DRADIOLIB_EXCLUDE_FSK4=1 -DRADIOLIB_EXCLUDE_APRS=1 -DRADIOLIB_EXCLUDE_LORAWAN=1 -DMESHTASTIC_EXCLUDE_DROPZONE=1 -DMESHTASTIC_EXCLUDE_REPLYBOT=1 -DMESHTASTIC_EXCLUDE_REMOTEHARDWARE=1 -DMESHTASTIC_EXCLUDE_HEALTH_TELEMETRY=1 -DMESHTASTIC_EXCLUDE_POWERSTRESS=1 -DMESHTASTIC_EXCLUDE_GENERIC_THREAD_MODULE=1 -DMESHTASTIC_EXCLUDE_POWERMON=1 -DMESHTASTIC_EXCLUDE_STATUS=1 -DMAX_THREADS=40 -DLED_BUILTIN=-1 -DARCH_PORTDUINO -D_FORTIFY_SOURCE=2 -DRADIOLIB_EEPROM_UNSUPPORTED -DPORTDUINO_LINUX_HARDWARE -DHAS_UDP_MULTICAST=1 -D_THREAD_SAFE -DARDUINO=4403 -DPORTDUINO -DPIO_UNIT_TESTING -I.pio/libdeps/native/LovyanGFX/src -I/Users/benjaminfaershtein/.platformio/packages/framework-portduino/libraries/Wire/src -I/Users/benjaminfaershtein/.platformio/packages/framework-portduino/libraries/SPI/src -Isrc -Isrc/mesh -Isrc/mesh/generated -Isrc/gps -Isrc/buzz -Isrc/platform/portduino -Ivariants/native/portduino -I/usr/include -I/opt/homebrew/include -I/opt/homebrew/include/SDL2 -I/Users/benjaminfaershtein/.platformio/packages/framework-portduino/cores/portduino -I/Users/benjaminfaershtein/.platformio/packages/framework-portduino/cores/portduino/FS -I/Users/benjaminfaershtein/.platformio/packages/framework-portduino/cores/arduino/api -I/Users/benjaminfaershtein/.platformio/packages/framework-portduino/variants/native .pio/libdeps/native/LovyanGFX/src/lgfx/v1/LGFXBase.cpp
.pio/libdeps/native/LovyanGFX/src/lgfx/utility/lgfx_qrcode.c:209:5: error: call to undeclared library function 'memset' with type 'void *(void *, int, unsigned long)'; ISO C99 and later do not support implicit function declarations [-Wimplicit-function-declaration]
  209 |     memset(data, 0, bitBuffer->capacityByt.pio/libdeps/native/LovyanGFX/src/lgfx/utility/lgfx_pngle.c:336:9: error: call to undeclared library function 'memmove' with type 'void *(void *, const void *, unsigned long)'; ISO C99 and later do not support implicit function declarations [-Wimplicit-function-declaration]
  336 | es);
      |     ^
      .pio/libdeps/native/LovyanGFX/src/lgfx/utility/lgfx_qrcode.c : 209m:e5m:m onote: vinclude the header <string.h> or explicitly provide a declaration for 'memset'e
(scanline, scanline - bytes_per_pixel, bytes_per_pixel + pngle->scanline_stride);
      |         ^
.pio/libdeps/native/LovyanGFX/src/lgfx/utility/lgfx_pngle.c:336:9: note: include the header <string.h> or explicitly provide a declaration for 'memmove'
.pio/libdeps/native/LovyanGFX/src/lgfx/utility/lgfx_pngle.c:351:14: error: call to undeclared library function 'memcpy' with type 'void *(void *, const void *, unsigned long)'; ISO C99 and later do not support implicit function declarations [-Wimplicit-function-declaration]
  351 |     default: memcpy(&scanline[cidx], &newdata[cidx], l); cidx = last; break;
      |              ^
.pio/libdeps/native/LovyanGFX/src/lgfx/utility/lgfx_pngle.c:351:14: note: include the header <string.h> or explicitly provide a declaration for 'memcpy'
.pio/libdeps/native/LovyanGFX/src/lgfx/utility/lgfx_pngle.c:386:7: error: call to undeclared library function 'memset' with type 'void *(void *, int, unsigned long)'; ISO C99 and later do not support implicit function declarations [-Wimplicit-function-declaration]
  386 |       memset(scanline, 0, remain_bytes);
      |       ^
.pio/libdeps/native/LovyanGFX/src/lgfx/utility/lgfx_pngle.c:386:7: note: include the header <string.h> or explicitly provide a declaration for 'memset'
.pio/libdeps/native/LovyanGFX/src/lgfx/utility/lgfx_pngle.c:411:7: error: call to undeclared library function 'memcmp' with type 'int (const void *, const void *, unsigned long)'; ISO C99 and later do not support implicit function declarations [-Wimplicit-function-declaration]
  411 |    || memcmp_P(pngle->read_buf, png_header, sizeof(png_header))) return PNGLE_ERROR("Incorrect PNG signature");
      |       ^
/Users/benjaminfaershtein/.platformio/packages/framework-portduino/cores/arduino/api/deprecated-avr-comp/avr/pgmspace.h:54:29: note: expanded from macro 'memcmp_P'
   54 | #define memcmp_P(s1, s2, n) memcmp((s1), (s2), (n))
      |                             ^
.pio/libdeps/native/LovyanGFX/src/lgfx/utility/lgfx_pngle.c:411:7: note: include the header <string.h> or explicitly provide a declaration for 'memcmp'
/Users/benjaminfaershtein/.platformio/packages/framework-portduino/cores/arduino/api/deprecated-avr-comp/avr/pgmspace.h:54:29: note: expanded from macro 'memcmp_P'
   54 | #define memcmp_P(s1, s2, n) memcmp((s1), (s2), (n))
      |                             ^
.pio/libdeps/native/LovyanGFX/src/lgfx/utility/lgfx_qrcode.c:776:5: error: call to undeclared library function 'memcpy' with type 'void *(void *, const void *, unsigned long)'; ISO C99 and later do not support implicit function declarations [-Wimplicit-function-declaration]
  776 |     memcpy(data->data, result, data->capacityBytes);
      |     ^
.pio/libdeps/native/LovyanGFX/src/lgfx/utility/lgfx_qrcode.c:776:5: note: include the header <string.h> or explicitly provide a declaration for 'memcpy'
.pio/libdeps/native/LovyanGFX/src/lgfx/utility/lgfx_qrcode.c:872:81: error: call to undeclared library function 'strlen' with type 'unsigned long (const char *)'; ISO C99 and later do not support implicit function declarations [-Wimplicit-function-declaration]
  872 |     return lgfx_qrcode_initBytes(qrcode, modules, version, ecc, (uint8_t*)data, strlen(data));
      |                                                                                 ^
.pio/libdeps/native/LovyanGFX/src/lgfx/utility/lgfx_qrcode.c:872:81: note: include the header <string.h> or explicitly provide a declaration for 'strlen'
.pio/libdeps/native/LovyanGFX/src/lgfx/utility/lgfx_tjpgd.c:175:3: error: use of undeclared identifier 'size_t'; did you mean 'sizeof'?
  175 |                 size_t d = *data++;                                                     /* Get table property */
      |                 ^~~~~~
      |                 sizeof
.pio/libdeps/native/LovyanGFX/src/lgfx/utility/lgfx_tjpgd.c:175:12: error: expression is not assignable
  175 |                 size_t d = *data++;                                                     /* Get table property */
      |                 ~~~~~~~~ ^
.pio/libdeps/native/LovyanGFX/src/lgfx/utility/lgfx_tjpgd.c:175:10: error: use of undeclared identifier 'd'
  175 |                 size_t d = *data++;                                                     /* Get table property */
      |                        ^
.pio/libdeps/native/LovyanGFX/src/lgfx/utility/lgfx_tjpgd.c:176:7: error: use of undeclared identifier 'd'
  176 |                 if (d & 0xF0) return JDR_FMT1;                          /* Err: not 8-bit resolution */
      |                     ^
4 errors generated.
.pio/libdeps/native/LovyanGFX/src/lgfx/utility/lgfx_tjpgd.c:179:13: error: use of undeclared identifier 'd'
  179 |                 jd->qttbl[d & 3] = pb;                                          /* Register the table */
      |                           ^
.pio/libdeps/native/LovyanGFX/src/lgfx/utility/lgfx_tjpgd.c:180:8: error: use of undeclared identifier 'size_t'; did you mean 'sizeof'?
  180 |                 for (size_t i = 0; i < 64; ++i) {                       /* Load the table */
      |                      ^~~~~~
      |                      sizeof
.pio/libdeps/native/LovyanGFX/src/lgfx/utility/lgfx_tjpgd.c:180:17: error: expression is not assignable
  180 |                 for (size_t i = 0; i < 64; ++i) {                       /* Load the table */
      |                      ~~~~~~~~ ^
.pio/libdeps/native/LovyanGFX/src/lgfx/utility/lgfx_tjpgd.c:180:15: error: use of undeclared identifier 'i'
  180 |                 for (size_t i = 0; i < 64; ++i) {                       /* Load the table */
      |                             ^
.pio/libdeps/native/LovyanGFX/src/lgfx/utility/lgfx_tjpgd.c:180:22: error: use of undeclared identifier 'i'
  180 |                 for (size_t i = 0; i < 64; ++i) {                       /* Load the table */
      |                                    ^
.pio/libdeps/native/LovyanGFX/src/lgfx/utility/lgfx_tjpgd.c:180:32: error: use of undeclared identifier 'i'
  180 |                 for (size_t i = 0; i < 64; ++i) {                       /* Load the table */
      |                                              ^
.pio/libdeps/native/LovyanGFX/src/lgfx/utility/lgfx_tjpgd.c:181:25: error: use of undeclared identifier 'i'
  181 |                         uint_fast8_t z = Zig[i];                                                /* Zigzag-order to raster-order conversion */
      |                                              ^
g++ -o .pio/build/native/lib47c/LovyanGFX/lgfx/v1/LGFX_Button.cpp.o -c -std=c++17 -Wno-missing-field-initializers -Wno-format -Os -fPIC -fstack-protector-all -Wstack-protector --param ssp-buffer-size=4 -w -Wall -ggdb -DPLATFORMIO=60119 -DPORTDUINO_CROSSPLATFORM -DUSE_THREAD_NAMES -DTINYGPS_OPTION_NO_CUSTOM_FIELDS -DPB_ENABLE_MALLOC=1 -DRADIOLIB_EXCLUDE_CC1101=1 -DRADIOLIB_EXCLUDE_NRF24=1 -DRADIOLIB_EXCLUDE_RF69=1 -DRADIOLIB_EXCLUDE_SX1231=1 -DRADIOLIB_EXCLUDE_SX1233=1 -DRADIOLIB_EXCLUDE_SI443X=1 -DRADIOLIB_EXCLUDE_RFM2X=1 -DRADIOLIB_EXCLUDE_AFSK=1 -DRADIOLIB_EXCLUDE_BELL=1 -DRADIOLIB_EXCLUDE_HELLSCHREIBER=1 -DRADIOLIB_EXCLUDE_MORSE=1 -DRADIOLIB_EXCLUDE_RTTY=1 -DRADIOLIB_EXCLUDE_SSTV=1 -DRADIOLIB_EXCLUDE_AX25=1 -DRADIOLIB_EXCLUDE_DIRECT_RECEIVE=1 -DRADIOLIB_EXCLUDE_BELL=1 -DRADIOLIB_EXCLUDE_PAGER=1 -DRADIOLIB_EXCLUDE_FSK4=1 -DRADIOLIB_EXCLUDE_APRS=1 -DRADIOLIB_EXCLUDE_LORAWAN=1 -DMESHTASTIC_EXCLUDE_DROPZONE=1 -DMESHTASTIC_EXCLUDE_REPLYBOT=1 -DMESHTASTIC_EXCLUDE_REMOTEHARDWARE=1 -DMESHTASTIC_EXCLUDE_HEALTH_TELEMETRY=1 -DMESHTASTIC_EXCLUDE_POWERSTRESS=1 -DMESHTASTIC_EXCLUDE_GENERIC_THREAD_MODULE=1 -DMESHTASTIC_EXCLUDE_POWERMON=1 -DMESHTASTIC_EXCLUDE_STATUS=1 -DMAX_THREADS=40 -DLED_BUILTIN=-1 -DARCH_PORTDUINO -D_FORTIFY_SOURCE=2 -DRADIOLIB_EEPROM_UNSUPPORTED -DPORTDUINO_LINUX_HARDWARE -DHAS_UDP_MULTICAST=1 -D_THREAD_SAFE -DARDUINO=4403 -DPORTDUINO -DPIO_UNIT_TESTING -I.pio/libdeps/native/LovyanGFX/src -I/Users/benjaminfaershtein/.platformio/packages/framework-portduino/libraries/Wire/src -I/Users/benjaminfaershtein/.platformio/packages/framework-portduino/libraries/SPI/src -Isrc -Isrc/mesh -Isrc/mesh/generated -Isrc/gps -Isrc/buzz -Isrc/platform/portduino -Ivariants/native/portduino -I/usr/include -I/opt/homebrew/include -I/opt/homebrew/include/SDL2 -I/Users/benjaminfaershtein/.platformio/packages/framework-portduino/cores/portduino -I/Users/benjaminfaershtein/.platformio/packages/framework-portduino/cores/portduino/FS -I/Users/benjaminfaershtein/.platformio/packages/framework-portduino/cores/arduino/api -I/Users/benjaminfaershtein/.platformio/packages/framework-portduino/variants/native .pio/libdeps/native/LovyanGFX/src/lgfx/v1/LGFX_Button.cpp
.pio/libdeps/native/LovyanGFX/src/lgfx/utility/lgfx_tjpgd.c:182:37: error: use of undeclared identifier 'i'
  182 |                         pb[z] = (int32_t)((uint32_t)data[i] * Ipsf[z]); /* Apply scale factor of Arai algorithm to the de-quantizers */
      |                                                          ^
3 errors generated.
.pio/libdeps/native/LovyanGFX/src/lgfx/utility/lgfx_tjpgd.c:215:3: error: use of undeclared identifier 'size_t'; did you mean 'sizeof'?
  215 |                 size_t i = 0;
      |                 ^~~~~~
      |                 sizeof
2 errors generated.
.pio/libdeps/native/LovyanGFX/src/lgfx/utility/lgfx_tjpgd.c:215:12: error: expression is not assignable
  215 |                 size_t i = 0;
      |                 ~~~~~~~~ ^
.pio/libdeps/native/LovyanGFX/src/lgfx/utility/lgfx_tjpgd.c:215:10: error: use of undeclared identifier 'i'
  215 |                 size_t i = 0;
      |                        ^
.pio/libdeps/native/LovyanGFX/src/lgfx/utility/lgfx_tjpgd.c:217:14: error: use of undeclared identifier 'i'
  217 |                         np += (pb[i] = data[i]);                /* Get sum of code words for each code */
      |                                   ^
.pio/libdeps/native/LovyanGFX/src/lgfx/utility/lgfx_tjpgd.c:217:24: error: use of undeclared identifier 'i'
  217 |                         np += (pb[i] = data[i]);                /* Get sum of code words for each code */
      |                                             ^
.pio/libdeps/native/LovyanGFX/src/lgfx/utility/lgfx_tjpgd.c:218:14: error: use of undeclared identifier 'i'
  218 |                 } while (++i < 16);
      |                            ^
.pio/libdeps/native/LovyanGFX/src/lgfx/utility/lgfx_tjpgd.c:224:3: error: use of undeclared identifier 'i'
  224 |                 i = 0;
      |                 ^
fatal error: too many errors emitted, stopping now [-ferror-limit=]
20 errors generated.
*** [.pio/build/native/lib47c/LovyanGFX/lgfx/utility/lgfx_pngle.c.o] Error 1
*** [.pio/build/native/lib47c/LovyanGFX/lgfx/utility/lgfx_qrcode.c.o] Error 1
*** [.pio/build/native/lib47c/LovyanGFX/lgfx/utility/lgfx_miniz.c.o] Error 1
*** [.pio/build/native/lib47c/LovyanGFX/lgfx/utility/lgfx_tjpgd.c.o] Error 1
In file included from .pio/libdeps/native/LovyanGFX/src/lgfx/v1/LGFXBase.cpp:19:
In file included from .pio/libdeps/native/LovyanGFX/src/lgfx/v1/LGFXBase.hpp:21:
/Users/benjaminfaershtein/.platformio/packages/framework-portduino/cores/arduino/api/Print.h:52:42: error: use of undeclared identifier 'strlen'
   52 |       return write((const uint8_t *)str, strlen(str));
      |                                          ^
In file included from .pio/libdeps/native/LovyanGFX/src/lgfx/v1/LGFX_Button.cpp:21:
In file included from .pio/libdeps/native/LovyanGFX/src/lgfx/v1/LGFXBase.hpp:21:
/Users/benjaminfaershtein/.platformio/packages/framework-portduino/cores/arduino/api/Print.h:52:42: error: use of undeclared identifier 'strlen'
   52 |       return write((const uint8_t *)str, strlen(str));
      |                                          ^
In file included from .pio/libdeps/native/LovyanGFX/src/lgfx/v1/LGFXBase.cpp:19:
In file included from .pio/libdeps/native/LovyanGFX/src/lgfx/v1/LGFXBase.hpp:27:
In file included from .pio/libdeps/native/LovyanGFX/src/lgfx/v1/platforms/common.hpp:50:
In file included from .pio/libdeps/native/LovyanGFX/src/lgfx/v1/platforms/arduino_default/common.hpp:20:
In file included from .pio/libdeps/native/LovyanGFX/src/lgfx/v1/platforms/arduino_default/../../misc/DataWrapper.hpp:21:
In file included from /Users/benjaminfaershtein/.platformio/packages/framework-portduino/cores/portduino/Arduino.h:8:
In file included from /Users/benjaminfaershtein/.platformio/packages/framework-portduino/cores/arduino/api/ArduinoAPI.h:31:
In file included from /Users/benjaminfaershtein/.platformio/packages/framework-portduino/cores/arduino/api/HardwareSPI.h:25:
In file included from /Applications/Xcode.app/Contents/Developer/Platforms/MacOSX.platform/Developer/SDKs/MacOSX.sdk/usr/include/c++/v1/memory:947:
In file included from /Applications/Xcode.app/Contents/Developer/Platforms/MacOSX.platform/Developer/SDKs/MacOSX.sdk/usr/include/c++/v1/__memory/inout_ptr.h:16:
In file included from /Applications/Xcode.app/Contents/Developer/Platforms/MacOSX.platform/Developer/SDKs/MacOSX.sdk/usr/include/c++/v1/__memory/shared_ptr.h:35:
In file included from /Applications/Xcode.app/Contents/Developer/Platforms/MacOSX.platform/Developer/SDKs/MacOSX.sdk/usr/include/c++/v1/__memory/unique_ptr.h:20:
In file included from /Applications/Xcode.app/Contents/Developer/Platforms/MacOSX.platform/Developer/SDKs/MacOSX.sdk/usr/include/c++/v1/__functional/hash.h:25:
/Applications/Xcode.app/Contents/Developer/Platforms/MacOSX.platform/Developer/SDKs/MacOSX.sdk/usr/include/c++/v1/cstring:69:5: error: <cstring> tried including <string.h> but didn't find libc++'s <string.h> header.           This usually means that your header search paths are not configured properly.           The header search paths should contain the C++ Standard Library headers before           any C Standard Library, and you are probably using compiler flags that make that           not be the case.
   69 | #   error <cstring> tried including <string.h> but didn't find libc++'s <string.h> header. \
      |     ^
In file included from .pio/libdeps/native/LovyanGFX/src/lgfx/v1/LGFXBase.cpp:19:
In file included from .pio/libdeps/native/LovyanGFX/src/lgfx/v1/LGFXBase.hpp:27:
In file included from .pio/libdeps/native/LovyanGFX/src/lgfx/v1/platforms/common.hpp:50:
In file included from .pio/libdeps/native/LovyanGFX/src/lgfx/v1/platforms/arduino_default/common.hpp:20:
In file included from .pio/libdeps/native/LovyanGFX/src/lgfx/v1/platforms/arduino_default/../../misc/DataWrapper.hpp:21:
In file included from /Users/benjaminfaershtein/.platformio/packages/framework-portduino/cores/portduino/Arduino.h:8:
In file included from /Users/benjaminfaershtein/.platformio/packages/framework-portduino/cores/arduino/api/ArduinoAPI.h:31:
In file included from /Users/benjaminfaershtein/.platformio/packages/framework-portduino/cores/arduino/api/HardwareSPI.h:25:
In file included from /Applications/Xcode.app/Contents/Developer/Platforms/MacOSX.platform/Developer/SDKs/MacOSX.sdk/usr/include/c++/v1/memory:947:
In file included from /Applications/Xcode.app/Contents/Developer/Platforms/MacOSX.platform/Developer/SDKs/MacOSX.sdk/usr/include/c++/v1/__memory/inout_ptr.h:16:
In file included from /Applications/Xcode.app/Contents/Developer/Platforms/MacOSX.platform/Developer/SDKs/MacOSX.sdk/usr/include/c++/v1/__memory/shared_ptr.h:35:
In file included from /Applications/Xcode.app/Contents/Developer/Platforms/MacOSX.platform/Developer/SDKs/MacOSX.sdk/usr/include/c++/v1/__memory/unique_ptr.h:20:
/Applications/Xcode.app/Contents/Developer/Platforms/MacOSX.platform/Developer/SDKs/MacOSX.sdk/usr/include/c++/v1/__functional/hash.h:36:8: error: reference to unresolved using declaration
   36 |   std::memcpy(&__r, __p, sizeof(__r));
      |        ^
/Applications/Xcode.app/Contents/Developer/Platforms/MacOSX.platform/Developer/SDKs/MacOSX.sdk/usr/include/c++/v1/cstring:82:1: note: using declaration annotated with 'using_if_exists' here
   82 | using ::memcpy _LIBCPP_USING_IF_EXISTS;
      | ^
In file included from .pio/libdeps/native/LovyanGFX/src/lgfx/v1/LGFX_Button.cpp:21:
In file included from .pio/libdeps/native/LovyanGFX/src/lgfx/v1/LGFXBase.hpp:27:
In file included from .pio/libdeps/native/LovyanGFX/src/lgfx/v1/platforms/common.hpp:50:
In file included from .pio/libdeps/native/LovyanGFX/src/lgfx/v1/platforms/arduino_default/common.hpp:20:
In file included from .pio/libdeps/native/LovyanGFX/src/lgfx/v1/platforms/arduino_default/../../misc/DataWrapper.hpp:21:
In file included from /Users/benjaminfaershtein/.platformio/packages/framework-portduino/cores/portduino/Arduino.h:8:
In file included from /Users/benjaminfaershtein/.platformio/packages/framework-portduino/cores/arduino/api/ArduinoAPI.h:31:
In file included from /Users/benjaminfaershtein/.platformio/packages/framework-portduino/cores/arduino/api/HardwareSPI.h:25:
In file included from /Applications/Xcode.app/Contents/Developer/Platforms/MacOSX.platform/Developer/SDKs/MacOSX.sdk/usr/include/c++/v1/memory:947:
In file included from /Applications/Xcode.app/Contents/Developer/Platforms/MacOSX.platform/Developer/SDKs/MacOSX.sdk/usr/include/c++/v1/__memory/inout_ptr.h:16:
In file included from /Applications/Xcode.app/Contents/Developer/Platforms/MacOSX.platform/Developer/SDKs/MacOSX.sdk/usr/include/c++/v1/__memory/shared_ptr.h:35:
In file included from /Applications/Xcode.app/Contents/Developer/Platforms/MacOSX.platform/Developer/SDKs/MacOSX.sdk/usr/include/c++/v1/__memory/unique_ptr.h:20:
In file included from /Applications/Xcode.app/Contents/Developer/Platforms/MacOSX.platform/Developer/SDKs/MacOSX.sdk/usr/include/c++/v1/__functional/hash.h:25:
/Applications/Xcode.app/Contents/Developer/Platforms/MacOSX.platform/Developer/SDKs/MacOSX.sdk/usr/include/c++/v1/cstring:69:5: error: <cstring> tried including <string.h> but didn't find libc++'s <string.h> header.           This usually means that your header search paths are not configured properly.           The header search paths should contain the C++ Standard Library headers before           any C Standard Library, and you are probably using compiler flags that make that           not be the case.
   69 | #   error <cstring> tried including <string.h> but didn't find libc++'s <string.h> header. \
      |     ^
In file included from .pio/libdeps/native/LovyanGFX/src/lgfx/v1/LGFX_Button.cpp:21:
In file included from .pio/libdeps/native/LovyanGFX/src/lgfx/v1/LGFXBase.hpp:27:
In file included from .pio/libdeps/native/LovyanGFX/src/lgfx/v1/platforms/common.hpp:50:
In file included from .pio/libdeps/native/LovyanGFX/src/lgfx/v1/platforms/arduino_default/common.hpp:20:
In file included from .pio/libdeps/native/LovyanGFX/src/lgfx/v1/platforms/arduino_default/../../misc/DataWrapper.hpp:21:
In file included from /Users/benjaminfaershtein/.platformio/packages/framework-portduino/cores/portduino/Arduino.h:8:
In file included from /Users/benjaminfaershtein/.platformio/packages/framework-portduino/cores/arduino/api/ArduinoAPI.h:31:
In file included from /Users/benjaminfaershtein/.platformio/packages/framework-portduino/cores/arduino/api/HardwareSPI.h:25:
In file included from /Applications/Xcode.app/Contents/Developer/Platforms/MacOSX.platform/Developer/SDKs/MacOSX.sdk/usr/include/c++/v1/memory:947:
In file included from /Applications/Xcode.app/Contents/Developer/Platforms/MacOSX.platform/Developer/SDKs/MacOSX.sdk/usr/include/c++/v1/__memory/inout_ptr.h:16:
In file included from /Applications/Xcode.app/Contents/Developer/Platforms/MacOSX.platform/Developer/SDKs/MacOSX.sdk/usr/include/c++/v1/__memory/shared_ptr.h:35:
In file included from /Applications/Xcode.app/Contents/Developer/Platforms/MacOSX.platform/Developer/SDKs/MacOSX.sdk/usr/include/c++/v1/__memory/unique_ptr.h:20:
/Applications/Xcode.app/Contents/Developer/Platforms/MacOSX.platform/Developer/SDKs/MacOSX.sdk/usr/include/c++/v1/__functional/hash.h:36:8: error: reference to unresolved using declaration
   36 |   std::memcpy(&__r, __p, sizeof(__r));
      |        ^
/Applications/Xcode.app/Contents/Developer/Platforms/MacOSX.platform/Developer/SDKs/MacOSX.sdk/usr/include/c++/v1/cstring:82:1: note: using declaration annotated with 'using_if_exists' here
   82 | using ::memcpy _LIBCPP_USING_IF_EXISTS;
      | ^
In file included from .pio/libdeps/native/LovyanGFX/src/lgfx/v1/LGFXBase.cpp:19:
In file included from .pio/libdeps/native/LovyanGFX/src/lgfx/v1/LGFXBase.hpp:27:
In file included from .pio/libdeps/native/LovyanGFX/src/lgfx/v1/platforms/common.hpp:50:
In file included from .pio/libdeps/native/LovyanGFX/src/lgfx/v1/platforms/arduino_default/common.hpp:20:
.pio/libdeps/native/LovyanGFX/src/lgfx/v1/platforms/arduino_default/../../misc/DataWrapper.hpp:162:7: error: use of undeclared identifier 'memcpy'; did you mean 'wmemcpy'?
  162 |       memcpy_P(buf, &_ptr[_index], len);
      |       ^
/Users/benjaminfaershtein/.platformio/packages/framework-portduino/cores/arduino/api/deprecated-avr-comp/avr/pgmspace.h:56:32: note: expanded from macro 'memcpy_P'
   56 | #define memcpy_P(dest, src, n) memcpy((dest), (src), (n))
      |                                ^
/Applications/Xcode.app/Contents/Developer/Platforms/MacOSX.platform/Developer/SDKs/MacOSX.sdk/usr/include/_wchar.h:173:3: note: 'wmemcpy' declared here
  173 |                 wmemcpy(wchar_t * __restrict _LIBC_COUNT(__n),
      |                 ^
In file included from .pio/libdeps/native/LovyanGFX/src/lgfx/v1/LGFXBase.cpp:19:
In file included from .pio/libdeps/native/LovyanGFX/src/lgfx/v1/LGFXBase.hpp:27:
In file included from .pio/libdeps/native/LovyanGFX/src/lgfx/v1/platforms/common.hpp:50:
In file included from .pio/libdeps/native/LovyanGFX/src/lgfx/v1/platforms/arduino_default/common.hpp:20:
.pio/libdeps/native/LovyanGFX/src/lgfx/v1/platforms/arduino_default/../../misc/DataWrapper.hpp:162:7: error: cannot initialize a parameter of type 'wchar_t *' with an lvalue of type 'uint8_t *' (aka 'unsigned char *')
  162 |       memcpy_P(buf, &_ptr[_index], len);
      |       ^~~~~~~~~~~~~~~~~~~~~~~~~~~~~~~~~
/Users/benjaminfaershtein/.platformio/packages/framework-portduino/cores/arduino/api/deprecated-avr-comp/avr/pgmspace.h:56:39: note: expanded from macro 'memcpy_P'
   56 | #define memcpy_P(dest, src, n) memcpy((dest), (src), (n))
      |                                       ^~~~~~
/Applications/Xcode.app/Contents/Developer/Platforms/MacOSX.platform/Developer/SDKs/MacOSX.sdk/usr/include/_wchar.h:173:48: note: passing argument to parameter here
  173 |                 wmemcpy(wchar_t * __restrict _LIBC_COUNT(__n),
      |                                                              ^
In file included from .pio/libdeps/native/LovyanGFX/src/lgfx/v1/LGFX_Button.cpp:21:
In file included from .pio/libdeps/native/LovyanGFX/src/lgfx/v1/LGFXBase.hpp:27:
In file included from .pio/libdeps/native/LovyanGFX/src/lgfx/v1/platforms/common.hpp:50:
In file included from .pio/libdeps/native/LovyanGFX/src/lgfx/v1/platforms/arduino_default/common.hpp:20:
.pio/libdeps/native/LovyanGFX/src/lgfx/v1/platforms/arduino_default/../../misc/DataWrapper.hpp:162:7: error: use of undeclared identifier 'memcpy'; did you mean 'wmemcpy'?
  162 |       memcpy_P(buf, &_ptr[_index], len);
      |       ^
/Users/benjaminfaershtein/.platformio/packages/framework-portduino/cores/arduino/api/deprecated-avr-comp/avr/pgmspace.h:56:32: note: expanded from macro 'memcpy_P'
   56 | #define memcpy_P(dest, src, n) memcpy((dest), (src), (n))
      |                                ^
/Applications/Xcode.app/Contents/Developer/Platforms/MacOSX.platform/Developer/SDKs/MacOSX.sdk/usr/include/_wchar.h:173:3: note: 'wmemcpy' declared here
  173 |                 wmemcpy(wchar_t * __restrict _LIBC_COUNT(__n),
      |                 ^
In file included from .pio/libdeps/native/LovyanGFX/src/lgfx/v1/LGFX_Button.cpp:21:
In file included from .pio/libdeps/native/LovyanGFX/src/lgfx/v1/LGFXBase.hpp:27:
In file included from .pio/libdeps/native/LovyanGFX/src/lgfx/v1/platforms/common.hpp:50:
In file included from .pio/libdeps/native/LovyanGFX/src/lgfx/v1/platforms/arduino_default/common.hpp:20:
.pio/libdeps/native/LovyanGFX/src/lgfx/v1/platforms/arduino_default/../../misc/DataWrapper.hpp:162:7: error: cannot initialize a parameter of type 'wchar_t *' with an lvalue of type 'uint8_t *' (aka 'unsigned char *')
  162 |       memcpy_P(buf, &_ptr[_index], len);
      |       ^~~~~~~~~~~~~~~~~~~~~~~~~~~~~~~~~
/Users/benjaminfaershtein/.platformio/packages/framework-portduino/cores/arduino/api/deprecated-avr-comp/avr/pgmspace.h:56:39: note: expanded from macro 'memcpy_P'
   56 | #define memcpy_P(dest, src, n) memcpy((dest), (src), (n))
      |                                       ^~~~~~
/Applications/Xcode.app/Contents/Developer/Platforms/MacOSX.platform/Developer/SDKs/MacOSX.sdk/usr/include/_wchar.h:173:48: note: passing argument to parameter here
  173 |                 wmemcpy(wchar_t * __restrict _LIBC_COUNT(__n),
      |                                                              ^
In file included from .pio/libdeps/native/LovyanGFX/src/lgfx/v1/LGFXBase.cpp:19:
In file included from .pio/libdeps/native/LovyanGFX/src/lgfx/v1/LGFXBase.hpp:27:
In file included from .pio/libdeps/native/LovyanGFX/src/lgfx/v1/platforms/common.hpp:50:
In file included from .pio/libdeps/native/LovyanGFX/src/lgfx/v1/platforms/arduino_default/common.hpp:22:
In file included from .pio/libdeps/native/LovyanGFX/src/lgfx/v1/platforms/arduino_default/../../../utility/result.hpp:40:
In file included from /Applications/Xcode.app/Contents/Developer/Platforms/MacOSX.platform/Developer/SDKs/MacOSX.sdk/usr/include/c++/v1/functional:600:
In file included from /Applications/Xcode.app/Contents/Developer/Platforms/MacOSX.platform/Developer/SDKs/MacOSX.sdk/usr/include/c++/v1/vector:363:
/Applications/Xcode.app/Contents/Developer/Platforms/MacOSX.platform/Developer/SDKs/MacOSX.sdk/usr/include/c++/v1/locale:3034:98: error: reference to unresolved using declaration
 3034 |   __widen_from_utf8<sizeof(char_type) * __CHAR_BIT__>()(std::back_inserter(__w), __n, __n + std::strlen(__n));
      |                                                                                                  ^
/Applications/Xcode.app/Contents/Developer/Platforms/MacOSX.platform/Developer/SDKs/MacOSX.sdk/usr/include/c++/v1/cstring:103:1: note: using declaration annotated with 'using_if_exists' here
  103 | using ::strlen _LIBCPP_USING_IF_EXISTS;
      | ^
In file included from .pio/libdeps/native/LovyanGFX/src/lgfx/v1/LGFXBase.cpp:19:
In file included from .pio/libdeps/native/LovyanGFX/src/lgfx/v1/LGFXBase.hpp:27:
In file included from .pio/libdeps/native/LovyanGFX/src/lgfx/v1/platforms/common.hpp:50:
In file included from .pio/libdeps/native/LovyanGFX/src/lgfx/v1/platforms/arduino_default/common.hpp:22:
In file included from .pio/libdeps/native/LovyanGFX/src/lgfx/v1/platforms/arduino_default/../../../utility/result.hpp:40:
In file included from /Applications/Xcode.app/Contents/Developer/Platforms/MacOSX.platform/Developer/SDKs/MacOSX.sdk/usr/include/c++/v1/functional:600:
In file included from /Applications/Xcode.app/Contents/Developer/Platforms/MacOSX.platform/Developer/SDKs/MacOSX.sdk/usr/include/c++/v1/vector:363:
/Applications/Xcode.app/Contents/Developer/Platforms/MacOSX.platform/Developer/SDKs/MacOSX.sdk/usr/include/c++/v1/locale:3034:93: error: cast from pointer to smaller type 'int' loses information
 3034 |   __widen_from_utf8<sizeof(char_type) * __CHAR_BIT__>()(std::back_inserter(__w), __n, __n + std::strlen(__n));
      |                                                                                             ^~~~~~~~~~~~~~~~
/Applications/Xcode.app/Contents/Developer/Platforms/MacOSX.platform/Developer/SDKs/MacOSX.sdk/usr/include/c++/v1/locale:3402:10: error: reference to unresolved using declaration
 3402 |     std::memmove(this->eback(), this->egptr() - __unget_sz, __unget_sz * sizeof(char_type));
      |          ^
/Applications/Xcode.app/Contents/Developer/Platforms/MacOSX.platform/Developer/SDKs/MacOSX.sdk/usr/include/c++/v1/cstring:83:1: note: using declaration annotated with 'using_if_exists' here
   83 | using ::memmove _LIBCPP_USING_IF_EXISTS;
      | ^
In file included from .pio/libdeps/native/LovyanGFX/src/lgfx/v1/LGFXBase.cpp:19:
In file included from .pio/libdeps/native/LovyanGFX/src/lgfx/v1/LGFXBase.hpp:27:
In file included from .pio/libdeps/native/LovyanGFX/src/lgfx/v1/platforms/common.hpp:50:
In file included from .pio/libdeps/native/LovyanGFX/src/lgfx/v1/platforms/arduino_default/common.hpp:22:
In file included from .pio/libdeps/native/LovyanGFX/src/lgfx/v1/platforms/arduino_default/../../../utility/result.hpp:40:
In file included from /Applications/Xcode.app/Contents/Developer/Platforms/MacOSX.platform/Developer/SDKs/MacOSX.sdk/usr/include/c++/v1/functional:600:
In file included from /Applications/Xcode.app/Contents/Developer/Platforms/MacOSX.platform/Developer/SDKs/MacOSX.sdk/usr/include/c++/v1/vector:363:
/Applications/Xcode.app/Contents/Developer/Platforms/MacOSX.platform/Developer/SDKs/MacOSX.sdk/usr/include/c++/v1/locale:3414:14: error: reference to unresolved using declaration
 3414 |         std::memmove(__extbuf_, __extbufnext_, __extbufend_ - __extbufnext_);
      |              ^
/Applications/Xcode.app/Contents/Developer/Platforms/MacOSX.platform/Developer/SDKs/MacOSX.sdk/usr/include/c++/v1/cstring:83:1: note: using declaration annotated with 'using_if_exists' here
   83 | using ::memmove _LIBCPP_USING_IF_EXISTS;
      | ^
In file included from .pio/libdeps/native/LovyanGFX/src/lgfx/v1/LGFXBase.cpp:19:
In file included from .pio/libdeps/native/LovyanGFX/src/lgfx/v1/LGFXBase.hpp:27:
In file included from .pio/libdeps/native/LovyanGFX/src/lgfx/v1/platforms/common.hpp:50:
.pio/libdeps/native/LovyanGFX/src/lgfx/v1/platforms/arduino_default/common.hpp:27:10: fatal error: 'malloc.h' file not found
   27 | #include <malloc.h>
      |          ^~~~~~~~~~
In file included from .pio/libdeps/native/LovyanGFX/src/lgfx/v1/LGFX_Button.cpp:21:
In file included from .pio/libdeps/native/LovyanGFX/src/lgfx/v1/LGFXBase.hpp:27:
In file included from .pio/libdeps/native/LovyanGFX/src/lgfx/v1/platforms/common.hpp:50:
In file included from .pio/libdeps/native/LovyanGFX/src/lgfx/v1/platforms/arduino_default/common.hpp:22:
In file included from .pio/libdeps/native/LovyanGFX/src/lgfx/v1/platforms/arduino_default/../../../utility/result.hpp:40:
In file included from /Applications/Xcode.app/Contents/Developer/Platforms/MacOSX.platform/Developer/SDKs/MacOSX.sdk/usr/include/c++/v1/functional:600:
In file included from /Applications/Xcode.app/Contents/Developer/Platforms/MacOSX.platform/Developer/SDKs/MacOSX.sdk/usr/include/c++/v1/vector:363:
/Applications/Xcode.app/Contents/Developer/Platforms/MacOSX.platform/Developer/SDKs/MacOSX.sdk/usr/include/c++/v1/locale:3034:98: error: reference to unresolved using declaration
 3034 |   __widen_from_utf8<sizeof(char_type) * __CHAR_BIT__>()(std::back_inserter(__w), __n, __n + std::strlen(__n));
      |                                                                                                  ^
/Applications/Xcode.app/Contents/Developer/Platforms/MacOSX.platform/Developer/SDKs/MacOSX.sdk/usr/include/c++/v1/cstring:103:1: note: using declaration annotated with 'using_if_exists' here
  103 | using ::strlen _LIBCPP_USING_IF_EXISTS;
      | ^
In file included from .pio/libdeps/native/LovyanGFX/src/lgfx/v1/LGFX_Button.cpp:21:
In file included from .pio/libdeps/native/LovyanGFX/src/lgfx/v1/LGFXBase.hpp:27:
In file included from .pio/libdeps/native/LovyanGFX/src/lgfx/v1/platforms/common.hpp:50:
In file included from .pio/libdeps/native/LovyanGFX/src/lgfx/v1/platforms/arduino_default/common.hpp:22:
In file included from .pio/libdeps/native/LovyanGFX/src/lgfx/v1/platforms/arduino_default/../../../utility/result.hpp:40:
In file included from /Applications/Xcode.app/Contents/Developer/Platforms/MacOSX.platform/Developer/SDKs/MacOSX.sdk/usr/include/c++/v1/functional:600:
In file included from /Applications/Xcode.app/Contents/Developer/Platforms/MacOSX.platform/Developer/SDKs/MacOSX.sdk/usr/include/c++/v1/vector:363:
/Applications/Xcode.app/Contents/Developer/Platforms/MacOSX.platform/Developer/SDKs/MacOSX.sdk/usr/include/c++/v1/locale:3034:93: error: cast from pointer to smaller type 'int' loses information
 3034 |   __widen_from_utf8<sizeof(char_type) * __CHAR_BIT__>()(std::back_inserter(__w), __n, __n + std::strlen(__n));
      |                                                                                             ^~~~~~~~~~~~~~~~
/Applications/Xcode.app/Contents/Developer/Platforms/MacOSX.platform/Developer/SDKs/MacOSX.sdk/usr/include/c++/v1/locale:3402:10: error: reference to unresolved using declaration
 3402 |     std::memmove(this->eback(), this->egptr() - __unget_sz, __unget_sz * sizeof(char_type));
      |          ^
/Applications/Xcode.app/Contents/Developer/Platforms/MacOSX.platform/Developer/SDKs/MacOSX.sdk/usr/include/c++/v1/cstring:83:1: note: using declaration annotated with 'using_if_exists' here
   83 | using ::memmove _LIBCPP_USING_IF_EXISTS;
      | ^
In file included from .pio/libdeps/native/LovyanGFX/src/lgfx/v1/LGFX_Button.cpp:21:
In file included from .pio/libdeps/native/LovyanGFX/src/lgfx/v1/LGFXBase.hpp:27:
In file included from .pio/libdeps/native/LovyanGFX/src/lgfx/v1/platforms/common.hpp:50:
In file included from .pio/libdeps/native/LovyanGFX/src/lgfx/v1/platforms/arduino_default/common.hpp:22:
In file included from .pio/libdeps/native/LovyanGFX/src/lgfx/v1/platforms/arduino_default/../../../utility/result.hpp:40:
In file included from /Applications/Xcode.app/Contents/Developer/Platforms/MacOSX.platform/Developer/SDKs/MacOSX.sdk/usr/include/c++/v1/functional:600:
In file included from /Applications/Xcode.app/Contents/Developer/Platforms/MacOSX.platform/Developer/SDKs/MacOSX.sdk/usr/include/c++/v1/vector:363:
/Applications/Xcode.app/Contents/Developer/Platforms/MacOSX.platform/Developer/SDKs/MacOSX.sdk/usr/include/c++/v1/locale:3414:14: error: reference to unresolved using declaration
 3414 |         std::memmove(__extbuf_, __extbufnext_, __extbufend_ - __extbufnext_);
      |              ^
/Applications/Xcode.app/Contents/Developer/Platforms/MacOSX.platform/Developer/SDKs/MacOSX.sdk/usr/include/c++/v1/cstring:83:1: note: using declaration annotated with 'using_if_exists' here
   83 | using ::memmove _LIBCPP_USING_IF_EXISTS;
      | ^
In file included from .pio/libdeps/native/LovyanGFX/src/lgfx/v1/LGFX_Button.cpp:21:
In file included from .pio/libdeps/native/LovyanGFX/src/lgfx/v1/LGFXBase.hpp:27:
In file included from .pio/libdeps/native/LovyanGFX/src/lgfx/v1/platforms/common.hpp:50:
.pio/libdeps/native/LovyanGFX/src/lgfx/v1/platforms/arduino_default/common.hpp:27:10: fatal error: 'malloc.h' file not found
   27 | #include <malloc.h>
      |          ^~~~~~~~~~
10 errors generated.
*** [.pio/build/native/lib47c/LovyanGFX/lgfx/v1/LGFX_Button.cpp.o] Error 1
10 errors generated.
*** [.pio/build/native/lib47c/LovyanGFX/lgfx/v1/LGFXBase.cpp.o] Error 1
Building stage has failed, see errors above. Use `pio test -vvv` option to enable verbose output.
---------------- native:test_afsk [ERRORED] Took 16.03 seconds ----------------

=================================== SUMMARY ===================================
Environment                       Test                        Status    Duration
--------------------------------  --------------------------  --------  ------------
nibble-rp2040                     test_radio                  SKIPPED
nibble-rp2040                     test_meshpacket_serializer  SKIPPED
nibble-rp2040                     test_transmit_history       SKIPPED
nibble-rp2040                     test_crypto                 SKIPPED
nibble-rp2040                     test_mqtt                   SKIPPED
nibble-rp2040                     test_default                SKIPPED
nibble-rp2040                     test_mesh_module            SKIPPED
nibble-rp2040                     test_http_content_handler   SKIPPED
nibble-rp2040                     test_serial                 SKIPPED
nibble-rp2040                     test_afsk                   SKIPPED
nibble-rp2040                     test_atak                   SKIPPED
rp2040-lora                       test_radio                  SKIPPED
rp2040-lora                       test_meshpacket_serializer  SKIPPED
rp2040-lora                       test_transmit_history       SKIPPED
rp2040-lora                       test_crypto                 SKIPPED
rp2040-lora                       test_mqtt                   SKIPPED
rp2040-lora                       test_default                SKIPPED
rp2040-lora                       test_mesh_module            SKIPPED
rp2040-lora                       test_http_content_handler   SKIPPED
rp2040-lora                       test_serial                 SKIPPED
rp2040-lora                       test_afsk                   SKIPPED
rp2040-lora                       test_atak                   SKIPPED
pico                              test_radio                  SKIPPED
pico                              test_meshpacket_serializer  SKIPPED
pico                              test_transmit_history       SKIPPED
pico                              test_crypto                 SKIPPED
pico                              test_mqtt                   SKIPPED
pico                              test_default                SKIPPED
pico                              test_mesh_module            SKIPPED
pico                              test_http_content_handler   SKIPPED
pico                              test_serial                 SKIPPED
pico                              test_afsk                   SKIPPED
pico                              test_atak                   SKIPPED
catsniffer                        test_radio                  SKIPPED
catsniffer                        test_meshpacket_serializer  SKIPPED
catsniffer                        test_transmit_history       SKIPPED
catsniffer                        test_crypto                 SKIPPED
catsniffer                        test_mqtt                   SKIPPED
catsniffer                        test_default                SKIPPED
catsniffer                        test_mesh_module            SKIPPED
catsniffer                        test_http_content_handler   SKIPPED
catsniffer                        test_serial                 SKIPPED
catsniffer                        test_afsk                   SKIPPED
catsniffer                        test_atak                   SKIPPED
senselora_rp2040                  test_radio                  SKIPPED
senselora_rp2040                  test_meshpacket_serializer  SKIPPED
senselora_rp2040                  test_transmit_history       SKIPPED
senselora_rp2040                  test_crypto                 SKIPPED
senselora_rp2040                  test_mqtt                   SKIPPED
senselora_rp2040                  test_default                SKIPPED
senselora_rp2040                  test_mesh_module            SKIPPED
senselora_rp2040                  test_http_content_handler   SKIPPED
senselora_rp2040                  test_serial                 SKIPPED
senselora_rp2040                  test_afsk                   SKIPPED
senselora_rp2040                  test_atak                   SKIPPED
rak11310                          test_radio                  SKIPPED
rak11310                          test_meshpacket_serializer  SKIPPED
rak11310                          test_transmit_history       SKIPPED
rak11310                          test_crypto                 SKIPPED
rak11310                          test_mqtt                   SKIPPED
rak11310                          test_default                SKIPPED
rak11310                          test_mesh_module            SKIPPED
rak11310                          test_http_content_handler   SKIPPED
rak11310                          test_serial                 SKIPPED
rak11310                          test_afsk                   SKIPPED
rak11310                          test_atak                   SKIPPED
pico_slowclock                    test_radio                  SKIPPED
pico_slowclock                    test_meshpacket_serializer  SKIPPED
pico_slowclock                    test_transmit_history       SKIPPED
pico_slowclock                    test_crypto                 SKIPPED
pico_slowclock                    test_mqtt                   SKIPPED
pico_slowclock                    test_default                SKIPPED
pico_slowclock                    test_mesh_module            SKIPPED
pico_slowclock                    test_http_content_handler   SKIPPED
pico_slowclock                    test_serial                 SKIPPED
pico_slowclock                    test_afsk                   SKIPPED
pico_slowclock                    test_atak                   SKIPPED
feather_rp2040_rfm95              test_radio                  SKIPPED
feather_rp2040_rfm95              test_meshpacket_serializer  SKIPPED
feather_rp2040_rfm95              test_transmit_history       SKIPPED
feather_rp2040_rfm95              test_crypto                 SKIPPED
feather_rp2040_rfm95              test_mqtt                   SKIPPED
feather_rp2040_rfm95              test_default                SKIPPED
feather_rp2040_rfm95              test_mesh_module            SKIPPED
feather_rp2040_rfm95              test_http_content_handler   SKIPPED
feather_rp2040_rfm95              test_serial                 SKIPPED
feather_rp2040_rfm95              test_afsk                   SKIPPED
feather_rp2040_rfm95              test_atak                   SKIPPED
challenger_2040_lora              test_radio                  SKIPPED
challenger_2040_lora              test_meshpacket_serializer  SKIPPED
challenger_2040_lora              test_transmit_history       SKIPPED
challenger_2040_lora              test_crypto                 SKIPPED
challenger_2040_lora              test_mqtt                   SKIPPED
challenger_2040_lora              test_default                SKIPPED
challenger_2040_lora              test_mesh_module            SKIPPED
challenger_2040_lora              test_http_content_handler   SKIPPED
challenger_2040_lora              test_serial                 SKIPPED
challenger_2040_lora              test_afsk                   SKIPPED
challenger_2040_lora              test_atak                   SKIPPED
picow                             test_radio                  SKIPPED
picow                             test_meshpacket_serializer  SKIPPED
picow                             test_transmit_history       SKIPPED
picow                             test_crypto                 SKIPPED
picow                             test_mqtt                   SKIPPED
picow                             test_default                SKIPPED
picow                             test_mesh_module            SKIPPED
picow                             test_http_content_handler   SKIPPED
picow                             test_serial                 SKIPPED
picow                             test_afsk                   SKIPPED
picow                             test_atak                   SKIPPED
buildroot                         test_radio                  SKIPPED
buildroot                         test_meshpacket_serializer  SKIPPED
buildroot                         test_transmit_history       SKIPPED
buildroot                         test_crypto                 SKIPPED
buildroot                         test_mqtt                   SKIPPED
buildroot                         test_default                SKIPPED
buildroot                         test_mesh_module            SKIPPED
buildroot                         test_http_content_handler   SKIPPED
buildroot                         test_serial                 SKIPPED
buildroot                         test_afsk                   SKIPPED
buildroot                         test_atak                   SKIPPED
native                            test_radio                  SKIPPED
native                            test_meshpacket_serializer  SKIPPED
native                            test_transmit_history       SKIPPED
native                            test_crypto                 SKIPPED
native                            test_mqtt                   SKIPPED
native                            test_default                SKIPPED
native                            test_mesh_module            SKIPPED
native                            test_http_content_handler   SKIPPED
native                            test_serial                 SKIPPED
native                            test_afsk                   ERRORED   00:00:16.026
native                            test_atak                   SKIPPED
native-tft                        test_radio                  SKIPPED
native-tft                        test_meshpacket_serializer  SKIPPED
native-tft                        test_transmit_history       SKIPPED
native-tft                        test_crypto                 SKIPPED
native-tft                        test_mqtt                   SKIPPED
native-tft                        test_default                SKIPPED
native-tft                        test_mesh_module            SKIPPED
native-tft                        test_http_content_handler   SKIPPED
native-tft                        test_serial                 SKIPPED
native-tft                        test_afsk                   SKIPPED
native-tft                        test_atak                   SKIPPED
native-fb                         test_radio                  SKIPPED
native-fb                         test_meshpacket_serializer  SKIPPED
native-fb                         test_transmit_history       SKIPPED
native-fb                         test_crypto                 SKIPPED
native-fb                         test_mqtt                   SKIPPED
native-fb                         test_default                SKIPPED
native-fb                         test_mesh_module            SKIPPED
native-fb                         test_http_content_handler   SKIPPED
native-fb                         test_serial                 SKIPPED
native-fb                         test_afsk                   SKIPPED
native-fb                         test_atak                   SKIPPED
native-tft-debug                  test_radio                  SKIPPED
native-tft-debug                  test_meshpacket_serializer  SKIPPED
native-tft-debug                  test_transmit_history       SKIPPED
native-tft-debug                  test_crypto                 SKIPPED
native-tft-debug                  test_mqtt                   SKIPPED
native-tft-debug                  test_default                SKIPPED
native-tft-debug                  test_mesh_module            SKIPPED
native-tft-debug                  test_http_content_handler   SKIPPED
native-tft-debug                  test_serial                 SKIPPED
native-tft-debug                  test_afsk                   SKIPPED
native-tft-debug                  test_atak                   SKIPPED
coverage                          test_radio                  SKIPPED
coverage                          test_meshpacket_serializer  SKIPPED
coverage                          test_transmit_history       SKIPPED
coverage                          test_crypto                 SKIPPED
coverage                          test_mqtt                   SKIPPED
coverage                          test_default                SKIPPED
coverage                          test_mesh_module            SKIPPED
coverage                          test_http_content_handler   SKIPPED
coverage                          test_serial                 SKIPPED
coverage                          test_afsk                   SKIPPED
coverage                          test_atak                   SKIPPED
heltec-ht62-esp32c3-sx1262        test_radio                  SKIPPED
heltec-ht62-esp32c3-sx1262        test_meshpacket_serializer  SKIPPED
heltec-ht62-esp32c3-sx1262        test_transmit_history       SKIPPED
heltec-ht62-esp32c3-sx1262        test_crypto                 SKIPPED
heltec-ht62-esp32c3-sx1262        test_mqtt                   SKIPPED
heltec-ht62-esp32c3-sx1262        test_default                SKIPPED
heltec-ht62-esp32c3-sx1262        test_mesh_module            SKIPPED
heltec-ht62-esp32c3-sx1262        test_http_content_handler   SKIPPED
heltec-ht62-esp32c3-sx1262        test_serial                 SKIPPED
heltec-ht62-esp32c3-sx1262        test_afsk                   SKIPPED
heltec-ht62-esp32c3-sx1262        test_atak                   SKIPPED
m5stack-stamp-c3                  test_radio                  SKIPPED
m5stack-stamp-c3                  test_meshpacket_serializer  SKIPPED
m5stack-stamp-c3                  test_transmit_history       SKIPPED
m5stack-stamp-c3                  test_crypto                 SKIPPED
m5stack-stamp-c3                  test_mqtt                   SKIPPED
m5stack-stamp-c3                  test_default                SKIPPED
m5stack-stamp-c3                  test_mesh_module            SKIPPED
m5stack-stamp-c3                  test_http_content_handler   SKIPPED
m5stack-stamp-c3                  test_serial                 SKIPPED
m5stack-stamp-c3                  test_afsk                   SKIPPED
m5stack-stamp-c3                  test_atak                   SKIPPED
heltec-hru-3601                   test_radio                  SKIPPED
heltec-hru-3601                   test_meshpacket_serializer  SKIPPED
heltec-hru-3601                   test_transmit_history       SKIPPED
heltec-hru-3601                   test_crypto                 SKIPPED
heltec-hru-3601                   test_mqtt                   SKIPPED
heltec-hru-3601                   test_default                SKIPPED
heltec-hru-3601                   test_mesh_module            SKIPPED
heltec-hru-3601                   test_http_content_handler   SKIPPED
heltec-hru-3601                   test_serial                 SKIPPED
heltec-hru-3601                   test_afsk                   SKIPPED
heltec-hru-3601                   test_atak                   SKIPPED
ai-c3                             test_radio                  SKIPPED
ai-c3                             test_meshpacket_serializer  SKIPPED
ai-c3                             test_transmit_history       SKIPPED
ai-c3                             test_crypto                 SKIPPED
ai-c3                             test_mqtt                   SKIPPED
ai-c3                             test_default                SKIPPED
ai-c3                             test_mesh_module            SKIPPED
ai-c3                             test_http_content_handler   SKIPPED
ai-c3                             test_serial                 SKIPPED
ai-c3                             test_afsk                   SKIPPED
ai-c3                             test_atak                   SKIPPED
hackerboxes-esp32c3-oled          test_radio                  SKIPPED
hackerboxes-esp32c3-oled          test_meshpacket_serializer  SKIPPED
hackerboxes-esp32c3-oled          test_transmit_history       SKIPPED
hackerboxes-esp32c3-oled          test_crypto                 SKIPPED
hackerboxes-esp32c3-oled          test_mqtt                   SKIPPED
hackerboxes-esp32c3-oled          test_default                SKIPPED
hackerboxes-esp32c3-oled          test_mesh_module            SKIPPED
hackerboxes-esp32c3-oled          test_http_content_handler   SKIPPED
hackerboxes-esp32c3-oled          test_serial                 SKIPPED
hackerboxes-esp32c3-oled          test_afsk                   SKIPPED
hackerboxes-esp32c3-oled          test_atak                   SKIPPED
m5stack-core                      test_radio                  SKIPPED
m5stack-core                      test_meshpacket_serializer  SKIPPED
m5stack-core                      test_transmit_history       SKIPPED
m5stack-core                      test_crypto                 SKIPPED
m5stack-core                      test_mqtt                   SKIPPED
m5stack-core                      test_default                SKIPPED
m5stack-core                      test_mesh_module            SKIPPED
m5stack-core                      test_http_content_handler   SKIPPED
m5stack-core                      test_serial                 SKIPPED
m5stack-core                      test_afsk                   SKIPPED
m5stack-core                      test_atak                   SKIPPED
nano-g1-explorer                  test_radio                  SKIPPED
nano-g1-explorer                  test_meshpacket_serializer  SKIPPED
nano-g1-explorer                  test_transmit_history       SKIPPED
nano-g1-explorer                  test_crypto                 SKIPPED
nano-g1-explorer                  test_mqtt                   SKIPPED
nano-g1-explorer                  test_default                SKIPPED
nano-g1-explorer                  test_mesh_module            SKIPPED
nano-g1-explorer                  test_http_content_handler   SKIPPED
nano-g1-explorer                  test_serial                 SKIPPED
nano-g1-explorer                  test_afsk                   SKIPPED
nano-g1-explorer                  test_atak                   SKIPPED
tbeam0_7                          test_radio                  SKIPPED
tbeam0_7                          test_meshpacket_serializer  SKIPPED
tbeam0_7                          test_transmit_history       SKIPPED
tbeam0_7                          test_crypto                 SKIPPED
tbeam0_7                          test_mqtt                   SKIPPED
tbeam0_7                          test_default                SKIPPED
tbeam0_7                          test_mesh_module            SKIPPED
tbeam0_7                          test_http_content_handler   SKIPPED
tbeam0_7                          test_serial                 SKIPPED
tbeam0_7                          test_afsk                   SKIPPED
tbeam0_7                          test_atak                   SKIPPED
radiomaster_900_bandit_micro      test_radio                  SKIPPED
radiomaster_900_bandit_micro      test_meshpacket_serializer  SKIPPED
radiomaster_900_bandit_micro      test_transmit_history       SKIPPED
radiomaster_900_bandit_micro      test_crypto                 SKIPPED
radiomaster_900_bandit_micro      test_mqtt                   SKIPPED
radiomaster_900_bandit_micro      test_default                SKIPPED
radiomaster_900_bandit_micro      test_mesh_module            SKIPPED
radiomaster_900_bandit_micro      test_http_content_handler   SKIPPED
radiomaster_900_bandit_micro      test_serial                 SKIPPED
radiomaster_900_bandit_micro      test_afsk                   SKIPPED
radiomaster_900_bandit_micro      test_atak                   SKIPPED
heltec-v1                         test_radio                  SKIPPED
heltec-v1                         test_meshpacket_serializer  SKIPPED
heltec-v1                         test_transmit_history       SKIPPED
heltec-v1                         test_crypto                 SKIPPED
heltec-v1                         test_mqtt                   SKIPPED
heltec-v1                         test_default                SKIPPED
heltec-v1                         test_mesh_module            SKIPPED
heltec-v1                         test_http_content_handler   SKIPPED
heltec-v1                         test_serial                 SKIPPED
heltec-v1                         test_afsk                   SKIPPED
heltec-v1                         test_atak                   SKIPPED
tlora_v1_3                        test_radio                  SKIPPED
tlora_v1_3                        test_meshpacket_serializer  SKIPPED
tlora_v1_3                        test_transmit_history       SKIPPED
tlora_v1_3                        test_crypto                 SKIPPED
tlora_v1_3                        test_mqtt                   SKIPPED
tlora_v1_3                        test_default                SKIPPED
tlora_v1_3                        test_mesh_module            SKIPPED
tlora_v1_3                        test_http_content_handler   SKIPPED
tlora_v1_3                        test_serial                 SKIPPED
tlora_v1_3                        test_afsk                   SKIPPED
tlora_v1_3                        test_atak                   SKIPPED
tlora-v1                          test_radio                  SKIPPED
tlora-v1                          test_meshpacket_serializer  SKIPPED
tlora-v1                          test_transmit_history       SKIPPED
tlora-v1                          test_crypto                 SKIPPED
tlora-v1                          test_mqtt                   SKIPPED
tlora-v1                          test_default                SKIPPED
tlora-v1                          test_mesh_module            SKIPPED
tlora-v1                          test_http_content_handler   SKIPPED
tlora-v1                          test_serial                 SKIPPED
tlora-v1                          test_afsk                   SKIPPED
tlora-v1                          test_atak                   SKIPPED
heltec-wsl-v2_1                   test_radio                  SKIPPED
heltec-wsl-v2_1                   test_meshpacket_serializer  SKIPPED
heltec-wsl-v2_1                   test_transmit_history       SKIPPED
heltec-wsl-v2_1                   test_crypto                 SKIPPED
heltec-wsl-v2_1                   test_mqtt                   SKIPPED
heltec-wsl-v2_1                   test_default                SKIPPED
heltec-wsl-v2_1                   test_mesh_module            SKIPPED
heltec-wsl-v2_1                   test_http_content_handler   SKIPPED
heltec-wsl-v2_1                   test_serial                 SKIPPED
heltec-wsl-v2_1                   test_afsk                   SKIPPED
heltec-wsl-v2_1                   test_atak                   SKIPPED
tbeam                             test_radio                  SKIPPED
tbeam                             test_meshpacket_serializer  SKIPPED
tbeam                             test_transmit_history       SKIPPED
tbeam                             test_crypto                 SKIPPED
tbeam                             test_mqtt                   SKIPPED
tbeam                             test_default                SKIPPED
tbeam                             test_mesh_module            SKIPPED
tbeam                             test_http_content_handler   SKIPPED
tbeam                             test_serial                 SKIPPED
tbeam                             test_afsk                   SKIPPED
tbeam                             test_atak                   SKIPPED
tbeam-displayshield               test_radio                  SKIPPED
tbeam-displayshield               test_meshpacket_serializer  SKIPPED
tbeam-displayshield               test_transmit_history       SKIPPED
tbeam-displayshield               test_crypto                 SKIPPED
tbeam-displayshield               test_mqtt                   SKIPPED
tbeam-displayshield               test_default                SKIPPED
tbeam-displayshield               test_mesh_module            SKIPPED
tbeam-displayshield               test_http_content_handler   SKIPPED
tbeam-displayshield               test_serial                 SKIPPED
tbeam-displayshield               test_afsk                   SKIPPED
tbeam-displayshield               test_atak                   SKIPPED
m5stack-coreink                   test_radio                  SKIPPED
m5stack-coreink                   test_meshpacket_serializer  SKIPPED
m5stack-coreink                   test_transmit_history       SKIPPED
m5stack-coreink                   test_crypto                 SKIPPED
m5stack-coreink                   test_mqtt                   SKIPPED
m5stack-coreink                   test_default                SKIPPED
m5stack-coreink                   test_mesh_module            SKIPPED
m5stack-coreink                   test_http_content_handler   SKIPPED
m5stack-coreink                   test_serial                 SKIPPED
m5stack-coreink                   test_afsk                   SKIPPED
m5stack-coreink                   test_atak                   SKIPPED
betafpv_900_tx_nano               test_radio                  SKIPPED
betafpv_900_tx_nano               test_meshpacket_serializer  SKIPPED
betafpv_900_tx_nano               test_transmit_history       SKIPPED
betafpv_900_tx_nano               test_crypto                 SKIPPED
betafpv_900_tx_nano               test_mqtt                   SKIPPED
betafpv_900_tx_nano               test_default                SKIPPED
betafpv_900_tx_nano               test_mesh_module            SKIPPED
betafpv_900_tx_nano               test_http_content_handler   SKIPPED
betafpv_900_tx_nano               test_serial                 SKIPPED
betafpv_900_tx_nano               test_afsk                   SKIPPED
betafpv_900_tx_nano               test_atak                   SKIPPED
tlora-v2-1-1_6-tcxo               test_radio                  SKIPPED
tlora-v2-1-1_6-tcxo               test_meshpacket_serializer  SKIPPED
tlora-v2-1-1_6-tcxo               test_transmit_history       SKIPPED
tlora-v2-1-1_6-tcxo               test_crypto                 SKIPPED
tlora-v2-1-1_6-tcxo               test_mqtt                   SKIPPED
tlora-v2-1-1_6-tcxo               test_default                SKIPPED
tlora-v2-1-1_6-tcxo               test_mesh_module            SKIPPED
tlora-v2-1-1_6-tcxo               test_http_content_handler   SKIPPED
tlora-v2-1-1_6-tcxo               test_serial                 SKIPPED
tlora-v2-1-1_6-tcxo               test_afsk                   SKIPPED
tlora-v2-1-1_6-tcxo               test_atak                   SKIPPED
betafpv_2400_tx_micro             test_radio                  SKIPPED
betafpv_2400_tx_micro             test_meshpacket_serializer  SKIPPED
betafpv_2400_tx_micro             test_transmit_history       SKIPPED
betafpv_2400_tx_micro             test_crypto                 SKIPPED
betafpv_2400_tx_micro             test_mqtt                   SKIPPED
betafpv_2400_tx_micro             test_default                SKIPPED
betafpv_2400_tx_micro             test_mesh_module            SKIPPED
betafpv_2400_tx_micro             test_http_content_handler   SKIPPED
betafpv_2400_tx_micro             test_serial                 SKIPPED
betafpv_2400_tx_micro             test_afsk                   SKIPPED
betafpv_2400_tx_micro             test_atak                   SKIPPED
rak11200                          test_radio                  SKIPPED
rak11200                          test_meshpacket_serializer  SKIPPED
rak11200                          test_transmit_history       SKIPPED
rak11200                          test_crypto                 SKIPPED
rak11200                          test_mqtt                   SKIPPED
rak11200                          test_default                SKIPPED
rak11200                          test_mesh_module            SKIPPED
rak11200                          test_http_content_handler   SKIPPED
rak11200                          test_serial                 SKIPPED
rak11200                          test_afsk                   SKIPPED
rak11200                          test_atak                   SKIPPED
heltec-wireless-bridge            test_radio                  SKIPPED
heltec-wireless-bridge            test_meshpacket_serializer  SKIPPED
heltec-wireless-bridge            test_transmit_history       SKIPPED
heltec-wireless-bridge            test_crypto                 SKIPPED
heltec-wireless-bridge            test_mqtt                   SKIPPED
heltec-wireless-bridge            test_default                SKIPPED
heltec-wireless-bridge            test_mesh_module            SKIPPED
heltec-wireless-bridge            test_http_content_handler   SKIPPED
heltec-wireless-bridge            test_serial                 SKIPPED
heltec-wireless-bridge            test_afsk                   SKIPPED
heltec-wireless-bridge            test_atak                   SKIPPED
tlora-v2                          test_radio                  SKIPPED
tlora-v2                          test_meshpacket_serializer  SKIPPED
tlora-v2                          test_transmit_history       SKIPPED
tlora-v2                          test_crypto                 SKIPPED
tlora-v2                          test_mqtt                   SKIPPED
tlora-v2                          test_default                SKIPPED
tlora-v2                          test_mesh_module            SKIPPED
tlora-v2                          test_http_content_handler   SKIPPED
tlora-v2                          test_serial                 SKIPPED
tlora-v2                          test_afsk                   SKIPPED
tlora-v2                          test_atak                   SKIPPED
heltec-v2_0                       test_radio                  SKIPPED
heltec-v2_0                       test_meshpacket_serializer  SKIPPED
heltec-v2_0                       test_transmit_history       SKIPPED
heltec-v2_0                       test_crypto                 SKIPPED
heltec-v2_0                       test_mqtt                   SKIPPED
heltec-v2_0                       test_default                SKIPPED
heltec-v2_0                       test_mesh_module            SKIPPED
heltec-v2_0                       test_http_content_handler   SKIPPED
heltec-v2_0                       test_serial                 SKIPPED
heltec-v2_0                       test_afsk                   SKIPPED
heltec-v2_0                       test_atak                   SKIPPED
tlora-v3-3-0-tcxo                 test_radio                  SKIPPED
tlora-v3-3-0-tcxo                 test_meshpacket_serializer  SKIPPED
tlora-v3-3-0-tcxo                 test_transmit_history       SKIPPED
tlora-v3-3-0-tcxo                 test_crypto                 SKIPPED
tlora-v3-3-0-tcxo                 test_mqtt                   SKIPPED
tlora-v3-3-0-tcxo                 test_default                SKIPPED
tlora-v3-3-0-tcxo                 test_mesh_module            SKIPPED
tlora-v3-3-0-tcxo                 test_http_content_handler   SKIPPED
tlora-v3-3-0-tcxo                 test_serial                 SKIPPED
tlora-v3-3-0-tcxo                 test_afsk                   SKIPPED
tlora-v3-3-0-tcxo                 test_atak                   SKIPPED
wiphone                           test_radio                  SKIPPED
wiphone                           test_meshpacket_serializer  SKIPPED
wiphone                           test_transmit_history       SKIPPED
wiphone                           test_crypto                 SKIPPED
wiphone                           test_mqtt                   SKIPPED
wiphone                           test_default                SKIPPED
wiphone                           test_mesh_module            SKIPPED
wiphone                           test_http_content_handler   SKIPPED
wiphone                           test_serial                 SKIPPED
wiphone                           test_afsk                   SKIPPED
wiphone                           test_atak                   SKIPPED
radiomaster_900_bandit            test_radio                  SKIPPED
radiomaster_900_bandit            test_meshpacket_serializer  SKIPPED
radiomaster_900_bandit            test_transmit_history       SKIPPED
radiomaster_900_bandit            test_crypto                 SKIPPED
radiomaster_900_bandit            test_mqtt                   SKIPPED
radiomaster_900_bandit            test_default                SKIPPED
radiomaster_900_bandit            test_mesh_module            SKIPPED
radiomaster_900_bandit            test_http_content_handler   SKIPPED
radiomaster_900_bandit            test_serial                 SKIPPED
radiomaster_900_bandit            test_afsk                   SKIPPED
radiomaster_900_bandit            test_atak                   SKIPPED
radiomaster_900_bandit_nano       test_radio                  SKIPPED
radiomaster_900_bandit_nano       test_meshpacket_serializer  SKIPPED
radiomaster_900_bandit_nano       test_transmit_history       SKIPPED
radiomaster_900_bandit_nano       test_crypto                 SKIPPED
radiomaster_900_bandit_nano       test_mqtt                   SKIPPED
radiomaster_900_bandit_nano       test_default                SKIPPED
radiomaster_900_bandit_nano       test_mesh_module            SKIPPED
radiomaster_900_bandit_nano       test_http_content_handler   SKIPPED
radiomaster_900_bandit_nano       test_serial                 SKIPPED
radiomaster_900_bandit_nano       test_afsk                   SKIPPED
radiomaster_900_bandit_nano       test_atak                   SKIPPED
tlora-v2-1-1_6                    test_radio                  SKIPPED
tlora-v2-1-1_6                    test_meshpacket_serializer  SKIPPED
tlora-v2-1-1_6                    test_transmit_history       SKIPPED
tlora-v2-1-1_6                    test_crypto                 SKIPPED
tlora-v2-1-1_6                    test_mqtt                   SKIPPED
tlora-v2-1-1_6                    test_default                SKIPPED
tlora-v2-1-1_6                    test_mesh_module            SKIPPED
tlora-v2-1-1_6                    test_http_content_handler   SKIPPED
tlora-v2-1-1_6                    test_serial                 SKIPPED
tlora-v2-1-1_6                    test_afsk                   SKIPPED
tlora-v2-1-1_6                    test_atak                   SKIPPED
sugarcube                         test_radio                  SKIPPED
sugarcube                         test_meshpacket_serializer  SKIPPED
sugarcube                         test_transmit_history       SKIPPED
sugarcube                         test_crypto                 SKIPPED
sugarcube                         test_mqtt                   SKIPPED
sugarcube                         test_default                SKIPPED
sugarcube                         test_mesh_module            SKIPPED
sugarcube                         test_http_content_handler   SKIPPED
sugarcube                         test_serial                 SKIPPED
sugarcube                         test_afsk                   SKIPPED
sugarcube                         test_atak                   SKIPPED
trackerd                          test_radio                  SKIPPED
trackerd                          test_meshpacket_serializer  SKIPPED
trackerd                          test_transmit_history       SKIPPED
trackerd                          test_crypto                 SKIPPED
trackerd                          test_mqtt                   SKIPPED
trackerd                          test_default                SKIPPED
trackerd                          test_mesh_module            SKIPPED
trackerd                          test_http_content_handler   SKIPPED
trackerd                          test_serial                 SKIPPED
trackerd                          test_afsk                   SKIPPED
trackerd                          test_atak                   SKIPPED
tlora-v2-1-1_8                    test_radio                  SKIPPED
tlora-v2-1-1_8                    test_meshpacket_serializer  SKIPPED
tlora-v2-1-1_8                    test_transmit_history       SKIPPED
tlora-v2-1-1_8                    test_crypto                 SKIPPED
tlora-v2-1-1_8                    test_mqtt                   SKIPPED
tlora-v2-1-1_8                    test_default                SKIPPED
tlora-v2-1-1_8                    test_mesh_module            SKIPPED
tlora-v2-1-1_8                    test_http_content_handler   SKIPPED
tlora-v2-1-1_8                    test_serial                 SKIPPED
tlora-v2-1-1_8                    test_afsk                   SKIPPED
tlora-v2-1-1_8                    test_atak                   SKIPPED
heltec-v2_1                       test_radio                  SKIPPED
heltec-v2_1                       test_meshpacket_serializer  SKIPPED
heltec-v2_1                       test_transmit_history       SKIPPED
heltec-v2_1                       test_crypto                 SKIPPED
heltec-v2_1                       test_mqtt                   SKIPPED
heltec-v2_1                       test_default                SKIPPED
heltec-v2_1                       test_mesh_module            SKIPPED
heltec-v2_1                       test_http_content_handler   SKIPPED
heltec-v2_1                       test_serial                 SKIPPED
heltec-v2_1                       test_afsk                   SKIPPED
heltec-v2_1                       test_atak                   SKIPPED
hackerboxes-esp32-io              test_radio                  SKIPPED
hackerboxes-esp32-io              test_meshpacket_serializer  SKIPPED
hackerboxes-esp32-io              test_transmit_history       SKIPPED
hackerboxes-esp32-io              test_crypto                 SKIPPED
hackerboxes-esp32-io              test_mqtt                   SKIPPED
hackerboxes-esp32-io              test_default                SKIPPED
hackerboxes-esp32-io              test_mesh_module            SKIPPED
hackerboxes-esp32-io              test_http_content_handler   SKIPPED
hackerboxes-esp32-io              test_serial                 SKIPPED
hackerboxes-esp32-io              test_afsk                   SKIPPED
hackerboxes-esp32-io              test_atak                   SKIPPED
chatter2                          test_radio                  SKIPPED
chatter2                          test_meshpacket_serializer  SKIPPED
chatter2                          test_transmit_history       SKIPPED
chatter2                          test_crypto                 SKIPPED
chatter2                          test_mqtt                   SKIPPED
chatter2                          test_default                SKIPPED
chatter2                          test_mesh_module            SKIPPED
chatter2                          test_http_content_handler   SKIPPED
chatter2                          test_serial                 SKIPPED
chatter2                          test_afsk                   SKIPPED
chatter2                          test_atak                   SKIPPED
station-g1                        test_radio                  SKIPPED
station-g1                        test_meshpacket_serializer  SKIPPED
station-g1                        test_transmit_history       SKIPPED
station-g1                        test_crypto                 SKIPPED
station-g1                        test_mqtt                   SKIPPED
station-g1                        test_default                SKIPPED
station-g1                        test_mesh_module            SKIPPED
station-g1                        test_http_content_handler   SKIPPED
station-g1                        test_serial                 SKIPPED
station-g1                        test_afsk                   SKIPPED
station-g1                        test_atak                   SKIPPED
nano-g1                           test_radio                  SKIPPED
nano-g1                           test_meshpacket_serializer  SKIPPED
nano-g1                           test_transmit_history       SKIPPED
nano-g1                           test_crypto                 SKIPPED
nano-g1                           test_mqtt                   SKIPPED
nano-g1                           test_default                SKIPPED
nano-g1                           test_mesh_module            SKIPPED
nano-g1                           test_http_content_handler   SKIPPED
nano-g1                           test_serial                 SKIPPED
nano-g1                           test_afsk                   SKIPPED
nano-g1                           test_atak                   SKIPPED
russell                           test_radio                  SKIPPED
russell                           test_meshpacket_serializer  SKIPPED
russell                           test_transmit_history       SKIPPED
russell                           test_crypto                 SKIPPED
russell                           test_mqtt                   SKIPPED
russell                           test_default                SKIPPED
russell                           test_mesh_module            SKIPPED
russell                           test_http_content_handler   SKIPPED
russell                           test_serial                 SKIPPED
russell                           test_afsk                   SKIPPED
russell                           test_atak                   SKIPPED
wio-e5                            test_radio                  SKIPPED
wio-e5                            test_meshpacket_serializer  SKIPPED
wio-e5                            test_transmit_history       SKIPPED
wio-e5                            test_crypto                 SKIPPED
wio-e5                            test_mqtt                   SKIPPED
wio-e5                            test_default                SKIPPED
wio-e5                            test_mesh_module            SKIPPED
wio-e5                            test_http_content_handler   SKIPPED
wio-e5                            test_serial                 SKIPPED
wio-e5                            test_afsk                   SKIPPED
wio-e5                            test_atak                   SKIPPED
rak3172                           test_radio                  SKIPPED
rak3172                           test_meshpacket_serializer  SKIPPED
rak3172                           test_transmit_history       SKIPPED
rak3172                           test_crypto                 SKIPPED
rak3172                           test_mqtt                   SKIPPED
rak3172                           test_default                SKIPPED
rak3172                           test_mesh_module            SKIPPED
rak3172                           test_http_content_handler   SKIPPED
rak3172                           test_serial                 SKIPPED
rak3172                           test_afsk                   SKIPPED
rak3172                           test_atak                   SKIPPED
milesight_gs301                   test_radio                  SKIPPED
milesight_gs301                   test_meshpacket_serializer  SKIPPED
milesight_gs301                   test_transmit_history       SKIPPED
milesight_gs301                   test_crypto                 SKIPPED
milesight_gs301                   test_mqtt                   SKIPPED
milesight_gs301                   test_default                SKIPPED
milesight_gs301                   test_mesh_module            SKIPPED
milesight_gs301                   test_http_content_handler   SKIPPED
milesight_gs301                   test_serial                 SKIPPED
milesight_gs301                   test_afsk                   SKIPPED
milesight_gs301                   test_atak                   SKIPPED
CDEBYTE_E77-MBL                   test_radio                  SKIPPED
CDEBYTE_E77-MBL                   test_meshpacket_serializer  SKIPPED
CDEBYTE_E77-MBL                   test_transmit_history       SKIPPED
CDEBYTE_E77-MBL                   test_crypto                 SKIPPED
CDEBYTE_E77-MBL                   test_mqtt                   SKIPPED
CDEBYTE_E77-MBL                   test_default                SKIPPED
CDEBYTE_E77-MBL                   test_mesh_module            SKIPPED
CDEBYTE_E77-MBL                   test_http_content_handler   SKIPPED
CDEBYTE_E77-MBL                   test_serial                 SKIPPED
CDEBYTE_E77-MBL                   test_afsk                   SKIPPED
CDEBYTE_E77-MBL                   test_atak                   SKIPPED
meshtiny                          test_radio                  SKIPPED
meshtiny                          test_meshpacket_serializer  SKIPPED
meshtiny                          test_transmit_history       SKIPPED
meshtiny                          test_crypto                 SKIPPED
meshtiny                          test_mqtt                   SKIPPED
meshtiny                          test_default                SKIPPED
meshtiny                          test_mesh_module            SKIPPED
meshtiny                          test_http_content_handler   SKIPPED
meshtiny                          test_serial                 SKIPPED
meshtiny                          test_afsk                   SKIPPED
meshtiny                          test_atak                   SKIPPED
meshlink                          test_radio                  SKIPPED
meshlink                          test_meshpacket_serializer  SKIPPED
meshlink                          test_transmit_history       SKIPPED
meshlink                          test_crypto                 SKIPPED
meshlink                          test_mqtt                   SKIPPED
meshlink                          test_default                SKIPPED
meshlink                          test_mesh_module            SKIPPED
meshlink                          test_http_content_handler   SKIPPED
meshlink                          test_serial                 SKIPPED
meshlink                          test_afsk                   SKIPPED
meshlink                          test_atak                   SKIPPED
meshlink_eink                     test_radio                  SKIPPED
meshlink_eink                     test_meshpacket_serializer  SKIPPED
meshlink_eink                     test_transmit_history       SKIPPED
meshlink_eink                     test_crypto                 SKIPPED
meshlink_eink                     test_mqtt                   SKIPPED
meshlink_eink                     test_default                SKIPPED
meshlink_eink                     test_mesh_module            SKIPPED
meshlink_eink                     test_http_content_handler   SKIPPED
meshlink_eink                     test_serial                 SKIPPED
meshlink_eink                     test_afsk                   SKIPPED
meshlink_eink                     test_atak                   SKIPPED
gat562_mesh_trial_tracker         test_radio                  SKIPPED
gat562_mesh_trial_tracker         test_meshpacket_serializer  SKIPPED
gat562_mesh_trial_tracker         test_transmit_history       SKIPPED
gat562_mesh_trial_tracker         test_crypto                 SKIPPED
gat562_mesh_trial_tracker         test_mqtt                   SKIPPED
gat562_mesh_trial_tracker         test_default                SKIPPED
gat562_mesh_trial_tracker         test_mesh_module            SKIPPED
gat562_mesh_trial_tracker         test_http_content_handler   SKIPPED
gat562_mesh_trial_tracker         test_serial                 SKIPPED
gat562_mesh_trial_tracker         test_afsk                   SKIPPED
gat562_mesh_trial_tracker         test_atak                   SKIPPED
seeed_wio_tracker_L1              test_radio                  SKIPPED
seeed_wio_tracker_L1              test_meshpacket_serializer  SKIPPED
seeed_wio_tracker_L1              test_transmit_history       SKIPPED
seeed_wio_tracker_L1              test_crypto                 SKIPPED
seeed_wio_tracker_L1              test_mqtt                   SKIPPED
seeed_wio_tracker_L1              test_default                SKIPPED
seeed_wio_tracker_L1              test_mesh_module            SKIPPED
seeed_wio_tracker_L1              test_http_content_handler   SKIPPED
seeed_wio_tracker_L1              test_serial                 SKIPPED
seeed_wio_tracker_L1              test_afsk                   SKIPPED
seeed_wio_tracker_L1              test_atak                   SKIPPED
makerpython_nrf52840_sx1280_oled  test_radio                  SKIPPED
makerpython_nrf52840_sx1280_oled  test_meshpacket_serializer  SKIPPED
makerpython_nrf52840_sx1280_oled  test_transmit_history       SKIPPED
makerpython_nrf52840_sx1280_oled  test_crypto                 SKIPPED
makerpython_nrf52840_sx1280_oled  test_mqtt                   SKIPPED
makerpython_nrf52840_sx1280_oled  test_default                SKIPPED
makerpython_nrf52840_sx1280_oled  test_mesh_module            SKIPPED
makerpython_nrf52840_sx1280_oled  test_http_content_handler   SKIPPED
makerpython_nrf52840_sx1280_oled  test_serial                 SKIPPED
makerpython_nrf52840_sx1280_oled  test_afsk                   SKIPPED
makerpython_nrf52840_sx1280_oled  test_atak                   SKIPPED
wio-tracker-wm1110                test_radio                  SKIPPED
wio-tracker-wm1110                test_meshpacket_serializer  SKIPPED
wio-tracker-wm1110                test_transmit_history       SKIPPED
wio-tracker-wm1110                test_crypto                 SKIPPED
wio-tracker-wm1110                test_mqtt                   SKIPPED
wio-tracker-wm1110                test_default                SKIPPED
wio-tracker-wm1110                test_mesh_module            SKIPPED
wio-tracker-wm1110                test_http_content_handler   SKIPPED
wio-tracker-wm1110                test_serial                 SKIPPED
wio-tracker-wm1110                test_afsk                   SKIPPED
wio-tracker-wm1110                test_atak                   SKIPPED
ME25LS01-4Y10TD                   test_radio                  SKIPPED
ME25LS01-4Y10TD                   test_meshpacket_serializer  SKIPPED
ME25LS01-4Y10TD                   test_transmit_history       SKIPPED
ME25LS01-4Y10TD                   test_crypto                 SKIPPED
ME25LS01-4Y10TD                   test_mqtt                   SKIPPED
ME25LS01-4Y10TD                   test_default                SKIPPED
ME25LS01-4Y10TD                   test_mesh_module            SKIPPED
ME25LS01-4Y10TD                   test_http_content_handler   SKIPPED
ME25LS01-4Y10TD                   test_serial                 SKIPPED
ME25LS01-4Y10TD                   test_afsk                   SKIPPED
ME25LS01-4Y10TD                   test_atak                   SKIPPED
monteops_hw1                      test_radio                  SKIPPED
monteops_hw1                      test_meshpacket_serializer  SKIPPED
monteops_hw1                      test_transmit_history       SKIPPED
monteops_hw1                      test_crypto                 SKIPPED
monteops_hw1                      test_mqtt                   SKIPPED
monteops_hw1                      test_default                SKIPPED
monteops_hw1                      test_mesh_module            SKIPPED
monteops_hw1                      test_http_content_handler   SKIPPED
monteops_hw1                      test_serial                 SKIPPED
monteops_hw1                      test_afsk                   SKIPPED
monteops_hw1                      test_atak                   SKIPPED
minimesh_lite                     test_radio                  SKIPPED
minimesh_lite                     test_meshpacket_serializer  SKIPPED
minimesh_lite                     test_transmit_history       SKIPPED
minimesh_lite                     test_crypto                 SKIPPED
minimesh_lite                     test_mqtt                   SKIPPED
minimesh_lite                     test_default                SKIPPED
minimesh_lite                     test_mesh_module            SKIPPED
minimesh_lite                     test_http_content_handler   SKIPPED
minimesh_lite                     test_serial                 SKIPPED
minimesh_lite                     test_afsk                   SKIPPED
minimesh_lite                     test_atak                   SKIPPED
heltec-mesh-node-t114-inkhud      test_radio                  SKIPPED
heltec-mesh-node-t114-inkhud      test_meshpacket_serializer  SKIPPED
heltec-mesh-node-t114-inkhud      test_transmit_history       SKIPPED
heltec-mesh-node-t114-inkhud      test_crypto                 SKIPPED
heltec-mesh-node-t114-inkhud      test_mqtt                   SKIPPED
heltec-mesh-node-t114-inkhud      test_default                SKIPPED
heltec-mesh-node-t114-inkhud      test_mesh_module            SKIPPED
heltec-mesh-node-t114-inkhud      test_http_content_handler   SKIPPED
heltec-mesh-node-t114-inkhud      test_serial                 SKIPPED
heltec-mesh-node-t114-inkhud      test_afsk                   SKIPPED
heltec-mesh-node-t114-inkhud      test_atak                   SKIPPED
heltec-mesh-solar                 test_radio                  SKIPPED
heltec-mesh-solar                 test_meshpacket_serializer  SKIPPED
heltec-mesh-solar                 test_transmit_history       SKIPPED
heltec-mesh-solar                 test_crypto                 SKIPPED
heltec-mesh-solar                 test_mqtt                   SKIPPED
heltec-mesh-solar                 test_default                SKIPPED
heltec-mesh-solar                 test_mesh_module            SKIPPED
heltec-mesh-solar                 test_http_content_handler   SKIPPED
heltec-mesh-solar                 test_serial                 SKIPPED
heltec-mesh-solar                 test_afsk                   SKIPPED
heltec-mesh-solar                 test_atak                   SKIPPED
heltec-mesh-solar-eink            test_radio                  SKIPPED
heltec-mesh-solar-eink            test_meshpacket_serializer  SKIPPED
heltec-mesh-solar-eink            test_transmit_history       SKIPPED
heltec-mesh-solar-eink            test_crypto                 SKIPPED
heltec-mesh-solar-eink            test_mqtt                   SKIPPED
heltec-mesh-solar-eink            test_default                SKIPPED
heltec-mesh-solar-eink            test_mesh_module            SKIPPED
heltec-mesh-solar-eink            test_http_content_handler   SKIPPED
heltec-mesh-solar-eink            test_serial                 SKIPPED
heltec-mesh-solar-eink            test_afsk                   SKIPPED
heltec-mesh-solar-eink            test_atak                   SKIPPED
heltec-mesh-solar-inkhud          test_radio                  SKIPPED
heltec-mesh-solar-inkhud          test_meshpacket_serializer  SKIPPED
heltec-mesh-solar-inkhud          test_transmit_history       SKIPPED
heltec-mesh-solar-inkhud          test_crypto                 SKIPPED
heltec-mesh-solar-inkhud          test_mqtt                   SKIPPED
heltec-mesh-solar-inkhud          test_default                SKIPPED
heltec-mesh-solar-inkhud          test_mesh_module            SKIPPED
heltec-mesh-solar-inkhud          test_http_content_handler   SKIPPED
heltec-mesh-solar-inkhud          test_serial                 SKIPPED
heltec-mesh-solar-inkhud          test_afsk                   SKIPPED
heltec-mesh-solar-inkhud          test_atak                   SKIPPED
heltec-mesh-solar-oled            test_radio                  SKIPPED
heltec-mesh-solar-oled            test_meshpacket_serializer  SKIPPED
heltec-mesh-solar-oled            test_transmit_history       SKIPPED
heltec-mesh-solar-oled            test_crypto                 SKIPPED
heltec-mesh-solar-oled            test_mqtt                   SKIPPED
heltec-mesh-solar-oled            test_default                SKIPPED
heltec-mesh-solar-oled            test_mesh_module            SKIPPED
heltec-mesh-solar-oled            test_http_content_handler   SKIPPED
heltec-mesh-solar-oled            test_serial                 SKIPPED
heltec-mesh-solar-oled            test_afsk                   SKIPPED
heltec-mesh-solar-oled            test_atak                   SKIPPED
heltec-mesh-solar-tft             test_radio                  SKIPPED
heltec-mesh-solar-tft             test_meshpacket_serializer  SKIPPED
heltec-mesh-solar-tft             test_transmit_history       SKIPPED
heltec-mesh-solar-tft             test_crypto                 SKIPPED
heltec-mesh-solar-tft             test_mqtt                   SKIPPED
heltec-mesh-solar-tft             test_default                SKIPPED
heltec-mesh-solar-tft             test_mesh_module            SKIPPED
heltec-mesh-solar-tft             test_http_content_handler   SKIPPED
heltec-mesh-solar-tft             test_serial                 SKIPPED
heltec-mesh-solar-tft             test_afsk                   SKIPPED
heltec-mesh-solar-tft             test_atak                   SKIPPED
rak4631_eth_gw                    test_radio                  SKIPPED
rak4631_eth_gw                    test_meshpacket_serializer  SKIPPED
rak4631_eth_gw                    test_transmit_history       SKIPPED
rak4631_eth_gw                    test_crypto                 SKIPPED
rak4631_eth_gw                    test_mqtt                   SKIPPED
rak4631_eth_gw                    test_default                SKIPPED
rak4631_eth_gw                    test_mesh_module            SKIPPED
rak4631_eth_gw                    test_http_content_handler   SKIPPED
rak4631_eth_gw                    test_serial                 SKIPPED
rak4631_eth_gw                    test_afsk                   SKIPPED
rak4631_eth_gw                    test_atak                   SKIPPED
rak4631_eth_gw_dbg                test_radio                  SKIPPED
rak4631_eth_gw_dbg                test_meshpacket_serializer  SKIPPED
rak4631_eth_gw_dbg                test_transmit_history       SKIPPED
rak4631_eth_gw_dbg                test_crypto                 SKIPPED
rak4631_eth_gw_dbg                test_mqtt                   SKIPPED
rak4631_eth_gw_dbg                test_default                SKIPPED
rak4631_eth_gw_dbg                test_mesh_module            SKIPPED
rak4631_eth_gw_dbg                test_http_content_handler   SKIPPED
rak4631_eth_gw_dbg                test_serial                 SKIPPED
rak4631_eth_gw_dbg                test_afsk                   SKIPPED
rak4631_eth_gw_dbg                test_atak                   SKIPPED
heltec-mesh-pocket-5000           test_radio                  SKIPPED
heltec-mesh-pocket-5000           test_meshpacket_serializer  SKIPPED
heltec-mesh-pocket-5000           test_transmit_history       SKIPPED
heltec-mesh-pocket-5000           test_crypto                 SKIPPED
heltec-mesh-pocket-5000           test_mqtt                   SKIPPED
heltec-mesh-pocket-5000           test_default                SKIPPED
heltec-mesh-pocket-5000           test_mesh_module            SKIPPED
heltec-mesh-pocket-5000           test_http_content_handler   SKIPPED
heltec-mesh-pocket-5000           test_serial                 SKIPPED
heltec-mesh-pocket-5000           test_afsk                   SKIPPED
heltec-mesh-pocket-5000           test_atak                   SKIPPED
heltec-mesh-pocket-5000-inkhud    test_radio                  SKIPPED
heltec-mesh-pocket-5000-inkhud    test_meshpacket_serializer  SKIPPED
heltec-mesh-pocket-5000-inkhud    test_transmit_history       SKIPPED
heltec-mesh-pocket-5000-inkhud    test_crypto                 SKIPPED
heltec-mesh-pocket-5000-inkhud    test_mqtt                   SKIPPED
heltec-mesh-pocket-5000-inkhud    test_default                SKIPPED
heltec-mesh-pocket-5000-inkhud    test_mesh_module            SKIPPED
heltec-mesh-pocket-5000-inkhud    test_http_content_handler   SKIPPED
heltec-mesh-pocket-5000-inkhud    test_serial                 SKIPPED
heltec-mesh-pocket-5000-inkhud    test_afsk                   SKIPPED
heltec-mesh-pocket-5000-inkhud    test_atak                   SKIPPED
heltec-mesh-pocket-10000          test_radio                  SKIPPED
heltec-mesh-pocket-10000          test_meshpacket_serializer  SKIPPED
heltec-mesh-pocket-10000          test_transmit_history       SKIPPED
heltec-mesh-pocket-10000          test_crypto                 SKIPPED
heltec-mesh-pocket-10000          test_mqtt                   SKIPPED
heltec-mesh-pocket-10000          test_default                SKIPPED
heltec-mesh-pocket-10000          test_mesh_module            SKIPPED
heltec-mesh-pocket-10000          test_http_content_handler   SKIPPED
heltec-mesh-pocket-10000          test_serial                 SKIPPED
heltec-mesh-pocket-10000          test_afsk                   SKIPPED
heltec-mesh-pocket-10000          test_atak                   SKIPPED
heltec-mesh-pocket-10000-inkhud   test_radio                  SKIPPED
heltec-mesh-pocket-10000-inkhud   test_meshpacket_serializer  SKIPPED
heltec-mesh-pocket-10000-inkhud   test_transmit_history       SKIPPED
heltec-mesh-pocket-10000-inkhud   test_crypto                 SKIPPED
heltec-mesh-pocket-10000-inkhud   test_mqtt                   SKIPPED
heltec-mesh-pocket-10000-inkhud   test_default                SKIPPED
heltec-mesh-pocket-10000-inkhud   test_mesh_module            SKIPPED
heltec-mesh-pocket-10000-inkhud   test_http_content_handler   SKIPPED
heltec-mesh-pocket-10000-inkhud   test_serial                 SKIPPED
heltec-mesh-pocket-10000-inkhud   test_afsk                   SKIPPED
heltec-mesh-pocket-10000-inkhud   test_atak                   SKIPPED
ME25LS01-4Y10TD_e-ink             test_radio                  SKIPPED
ME25LS01-4Y10TD_e-ink             test_meshpacket_serializer  SKIPPED
ME25LS01-4Y10TD_e-ink             test_transmit_history       SKIPPED
ME25LS01-4Y10TD_e-ink             test_crypto                 SKIPPED
ME25LS01-4Y10TD_e-ink             test_mqtt                   SKIPPED
ME25LS01-4Y10TD_e-ink             test_default                SKIPPED
ME25LS01-4Y10TD_e-ink             test_mesh_module            SKIPPED
ME25LS01-4Y10TD_e-ink             test_http_content_handler   SKIPPED
ME25LS01-4Y10TD_e-ink             test_serial                 SKIPPED
ME25LS01-4Y10TD_e-ink             test_afsk                   SKIPPED
ME25LS01-4Y10TD_e-ink             test_atak                   SKIPPED
seeed_solar_node                  test_radio                  SKIPPED
seeed_solar_node                  test_meshpacket_serializer  SKIPPED
seeed_solar_node                  test_transmit_history       SKIPPED
seeed_solar_node                  test_crypto                 SKIPPED
seeed_solar_node                  test_mqtt                   SKIPPED
seeed_solar_node                  test_default                SKIPPED
seeed_solar_node                  test_mesh_module            SKIPPED
seeed_solar_node                  test_http_content_handler   SKIPPED
seeed_solar_node                  test_serial                 SKIPPED
seeed_solar_node                  test_afsk                   SKIPPED
seeed_solar_node                  test_atak                   SKIPPED
rak4631_eink                      test_radio                  SKIPPED
rak4631_eink                      test_meshpacket_serializer  SKIPPED
rak4631_eink                      test_transmit_history       SKIPPED
rak4631_eink                      test_crypto                 SKIPPED
rak4631_eink                      test_mqtt                   SKIPPED
rak4631_eink                      test_default                SKIPPED
rak4631_eink                      test_mesh_module            SKIPPED
rak4631_eink                      test_http_content_handler   SKIPPED
rak4631_eink                      test_serial                 SKIPPED
rak4631_eink                      test_afsk                   SKIPPED
rak4631_eink                      test_atak                   SKIPPED
tracker-t1000-e                   test_radio                  SKIPPED
tracker-t1000-e                   test_meshpacket_serializer  SKIPPED
tracker-t1000-e                   test_transmit_history       SKIPPED
tracker-t1000-e                   test_crypto                 SKIPPED
tracker-t1000-e                   test_mqtt                   SKIPPED
tracker-t1000-e                   test_default                SKIPPED
tracker-t1000-e                   test_mesh_module            SKIPPED
tracker-t1000-e                   test_http_content_handler   SKIPPED
tracker-t1000-e                   test_serial                 SKIPPED
tracker-t1000-e                   test_afsk                   SKIPPED
tracker-t1000-e                   test_atak                   SKIPPED
thinknode_m6                      test_radio                  SKIPPED
thinknode_m6                      test_meshpacket_serializer  SKIPPED
thinknode_m6                      test_transmit_history       SKIPPED
thinknode_m6                      test_crypto                 SKIPPED
thinknode_m6                      test_mqtt                   SKIPPED
thinknode_m6                      test_default                SKIPPED
thinknode_m6                      test_mesh_module            SKIPPED
thinknode_m6                      test_http_content_handler   SKIPPED
thinknode_m6                      test_serial                 SKIPPED
thinknode_m6                      test_afsk                   SKIPPED
thinknode_m6                      test_atak                   SKIPPED
thinknode_m1                      test_radio                  SKIPPED
thinknode_m1                      test_meshpacket_serializer  SKIPPED
thinknode_m1                      test_transmit_history       SKIPPED
thinknode_m1                      test_crypto                 SKIPPED
thinknode_m1                      test_mqtt                   SKIPPED
thinknode_m1                      test_default                SKIPPED
thinknode_m1                      test_mesh_module            SKIPPED
thinknode_m1                      test_http_content_handler   SKIPPED
thinknode_m1                      test_serial                 SKIPPED
thinknode_m1                      test_afsk                   SKIPPED
thinknode_m1                      test_atak                   SKIPPED
thinknode_m1-inkhud               test_radio                  SKIPPED
thinknode_m1-inkhud               test_meshpacket_serializer  SKIPPED
thinknode_m1-inkhud               test_transmit_history       SKIPPED
thinknode_m1-inkhud               test_crypto                 SKIPPED
thinknode_m1-inkhud               test_mqtt                   SKIPPED
thinknode_m1-inkhud               test_default                SKIPPED
thinknode_m1-inkhud               test_mesh_module            SKIPPED
thinknode_m1-inkhud               test_http_content_handler   SKIPPED
thinknode_m1-inkhud               test_serial                 SKIPPED
thinknode_m1-inkhud               test_afsk                   SKIPPED
thinknode_m1-inkhud               test_atak                   SKIPPED
rak_wismeshtag                    test_radio                  SKIPPED
rak_wismeshtag                    test_meshpacket_serializer  SKIPPED
rak_wismeshtag                    test_transmit_history       SKIPPED
rak_wismeshtag                    test_crypto                 SKIPPED
rak_wismeshtag                    test_mqtt                   SKIPPED
rak_wismeshtag                    test_default                SKIPPED
rak_wismeshtag                    test_mesh_module            SKIPPED
rak_wismeshtag                    test_http_content_handler   SKIPPED
rak_wismeshtag                    test_serial                 SKIPPED
rak_wismeshtag                    test_afsk                   SKIPPED
rak_wismeshtag                    test_atak                   SKIPPED
seeed_wio_tracker_L1_eink         test_radio                  SKIPPED
seeed_wio_tracker_L1_eink         test_meshpacket_serializer  SKIPPED
seeed_wio_tracker_L1_eink         test_transmit_history       SKIPPED
seeed_wio_tracker_L1_eink         test_crypto                 SKIPPED
seeed_wio_tracker_L1_eink         test_mqtt                   SKIPPED
seeed_wio_tracker_L1_eink         test_default                SKIPPED
seeed_wio_tracker_L1_eink         test_mesh_module            SKIPPED
seeed_wio_tracker_L1_eink         test_http_content_handler   SKIPPED
seeed_wio_tracker_L1_eink         test_serial                 SKIPPED
seeed_wio_tracker_L1_eink         test_afsk                   SKIPPED
seeed_wio_tracker_L1_eink         test_atak                   SKIPPED
seeed_wio_tracker_L1_eink-inkhud  test_radio                  SKIPPED
seeed_wio_tracker_L1_eink-inkhud  test_meshpacket_serializer  SKIPPED
seeed_wio_tracker_L1_eink-inkhud  test_transmit_history       SKIPPED
seeed_wio_tracker_L1_eink-inkhud  test_crypto                 SKIPPED
seeed_wio_tracker_L1_eink-inkhud  test_mqtt                   SKIPPED
seeed_wio_tracker_L1_eink-inkhud  test_default                SKIPPED
seeed_wio_tracker_L1_eink-inkhud  test_mesh_module            SKIPPED
seeed_wio_tracker_L1_eink-inkhud  test_http_content_handler   SKIPPED
seeed_wio_tracker_L1_eink-inkhud  test_serial                 SKIPPED
seeed_wio_tracker_L1_eink-inkhud  test_afsk                   SKIPPED
seeed_wio_tracker_L1_eink-inkhud  test_atak                   SKIPPED
heltec-mesh-node-t114             test_radio                  SKIPPED
heltec-mesh-node-t114             test_meshpacket_serializer  SKIPPED
heltec-mesh-node-t114             test_transmit_history       SKIPPED
heltec-mesh-node-t114             test_crypto                 SKIPPED
heltec-mesh-node-t114             test_mqtt                   SKIPPED
heltec-mesh-node-t114             test_default                SKIPPED
heltec-mesh-node-t114             test_mesh_module            SKIPPED
heltec-mesh-node-t114             test_http_content_handler   SKIPPED
heltec-mesh-node-t114             test_serial                 SKIPPED
heltec-mesh-node-t114             test_afsk                   SKIPPED
heltec-mesh-node-t114             test_atak                   SKIPPED
rak4631_eink_onrxtx               test_radio                  SKIPPED
rak4631_eink_onrxtx               test_meshpacket_serializer  SKIPPED
rak4631_eink_onrxtx               test_transmit_history       SKIPPED
rak4631_eink_onrxtx               test_crypto                 SKIPPED
rak4631_eink_onrxtx               test_mqtt                   SKIPPED
rak4631_eink_onrxtx               test_default                SKIPPED
rak4631_eink_onrxtx               test_mesh_module            SKIPPED
rak4631_eink_onrxtx               test_http_content_handler   SKIPPED
rak4631_eink_onrxtx               test_serial                 SKIPPED
rak4631_eink_onrxtx               test_afsk                   SKIPPED
rak4631_eink_onrxtx               test_atak                   SKIPPED
ms24sf1                           test_radio                  SKIPPED
ms24sf1                           test_meshpacket_serializer  SKIPPED
ms24sf1                           test_transmit_history       SKIPPED
ms24sf1                           test_crypto                 SKIPPED
ms24sf1                           test_mqtt                   SKIPPED
ms24sf1                           test_default                SKIPPED
ms24sf1                           test_mesh_module            SKIPPED
ms24sf1                           test_http_content_handler   SKIPPED
ms24sf1                           test_serial                 SKIPPED
ms24sf1                           test_afsk                   SKIPPED
ms24sf1                           test_atak                   SKIPPED
rak3401-1watt                     test_radio                  SKIPPED
rak3401-1watt                     test_meshpacket_serializer  SKIPPED
rak3401-1watt                     test_transmit_history       SKIPPED
rak3401-1watt                     test_crypto                 SKIPPED
rak3401-1watt                     test_mqtt                   SKIPPED
rak3401-1watt                     test_default                SKIPPED
rak3401-1watt                     test_mesh_module            SKIPPED
rak3401-1watt                     test_http_content_handler   SKIPPED
rak3401-1watt                     test_serial                 SKIPPED
rak3401-1watt                     test_afsk                   SKIPPED
rak3401-1watt                     test_atak                   SKIPPED
makerpython_nrf52840_sx1280_eink  test_radio                  SKIPPED
makerpython_nrf52840_sx1280_eink  test_meshpacket_serializer  SKIPPED
makerpython_nrf52840_sx1280_eink  test_transmit_history       SKIPPED
makerpython_nrf52840_sx1280_eink  test_crypto                 SKIPPED
makerpython_nrf52840_sx1280_eink  test_mqtt                   SKIPPED
makerpython_nrf52840_sx1280_eink  test_default                SKIPPED
makerpython_nrf52840_sx1280_eink  test_mesh_module            SKIPPED
makerpython_nrf52840_sx1280_eink  test_http_content_handler   SKIPPED
makerpython_nrf52840_sx1280_eink  test_serial                 SKIPPED
makerpython_nrf52840_sx1280_eink  test_afsk                   SKIPPED
makerpython_nrf52840_sx1280_eink  test_atak                   SKIPPED
feather_diy                       test_radio                  SKIPPED
feather_diy                       test_meshpacket_serializer  SKIPPED
feather_diy                       test_transmit_history       SKIPPED
feather_diy                       test_crypto                 SKIPPED
feather_diy                       test_mqtt                   SKIPPED
feather_diy                       test_default                SKIPPED
feather_diy                       test_mesh_module            SKIPPED
feather_diy                       test_http_content_handler   SKIPPED
feather_diy                       test_serial                 SKIPPED
feather_diy                       test_afsk                   SKIPPED
feather_diy                       test_atak                   SKIPPED
rak4631_nomadstar_meteor_pro      test_radio                  SKIPPED
rak4631_nomadstar_meteor_pro      test_meshpacket_serializer  SKIPPED
rak4631_nomadstar_meteor_pro      test_transmit_history       SKIPPED
rak4631_nomadstar_meteor_pro      test_crypto                 SKIPPED
rak4631_nomadstar_meteor_pro      test_mqtt                   SKIPPED
rak4631_nomadstar_meteor_pro      test_default                SKIPPED
rak4631_nomadstar_meteor_pro      test_mesh_module            SKIPPED
rak4631_nomadstar_meteor_pro      test_http_content_handler   SKIPPED
rak4631_nomadstar_meteor_pro      test_serial                 SKIPPED
rak4631_nomadstar_meteor_pro      test_afsk                   SKIPPED
rak4631_nomadstar_meteor_pro      test_atak                   SKIPPED
rak4631_nomadstar_meteor_pro_dbg  test_radio                  SKIPPED
rak4631_nomadstar_meteor_pro_dbg  test_meshpacket_serializer  SKIPPED
rak4631_nomadstar_meteor_pro_dbg  test_transmit_history       SKIPPED
rak4631_nomadstar_meteor_pro_dbg  test_crypto                 SKIPPED
rak4631_nomadstar_meteor_pro_dbg  test_mqtt                   SKIPPED
rak4631_nomadstar_meteor_pro_dbg  test_default                SKIPPED
rak4631_nomadstar_meteor_pro_dbg  test_mesh_module            SKIPPED
rak4631_nomadstar_meteor_pro_dbg  test_http_content_handler   SKIPPED
rak4631_nomadstar_meteor_pro_dbg  test_serial                 SKIPPED
rak4631_nomadstar_meteor_pro_dbg  test_afsk                   SKIPPED
rak4631_nomadstar_meteor_pro_dbg  test_atak                   SKIPPED
nano-g2-ultra                     test_radio                  SKIPPED
nano-g2-ultra                     test_meshpacket_serializer  SKIPPED
nano-g2-ultra                     test_transmit_history       SKIPPED
nano-g2-ultra                     test_crypto                 SKIPPED
nano-g2-ultra                     test_mqtt                   SKIPPED
nano-g2-ultra                     test_default                SKIPPED
nano-g2-ultra                     test_mesh_module            SKIPPED
nano-g2-ultra                     test_http_content_handler   SKIPPED
nano-g2-ultra                     test_serial                 SKIPPED
nano-g2-ultra                     test_afsk                   SKIPPED
nano-g2-ultra                     test_atak                   SKIPPED
t-echo-plus                       test_radio                  SKIPPED
t-echo-plus                       test_meshpacket_serializer  SKIPPED
t-echo-plus                       test_transmit_history       SKIPPED
t-echo-plus                       test_crypto                 SKIPPED
t-echo-plus                       test_mqtt                   SKIPPED
t-echo-plus                       test_default                SKIPPED
t-echo-plus                       test_mesh_module            SKIPPED
t-echo-plus                       test_http_content_handler   SKIPPED
t-echo-plus                       test_serial                 SKIPPED
t-echo-plus                       test_afsk                   SKIPPED
t-echo-plus                       test_atak                   SKIPPED
wio-t1000-s                       test_radio                  SKIPPED
wio-t1000-s                       test_meshpacket_serializer  SKIPPED
wio-t1000-s                       test_transmit_history       SKIPPED
wio-t1000-s                       test_crypto                 SKIPPED
wio-t1000-s                       test_mqtt                   SKIPPED
wio-t1000-s                       test_default                SKIPPED
wio-t1000-s                       test_mesh_module            SKIPPED
wio-t1000-s                       test_http_content_handler   SKIPPED
wio-t1000-s                       test_serial                 SKIPPED
wio-t1000-s                       test_afsk                   SKIPPED
wio-t1000-s                       test_atak                   SKIPPED
t-echo                            test_radio                  SKIPPED
t-echo                            test_meshpacket_serializer  SKIPPED
t-echo                            test_transmit_history       SKIPPED
t-echo                            test_crypto                 SKIPPED
t-echo                            test_mqtt                   SKIPPED
t-echo                            test_default                SKIPPED
t-echo                            test_mesh_module            SKIPPED
t-echo                            test_http_content_handler   SKIPPED
t-echo                            test_serial                 SKIPPED
t-echo                            test_afsk                   SKIPPED
t-echo                            test_atak                   SKIPPED
t-echo-inkhud                     test_radio                  SKIPPED
t-echo-inkhud                     test_meshpacket_serializer  SKIPPED
t-echo-inkhud                     test_transmit_history       SKIPPED
t-echo-inkhud                     test_crypto                 SKIPPED
t-echo-inkhud                     test_mqtt                   SKIPPED
t-echo-inkhud                     test_default                SKIPPED
t-echo-inkhud                     test_mesh_module            SKIPPED
t-echo-inkhud                     test_http_content_handler   SKIPPED
t-echo-inkhud                     test_serial                 SKIPPED
t-echo-inkhud                     test_afsk                   SKIPPED
t-echo-inkhud                     test_atak                   SKIPPED
seeed_xiao_nrf52840_kit           test_radio                  SKIPPED
seeed_xiao_nrf52840_kit           test_meshpacket_serializer  SKIPPED
seeed_xiao_nrf52840_kit           test_transmit_history       SKIPPED
seeed_xiao_nrf52840_kit           test_crypto                 SKIPPED
seeed_xiao_nrf52840_kit           test_mqtt                   SKIPPED
seeed_xiao_nrf52840_kit           test_default                SKIPPED
seeed_xiao_nrf52840_kit           test_mesh_module            SKIPPED
seeed_xiao_nrf52840_kit           test_http_content_handler   SKIPPED
seeed_xiao_nrf52840_kit           test_serial                 SKIPPED
seeed_xiao_nrf52840_kit           test_afsk                   SKIPPED
seeed_xiao_nrf52840_kit           test_atak                   SKIPPED
seeed_xiao_nrf52840_kit_i2c       test_radio                  SKIPPED
seeed_xiao_nrf52840_kit_i2c       test_meshpacket_serializer  SKIPPED
seeed_xiao_nrf52840_kit_i2c       test_transmit_history       SKIPPED
seeed_xiao_nrf52840_kit_i2c       test_crypto                 SKIPPED
seeed_xiao_nrf52840_kit_i2c       test_mqtt                   SKIPPED
seeed_xiao_nrf52840_kit_i2c       test_default                SKIPPED
seeed_xiao_nrf52840_kit_i2c       test_mesh_module            SKIPPED
seeed_xiao_nrf52840_kit_i2c       test_http_content_handler   SKIPPED
seeed_xiao_nrf52840_kit_i2c       test_serial                 SKIPPED
seeed_xiao_nrf52840_kit_i2c       test_afsk                   SKIPPED
seeed_xiao_nrf52840_kit_i2c       test_atak                   SKIPPED
canaryone                         test_radio                  SKIPPED
canaryone                         test_meshpacket_serializer  SKIPPED
canaryone                         test_transmit_history       SKIPPED
canaryone                         test_crypto                 SKIPPED
canaryone                         test_mqtt                   SKIPPED
canaryone                         test_default                SKIPPED
canaryone                         test_mesh_module            SKIPPED
canaryone                         test_http_content_handler   SKIPPED
canaryone                         test_serial                 SKIPPED
canaryone                         test_afsk                   SKIPPED
canaryone                         test_atak                   SKIPPED
pca10059_diy_eink                 test_radio                  SKIPPED
pca10059_diy_eink                 test_meshpacket_serializer  SKIPPED
pca10059_diy_eink                 test_transmit_history       SKIPPED
pca10059_diy_eink                 test_crypto                 SKIPPED
pca10059_diy_eink                 test_mqtt                   SKIPPED
pca10059_diy_eink                 test_default                SKIPPED
pca10059_diy_eink                 test_mesh_module            SKIPPED
pca10059_diy_eink                 test_http_content_handler   SKIPPED
pca10059_diy_eink                 test_serial                 SKIPPED
pca10059_diy_eink                 test_afsk                   SKIPPED
pca10059_diy_eink                 test_atak                   SKIPPED
rak_wismeshtap                    test_radio                  SKIPPED
rak_wismeshtap                    test_meshpacket_serializer  SKIPPED
rak_wismeshtap                    test_transmit_history       SKIPPED
rak_wismeshtap                    test_crypto                 SKIPPED
rak_wismeshtap                    test_mqtt                   SKIPPED
rak_wismeshtap                    test_default                SKIPPED
rak_wismeshtap                    test_mesh_module            SKIPPED
rak_wismeshtap                    test_http_content_handler   SKIPPED
rak_wismeshtap                    test_serial                 SKIPPED
rak_wismeshtap                    test_afsk                   SKIPPED
rak_wismeshtap                    test_atak                   SKIPPED
TWC_mesh_v4                       test_radio                  SKIPPED
TWC_mesh_v4                       test_meshpacket_serializer  SKIPPED
TWC_mesh_v4                       test_transmit_history       SKIPPED
TWC_mesh_v4                       test_crypto                 SKIPPED
TWC_mesh_v4                       test_mqtt                   SKIPPED
TWC_mesh_v4                       test_default                SKIPPED
TWC_mesh_v4                       test_mesh_module            SKIPPED
TWC_mesh_v4                       test_http_content_handler   SKIPPED
TWC_mesh_v4                       test_serial                 SKIPPED
TWC_mesh_v4                       test_afsk                   SKIPPED
TWC_mesh_v4                       test_atak                   SKIPPED
thinknode_m4                      test_radio                  SKIPPED
thinknode_m4                      test_meshpacket_serializer  SKIPPED
thinknode_m4                      test_transmit_history       SKIPPED
thinknode_m4                      test_crypto                 SKIPPED
thinknode_m4                      test_mqtt                   SKIPPED
thinknode_m4                      test_default                SKIPPED
thinknode_m4                      test_mesh_module            SKIPPED
thinknode_m4                      test_http_content_handler   SKIPPED
thinknode_m4                      test_serial                 SKIPPED
thinknode_m4                      test_afsk                   SKIPPED
thinknode_m4                      test_atak                   SKIPPED
t-echo-lite                       test_radio                  SKIPPED
t-echo-lite                       test_meshpacket_serializer  SKIPPED
t-echo-lite                       test_transmit_history       SKIPPED
t-echo-lite                       test_crypto                 SKIPPED
t-echo-lite                       test_mqtt                   SKIPPED
t-echo-lite                       test_default                SKIPPED
t-echo-lite                       test_mesh_module            SKIPPED
t-echo-lite                       test_http_content_handler   SKIPPED
t-echo-lite                       test_serial                 SKIPPED
t-echo-lite                       test_afsk                   SKIPPED
t-echo-lite                       test_atak                   SKIPPED
thinknode_m3                      test_radio                  SKIPPED
thinknode_m3                      test_meshpacket_serializer  SKIPPED
thinknode_m3                      test_transmit_history       SKIPPED
thinknode_m3                      test_crypto                 SKIPPED
thinknode_m3                      test_mqtt                   SKIPPED
thinknode_m3                      test_default                SKIPPED
thinknode_m3                      test_mesh_module            SKIPPED
thinknode_m3                      test_http_content_handler   SKIPPED
thinknode_m3                      test_serial                 SKIPPED
thinknode_m3                      test_afsk                   SKIPPED
thinknode_m3                      test_atak                   SKIPPED
wio-sdk-wm1110                    test_radio                  SKIPPED
wio-sdk-wm1110                    test_meshpacket_serializer  SKIPPED
wio-sdk-wm1110                    test_transmit_history       SKIPPED
wio-sdk-wm1110                    test_crypto                 SKIPPED
wio-sdk-wm1110                    test_mqtt                   SKIPPED
wio-sdk-wm1110                    test_default                SKIPPED
wio-sdk-wm1110                    test_mesh_module            SKIPPED
wio-sdk-wm1110                    test_http_content_handler   SKIPPED
wio-sdk-wm1110                    test_serial                 SKIPPED
wio-sdk-wm1110                    test_afsk                   SKIPPED
wio-sdk-wm1110                    test_atak                   SKIPPED
rak2560                           test_radio                  SKIPPED
rak2560                           test_meshpacket_serializer  SKIPPED
rak2560                           test_transmit_history       SKIPPED
rak2560                           test_crypto                 SKIPPED
rak2560                           test_mqtt                   SKIPPED
rak2560                           test_default                SKIPPED
rak2560                           test_mesh_module            SKIPPED
rak2560                           test_http_content_handler   SKIPPED
rak2560                           test_serial                 SKIPPED
rak2560                           test_afsk                   SKIPPED
rak2560                           test_atak                   SKIPPED
r1-neo                            test_radio                  SKIPPED
r1-neo                            test_meshpacket_serializer  SKIPPED
r1-neo                            test_transmit_history       SKIPPED
r1-neo                            test_crypto                 SKIPPED
r1-neo                            test_mqtt                   SKIPPED
r1-neo                            test_default                SKIPPED
r1-neo                            test_mesh_module            SKIPPED
r1-neo                            test_http_content_handler   SKIPPED
r1-neo                            test_serial                 SKIPPED
r1-neo                            test_afsk                   SKIPPED
r1-neo                            test_atak                   SKIPPED
muzi-base                         test_radio                  SKIPPED
muzi-base                         test_meshpacket_serializer  SKIPPED
muzi-base                         test_transmit_history       SKIPPED
muzi-base                         test_crypto                 SKIPPED
muzi-base                         test_mqtt                   SKIPPED
muzi-base                         test_default                SKIPPED
muzi-base                         test_mesh_module            SKIPPED
muzi-base                         test_http_content_handler   SKIPPED
muzi-base                         test_serial                 SKIPPED
muzi-base                         test_afsk                   SKIPPED
muzi-base                         test_atak                   SKIPPED
rak4631                           test_radio                  SKIPPED
rak4631                           test_meshpacket_serializer  SKIPPED
rak4631                           test_transmit_history       SKIPPED
rak4631                           test_crypto                 SKIPPED
rak4631                           test_mqtt                   SKIPPED
rak4631                           test_default                SKIPPED
rak4631                           test_mesh_module            SKIPPED
rak4631                           test_http_content_handler   SKIPPED
rak4631                           test_serial                 SKIPPED
rak4631                           test_afsk                   SKIPPED
rak4631                           test_atak                   SKIPPED
rak4631_dbg                       test_radio                  SKIPPED
rak4631_dbg                       test_meshpacket_serializer  SKIPPED
rak4631_dbg                       test_transmit_history       SKIPPED
rak4631_dbg                       test_crypto                 SKIPPED
rak4631_dbg                       test_mqtt                   SKIPPED
rak4631_dbg                       test_default                SKIPPED
rak4631_dbg                       test_mesh_module            SKIPPED
rak4631_dbg                       test_http_content_handler   SKIPPED
rak4631_dbg                       test_serial                 SKIPPED
rak4631_dbg                       test_afsk                   SKIPPED
rak4631_dbg                       test_atak                   SKIPPED
tlora-c6                          test_radio                  SKIPPED
tlora-c6                          test_meshpacket_serializer  SKIPPED
tlora-c6                          test_transmit_history       SKIPPED
tlora-c6                          test_crypto                 SKIPPED
tlora-c6                          test_mqtt                   SKIPPED
tlora-c6                          test_default                SKIPPED
tlora-c6                          test_mesh_module            SKIPPED
tlora-c6                          test_http_content_handler   SKIPPED
tlora-c6                          test_serial                 SKIPPED
tlora-c6                          test_afsk                   SKIPPED
tlora-c6                          test_atak                   SKIPPED
m5stack-unitc6l                   test_radio                  SKIPPED
m5stack-unitc6l                   test_meshpacket_serializer  SKIPPED
m5stack-unitc6l                   test_transmit_history       SKIPPED
m5stack-unitc6l                   test_crypto                 SKIPPED
m5stack-unitc6l                   test_mqtt                   SKIPPED
m5stack-unitc6l                   test_default                SKIPPED
m5stack-unitc6l                   test_mesh_module            SKIPPED
m5stack-unitc6l                   test_http_content_handler   SKIPPED
m5stack-unitc6l                   test_serial                 SKIPPED
m5stack-unitc6l                   test_afsk                   SKIPPED
m5stack-unitc6l                   test_atak                   SKIPPED
pico2w                            test_radio                  SKIPPED
pico2w                            test_meshpacket_serializer  SKIPPED
pico2w                            test_transmit_history       SKIPPED
pico2w                            test_crypto                 SKIPPED
pico2w                            test_mqtt                   SKIPPED
pico2w                            test_default                SKIPPED
pico2w                            test_mesh_module            SKIPPED
pico2w                            test_http_content_handler   SKIPPED
pico2w                            test_serial                 SKIPPED
pico2w                            test_afsk                   SKIPPED
pico2w                            test_atak                   SKIPPED
pico2                             test_radio                  SKIPPED
pico2                             test_meshpacket_serializer  SKIPPED
pico2                             test_transmit_history       SKIPPED
pico2                             test_crypto                 SKIPPED
pico2                             test_mqtt                   SKIPPED
pico2                             test_default                SKIPPED
pico2                             test_mesh_module            SKIPPED
pico2                             test_http_content_handler   SKIPPED
pico2                             test_serial                 SKIPPED
pico2                             test_afsk                   SKIPPED
pico2                             test_atak                   SKIPPED
heltec-wireless-tracker-V1-0      test_radio                  SKIPPED
heltec-wireless-tracker-V1-0      test_meshpacket_serializer  SKIPPED
heltec-wireless-tracker-V1-0      test_transmit_history       SKIPPED
heltec-wireless-tracker-V1-0      test_crypto                 SKIPPED
heltec-wireless-tracker-V1-0      test_mqtt                   SKIPPED
heltec-wireless-tracker-V1-0      test_default                SKIPPED
heltec-wireless-tracker-V1-0      test_mesh_module            SKIPPED
heltec-wireless-tracker-V1-0      test_http_content_handler   SKIPPED
heltec-wireless-tracker-V1-0      test_serial                 SKIPPED
heltec-wireless-tracker-V1-0      test_afsk                   SKIPPED
heltec-wireless-tracker-V1-0      test_atak                   SKIPPED
icarus                            test_radio                  SKIPPED
icarus                            test_meshpacket_serializer  SKIPPED
icarus                            test_transmit_history       SKIPPED
icarus                            test_crypto                 SKIPPED
icarus                            test_mqtt                   SKIPPED
icarus                            test_default                SKIPPED
icarus                            test_mesh_module            SKIPPED
icarus                            test_http_content_handler   SKIPPED
icarus                            test_serial                 SKIPPED
icarus                            test_afsk                   SKIPPED
icarus                            test_atak                   SKIPPED
heltec-vision-master-t190         test_radio                  SKIPPED
heltec-vision-master-t190         test_meshpacket_serializer  SKIPPED
heltec-vision-master-t190         test_transmit_history       SKIPPED
heltec-vision-master-t190         test_crypto                 SKIPPED
heltec-vision-master-t190         test_mqtt                   SKIPPED
heltec-vision-master-t190         test_default                SKIPPED
heltec-vision-master-t190         test_mesh_module            SKIPPED
heltec-vision-master-t190         test_http_content_handler   SKIPPED
heltec-vision-master-t190         test_serial                 SKIPPED
heltec-vision-master-t190         test_afsk                   SKIPPED
heltec-vision-master-t190         test_atak                   SKIPPED
t-beam-1w                         test_radio                  SKIPPED
t-beam-1w                         test_meshpacket_serializer  SKIPPED
t-beam-1w                         test_transmit_history       SKIPPED
t-beam-1w                         test_crypto                 SKIPPED
t-beam-1w                         test_mqtt                   SKIPPED
t-beam-1w                         test_default                SKIPPED
t-beam-1w                         test_mesh_module            SKIPPED
t-beam-1w                         test_http_content_handler   SKIPPED
t-beam-1w                         test_serial                 SKIPPED
t-beam-1w                         test_afsk                   SKIPPED
t-beam-1w                         test_atak                   SKIPPED
tlora-pager                       test_radio                  SKIPPED
tlora-pager                       test_meshpacket_serializer  SKIPPED
tlora-pager                       test_transmit_history       SKIPPED
tlora-pager                       test_crypto                 SKIPPED
tlora-pager                       test_mqtt                   SKIPPED
tlora-pager                       test_default                SKIPPED
tlora-pager                       test_mesh_module            SKIPPED
tlora-pager                       test_http_content_handler   SKIPPED
tlora-pager                       test_serial                 SKIPPED
tlora-pager                       test_afsk                   SKIPPED
tlora-pager                       test_atak                   SKIPPED
tlora-pager-tft                   test_radio                  SKIPPED
tlora-pager-tft                   test_meshpacket_serializer  SKIPPED
tlora-pager-tft                   test_transmit_history       SKIPPED
tlora-pager-tft                   test_crypto                 SKIPPED
tlora-pager-tft                   test_mqtt                   SKIPPED
tlora-pager-tft                   test_default                SKIPPED
tlora-pager-tft                   test_mesh_module            SKIPPED
tlora-pager-tft                   test_http_content_handler   SKIPPED
tlora-pager-tft                   test_serial                 SKIPPED
tlora-pager-tft                   test_afsk                   SKIPPED
tlora-pager-tft                   test_atak                   SKIPPED
m5stack-cardputer-adv             test_radio                  SKIPPED
m5stack-cardputer-adv             test_meshpacket_serializer  SKIPPED
m5stack-cardputer-adv             test_transmit_history       SKIPPED
m5stack-cardputer-adv             test_crypto                 SKIPPED
m5stack-cardputer-adv             test_mqtt                   SKIPPED
m5stack-cardputer-adv             test_default                SKIPPED
m5stack-cardputer-adv             test_mesh_module            SKIPPED
m5stack-cardputer-adv             test_http_content_handler   SKIPPED
m5stack-cardputer-adv             test_serial                 SKIPPED
m5stack-cardputer-adv             test_afsk                   SKIPPED
m5stack-cardputer-adv             test_atak                   SKIPPED
CDEBYTE_EoRa-Hub                  test_radio                  SKIPPED
CDEBYTE_EoRa-Hub                  test_meshpacket_serializer  SKIPPED
CDEBYTE_EoRa-Hub                  test_transmit_history       SKIPPED
CDEBYTE_EoRa-Hub                  test_crypto                 SKIPPED
CDEBYTE_EoRa-Hub                  test_mqtt                   SKIPPED
CDEBYTE_EoRa-Hub                  test_default                SKIPPED
CDEBYTE_EoRa-Hub                  test_mesh_module            SKIPPED
CDEBYTE_EoRa-Hub                  test_http_content_handler   SKIPPED
CDEBYTE_EoRa-Hub                  test_serial                 SKIPPED
CDEBYTE_EoRa-Hub                  test_afsk                   SKIPPED
CDEBYTE_EoRa-Hub                  test_atak                   SKIPPED
link32-s3-v1                      test_radio                  SKIPPED
link32-s3-v1                      test_meshpacket_serializer  SKIPPED
link32-s3-v1                      test_transmit_history       SKIPPED
link32-s3-v1                      test_crypto                 SKIPPED
link32-s3-v1                      test_mqtt                   SKIPPED
link32-s3-v1                      test_default                SKIPPED
link32-s3-v1                      test_mesh_module            SKIPPED
link32-s3-v1                      test_http_content_handler   SKIPPED
link32-s3-v1                      test_serial                 SKIPPED
link32-s3-v1                      test_afsk                   SKIPPED
link32-s3-v1                      test_atak                   SKIPPED
seeed-xiao-s3                     test_radio                  SKIPPED
seeed-xiao-s3                     test_meshpacket_serializer  SKIPPED
seeed-xiao-s3                     test_transmit_history       SKIPPED
seeed-xiao-s3                     test_crypto                 SKIPPED
seeed-xiao-s3                     test_mqtt                   SKIPPED
seeed-xiao-s3                     test_default                SKIPPED
seeed-xiao-s3                     test_mesh_module            SKIPPED
seeed-xiao-s3                     test_http_content_handler   SKIPPED
seeed-xiao-s3                     test_serial                 SKIPPED
seeed-xiao-s3                     test_afsk                   SKIPPED
seeed-xiao-s3                     test_atak                   SKIPPED
mesh-tab-3-2-TN-resistive         test_radio                  SKIPPED
mesh-tab-3-2-TN-resistive         test_meshpacket_serializer  SKIPPED
mesh-tab-3-2-TN-resistive         test_transmit_history       SKIPPED
mesh-tab-3-2-TN-resistive         test_crypto                 SKIPPED
mesh-tab-3-2-TN-resistive         test_mqtt                   SKIPPED
mesh-tab-3-2-TN-resistive         test_default                SKIPPED
mesh-tab-3-2-TN-resistive         test_mesh_module            SKIPPED
mesh-tab-3-2-TN-resistive         test_http_content_handler   SKIPPED
mesh-tab-3-2-TN-resistive         test_serial                 SKIPPED
mesh-tab-3-2-TN-resistive         test_afsk                   SKIPPED
mesh-tab-3-2-TN-resistive         test_atak                   SKIPPED
mesh-tab-3-2-IPS-resistive        test_radio                  SKIPPED
mesh-tab-3-2-IPS-resistive        test_meshpacket_serializer  SKIPPED
mesh-tab-3-2-IPS-resistive        test_transmit_history       SKIPPED
mesh-tab-3-2-IPS-resistive        test_crypto                 SKIPPED
mesh-tab-3-2-IPS-resistive        test_mqtt                   SKIPPED
mesh-tab-3-2-IPS-resistive        test_default                SKIPPED
mesh-tab-3-2-IPS-resistive        test_mesh_module            SKIPPED
mesh-tab-3-2-IPS-resistive        test_http_content_handler   SKIPPED
mesh-tab-3-2-IPS-resistive        test_serial                 SKIPPED
mesh-tab-3-2-IPS-resistive        test_afsk                   SKIPPED
mesh-tab-3-2-IPS-resistive        test_atak                   SKIPPED
mesh-tab-3-5-IPS-resistive        test_radio                  SKIPPED
mesh-tab-3-5-IPS-resistive        test_meshpacket_serializer  SKIPPED
mesh-tab-3-5-IPS-resistive        test_transmit_history       SKIPPED
mesh-tab-3-5-IPS-resistive        test_crypto                 SKIPPED
mesh-tab-3-5-IPS-resistive        test_mqtt                   SKIPPED
mesh-tab-3-5-IPS-resistive        test_default                SKIPPED
mesh-tab-3-5-IPS-resistive        test_mesh_module            SKIPPED
mesh-tab-3-5-IPS-resistive        test_http_content_handler   SKIPPED
mesh-tab-3-5-IPS-resistive        test_serial                 SKIPPED
mesh-tab-3-5-IPS-resistive        test_afsk                   SKIPPED
mesh-tab-3-5-IPS-resistive        test_atak                   SKIPPED
mesh-tab-3-5-TN-resistive         test_radio                  SKIPPED
mesh-tab-3-5-TN-resistive         test_meshpacket_serializer  SKIPPED
mesh-tab-3-5-TN-resistive         test_transmit_history       SKIPPED
mesh-tab-3-5-TN-resistive         test_crypto                 SKIPPED
mesh-tab-3-5-TN-resistive         test_mqtt                   SKIPPED
mesh-tab-3-5-TN-resistive         test_default                SKIPPED
mesh-tab-3-5-TN-resistive         test_mesh_module            SKIPPED
mesh-tab-3-5-TN-resistive         test_http_content_handler   SKIPPED
mesh-tab-3-5-TN-resistive         test_serial                 SKIPPED
mesh-tab-3-5-TN-resistive         test_afsk                   SKIPPED
mesh-tab-3-5-TN-resistive         test_atak                   SKIPPED
mesh-tab-3-2-IPS-capacitive       test_radio                  SKIPPED
mesh-tab-3-2-IPS-capacitive       test_meshpacket_serializer  SKIPPED
mesh-tab-3-2-IPS-capacitive       test_transmit_history       SKIPPED
mesh-tab-3-2-IPS-capacitive       test_crypto                 SKIPPED
mesh-tab-3-2-IPS-capacitive       test_mqtt                   SKIPPED
mesh-tab-3-2-IPS-capacitive       test_default                SKIPPED
mesh-tab-3-2-IPS-capacitive       test_mesh_module            SKIPPED
mesh-tab-3-2-IPS-capacitive       test_http_content_handler   SKIPPED
mesh-tab-3-2-IPS-capacitive       test_serial                 SKIPPED
mesh-tab-3-2-IPS-capacitive       test_afsk                   SKIPPED
mesh-tab-3-2-IPS-capacitive       test_atak                   SKIPPED
mesh-tab-3-5-IPS-capacitive       test_radio                  SKIPPED
mesh-tab-3-5-IPS-capacitive       test_meshpacket_serializer  SKIPPED
mesh-tab-3-5-IPS-capacitive       test_transmit_history       SKIPPED
mesh-tab-3-5-IPS-capacitive       test_crypto                 SKIPPED
mesh-tab-3-5-IPS-capacitive       test_mqtt                   SKIPPED
mesh-tab-3-5-IPS-capacitive       test_default                SKIPPED
mesh-tab-3-5-IPS-capacitive       test_mesh_module            SKIPPED
mesh-tab-3-5-IPS-capacitive       test_http_content_handler   SKIPPED
mesh-tab-3-5-IPS-capacitive       test_serial                 SKIPPED
mesh-tab-3-5-IPS-capacitive       test_afsk                   SKIPPED
mesh-tab-3-5-IPS-capacitive       test_atak                   SKIPPED
mesh-tab-4-0-IPS-capacitive       test_radio                  SKIPPED
mesh-tab-4-0-IPS-capacitive       test_meshpacket_serializer  SKIPPED
mesh-tab-4-0-IPS-capacitive       test_transmit_history       SKIPPED
mesh-tab-4-0-IPS-capacitive       test_crypto                 SKIPPED
mesh-tab-4-0-IPS-capacitive       test_mqtt                   SKIPPED
mesh-tab-4-0-IPS-capacitive       test_default                SKIPPED
mesh-tab-4-0-IPS-capacitive       test_mesh_module            SKIPPED
mesh-tab-4-0-IPS-capacitive       test_http_content_handler   SKIPPED
mesh-tab-4-0-IPS-capacitive       test_serial                 SKIPPED
mesh-tab-4-0-IPS-capacitive       test_afsk                   SKIPPED
mesh-tab-4-0-IPS-capacitive       test_atak                   SKIPPED
heltec_sensor_hub                 test_radio                  SKIPPED
heltec_sensor_hub                 test_meshpacket_serializer  SKIPPED
heltec_sensor_hub                 test_transmit_history       SKIPPED
heltec_sensor_hub                 test_crypto                 SKIPPED
heltec_sensor_hub                 test_mqtt                   SKIPPED
heltec_sensor_hub                 test_default                SKIPPED
heltec_sensor_hub                 test_mesh_module            SKIPPED
heltec_sensor_hub                 test_http_content_handler   SKIPPED
heltec_sensor_hub                 test_serial                 SKIPPED
heltec_sensor_hub                 test_afsk                   SKIPPED
heltec_sensor_hub                 test_atak                   SKIPPED
elecrow-adv-24-28-tft             test_radio                  SKIPPED
elecrow-adv-24-28-tft             test_meshpacket_serializer  SKIPPED
elecrow-adv-24-28-tft             test_transmit_history       SKIPPED
elecrow-adv-24-28-tft             test_crypto                 SKIPPED
elecrow-adv-24-28-tft             test_mqtt                   SKIPPED
elecrow-adv-24-28-tft             test_default                SKIPPED
elecrow-adv-24-28-tft             test_mesh_module            SKIPPED
elecrow-adv-24-28-tft             test_http_content_handler   SKIPPED
elecrow-adv-24-28-tft             test_serial                 SKIPPED
elecrow-adv-24-28-tft             test_afsk                   SKIPPED
elecrow-adv-24-28-tft             test_atak                   SKIPPED
elecrow-adv-35-tft                test_radio                  SKIPPED
elecrow-adv-35-tft                test_meshpacket_serializer  SKIPPED
elecrow-adv-35-tft                test_transmit_history       SKIPPED
elecrow-adv-35-tft                test_crypto                 SKIPPED
elecrow-adv-35-tft                test_mqtt                   SKIPPED
elecrow-adv-35-tft                test_default                SKIPPED
elecrow-adv-35-tft                test_mesh_module            SKIPPED
elecrow-adv-35-tft                test_http_content_handler   SKIPPED
elecrow-adv-35-tft                test_serial                 SKIPPED
elecrow-adv-35-tft                test_afsk                   SKIPPED
elecrow-adv-35-tft                test_atak                   SKIPPED
elecrow-adv1-43-50-70-tft         test_radio                  SKIPPED
elecrow-adv1-43-50-70-tft         test_meshpacket_serializer  SKIPPED
elecrow-adv1-43-50-70-tft         test_transmit_history       SKIPPED
elecrow-adv1-43-50-70-tft         test_crypto                 SKIPPED
elecrow-adv1-43-50-70-tft         test_mqtt                   SKIPPED
elecrow-adv1-43-50-70-tft         test_default                SKIPPED
elecrow-adv1-43-50-70-tft         test_mesh_module            SKIPPED
elecrow-adv1-43-50-70-tft         test_http_content_handler   SKIPPED
elecrow-adv1-43-50-70-tft         test_serial                 SKIPPED
elecrow-adv1-43-50-70-tft         test_afsk                   SKIPPED
elecrow-adv1-43-50-70-tft         test_atak                   SKIPPED
EBYTE_ESP32-S3                    test_radio                  SKIPPED
EBYTE_ESP32-S3                    test_meshpacket_serializer  SKIPPED
EBYTE_ESP32-S3                    test_transmit_history       SKIPPED
EBYTE_ESP32-S3                    test_crypto                 SKIPPED
EBYTE_ESP32-S3                    test_mqtt                   SKIPPED
EBYTE_ESP32-S3                    test_default                SKIPPED
EBYTE_ESP32-S3                    test_mesh_module            SKIPPED
EBYTE_ESP32-S3                    test_http_content_handler   SKIPPED
EBYTE_ESP32-S3                    test_serial                 SKIPPED
EBYTE_ESP32-S3                    test_afsk                   SKIPPED
EBYTE_ESP32-S3                    test_atak                   SKIPPED
tracksenger                       test_radio                  SKIPPED
tracksenger                       test_meshpacket_serializer  SKIPPED
tracksenger                       test_transmit_history       SKIPPED
tracksenger                       test_crypto                 SKIPPED
tracksenger                       test_mqtt                   SKIPPED
tracksenger                       test_default                SKIPPED
tracksenger                       test_mesh_module            SKIPPED
tracksenger                       test_http_content_handler   SKIPPED
tracksenger                       test_serial                 SKIPPED
tracksenger                       test_afsk                   SKIPPED
tracksenger                       test_atak                   SKIPPED
tracksenger-lcd                   test_radio                  SKIPPED
tracksenger-lcd                   test_meshpacket_serializer  SKIPPED
tracksenger-lcd                   test_transmit_history       SKIPPED
tracksenger-lcd                   test_crypto                 SKIPPED
tracksenger-lcd                   test_mqtt                   SKIPPED
tracksenger-lcd                   test_default                SKIPPED
tracksenger-lcd                   test_mesh_module            SKIPPED
tracksenger-lcd                   test_http_content_handler   SKIPPED
tracksenger-lcd                   test_serial                 SKIPPED
tracksenger-lcd                   test_afsk                   SKIPPED
tracksenger-lcd                   test_atak                   SKIPPED
tracksenger-oled                  test_radio                  SKIPPED
tracksenger-oled                  test_meshpacket_serializer  SKIPPED
tracksenger-oled                  test_transmit_history       SKIPPED
tracksenger-oled                  test_crypto                 SKIPPED
tracksenger-oled                  test_mqtt                   SKIPPED
tracksenger-oled                  test_default                SKIPPED
tracksenger-oled                  test_mesh_module            SKIPPED
tracksenger-oled                  test_http_content_handler   SKIPPED
tracksenger-oled                  test_serial                 SKIPPED
tracksenger-oled                  test_afsk                   SKIPPED
tracksenger-oled                  test_atak                   SKIPPED
t-deck-pro                        test_radio                  SKIPPED
t-deck-pro                        test_meshpacket_serializer  SKIPPED
t-deck-pro                        test_transmit_history       SKIPPED
t-deck-pro                        test_crypto                 SKIPPED
t-deck-pro                        test_mqtt                   SKIPPED
t-deck-pro                        test_default                SKIPPED
t-deck-pro                        test_mesh_module            SKIPPED
t-deck-pro                        test_http_content_handler   SKIPPED
t-deck-pro                        test_serial                 SKIPPED
t-deck-pro                        test_afsk                   SKIPPED
t-deck-pro                        test_atak                   SKIPPED
crowpanel-esp32s3-5-epaper        test_radio                  SKIPPED
crowpanel-esp32s3-5-epaper        test_meshpacket_serializer  SKIPPED
crowpanel-esp32s3-5-epaper        test_transmit_history       SKIPPED
crowpanel-esp32s3-5-epaper        test_crypto                 SKIPPED
crowpanel-esp32s3-5-epaper        test_mqtt                   SKIPPED
crowpanel-esp32s3-5-epaper        test_default                SKIPPED
crowpanel-esp32s3-5-epaper        test_mesh_module            SKIPPED
crowpanel-esp32s3-5-epaper        test_http_content_handler   SKIPPED
crowpanel-esp32s3-5-epaper        test_serial                 SKIPPED
crowpanel-esp32s3-5-epaper        test_afsk                   SKIPPED
crowpanel-esp32s3-5-epaper        test_atak                   SKIPPED
crowpanel-esp32s3-4-epaper        test_radio                  SKIPPED
crowpanel-esp32s3-4-epaper        test_meshpacket_serializer  SKIPPED
crowpanel-esp32s3-4-epaper        test_transmit_history       SKIPPED
crowpanel-esp32s3-4-epaper        test_crypto                 SKIPPED
crowpanel-esp32s3-4-epaper        test_mqtt                   SKIPPED
crowpanel-esp32s3-4-epaper        test_default                SKIPPED
crowpanel-esp32s3-4-epaper        test_mesh_module            SKIPPED
crowpanel-esp32s3-4-epaper        test_http_content_handler   SKIPPED
crowpanel-esp32s3-4-epaper        test_serial                 SKIPPED
crowpanel-esp32s3-4-epaper        test_afsk                   SKIPPED
crowpanel-esp32s3-4-epaper        test_atak                   SKIPPED
crowpanel-esp32s3-2-epaper        test_radio                  SKIPPED
crowpanel-esp32s3-2-epaper        test_meshpacket_serializer  SKIPPED
crowpanel-esp32s3-2-epaper        test_transmit_history       SKIPPED
crowpanel-esp32s3-2-epaper        test_crypto                 SKIPPED
crowpanel-esp32s3-2-epaper        test_mqtt                   SKIPPED
crowpanel-esp32s3-2-epaper        test_default                SKIPPED
crowpanel-esp32s3-2-epaper        test_mesh_module            SKIPPED
crowpanel-esp32s3-2-epaper        test_http_content_handler   SKIPPED
crowpanel-esp32s3-2-epaper        test_serial                 SKIPPED
crowpanel-esp32s3-2-epaper        test_afsk                   SKIPPED
crowpanel-esp32s3-2-epaper        test_atak                   SKIPPED
dreamcatcher                      test_radio                  SKIPPED
dreamcatcher                      test_meshpacket_serializer  SKIPPED
dreamcatcher                      test_transmit_history       SKIPPED
dreamcatcher                      test_crypto                 SKIPPED
dreamcatcher                      test_mqtt                   SKIPPED
dreamcatcher                      test_default                SKIPPED
dreamcatcher                      test_mesh_module            SKIPPED
dreamcatcher                      test_http_content_handler   SKIPPED
dreamcatcher                      test_serial                 SKIPPED
dreamcatcher                      test_afsk                   SKIPPED
dreamcatcher                      test_atak                   SKIPPED
dreamcatcher-2206                 test_radio                  SKIPPED
dreamcatcher-2206                 test_meshpacket_serializer  SKIPPED
dreamcatcher-2206                 test_transmit_history       SKIPPED
dreamcatcher-2206                 test_crypto                 SKIPPED
dreamcatcher-2206                 test_mqtt                   SKIPPED
dreamcatcher-2206                 test_default                SKIPPED
dreamcatcher-2206                 test_mesh_module            SKIPPED
dreamcatcher-2206                 test_http_content_handler   SKIPPED
dreamcatcher-2206                 test_serial                 SKIPPED
dreamcatcher-2206                 test_afsk                   SKIPPED
dreamcatcher-2206                 test_atak                   SKIPPED
heltec_capsule_sensor_v3          test_radio                  SKIPPED
heltec_capsule_sensor_v3          test_meshpacket_serializer  SKIPPED
heltec_capsule_sensor_v3          test_transmit_history       SKIPPED
heltec_capsule_sensor_v3          test_crypto                 SKIPPED
heltec_capsule_sensor_v3          test_mqtt                   SKIPPED
heltec_capsule_sensor_v3          test_default                SKIPPED
heltec_capsule_sensor_v3          test_mesh_module            SKIPPED
heltec_capsule_sensor_v3          test_http_content_handler   SKIPPED
heltec_capsule_sensor_v3          test_serial                 SKIPPED
heltec_capsule_sensor_v3          test_afsk                   SKIPPED
heltec_capsule_sensor_v3          test_atak                   SKIPPED
heltec-wireless-tracker           test_radio                  SKIPPED
heltec-wireless-tracker           test_meshpacket_serializer  SKIPPED
heltec-wireless-tracker           test_transmit_history       SKIPPED
heltec-wireless-tracker           test_crypto                 SKIPPED
heltec-wireless-tracker           test_mqtt                   SKIPPED
heltec-wireless-tracker           test_default                SKIPPED
heltec-wireless-tracker           test_mesh_module            SKIPPED
heltec-wireless-tracker           test_http_content_handler   SKIPPED
heltec-wireless-tracker           test_serial                 SKIPPED
heltec-wireless-tracker           test_afsk                   SKIPPED
heltec-wireless-tracker           test_atak                   SKIPPED
nugget-s3-lora                    test_radio                  SKIPPED
nugget-s3-lora                    test_meshpacket_serializer  SKIPPED
nugget-s3-lora                    test_transmit_history       SKIPPED
nugget-s3-lora                    test_crypto                 SKIPPED
nugget-s3-lora                    test_mqtt                   SKIPPED
nugget-s3-lora                    test_default                SKIPPED
nugget-s3-lora                    test_mesh_module            SKIPPED
nugget-s3-lora                    test_http_content_handler   SKIPPED
nugget-s3-lora                    test_serial                 SKIPPED
nugget-s3-lora                    test_afsk                   SKIPPED
nugget-s3-lora                    test_atak                   SKIPPED
CDEBYTE_EoRa-S3                   test_radio                  SKIPPED
CDEBYTE_EoRa-S3                   test_meshpacket_serializer  SKIPPED
CDEBYTE_EoRa-S3                   test_transmit_history       SKIPPED
CDEBYTE_EoRa-S3                   test_crypto                 SKIPPED
CDEBYTE_EoRa-S3                   test_mqtt                   SKIPPED
CDEBYTE_EoRa-S3                   test_default                SKIPPED
CDEBYTE_EoRa-S3                   test_mesh_module            SKIPPED
CDEBYTE_EoRa-S3                   test_http_content_handler   SKIPPED
CDEBYTE_EoRa-S3                   test_serial                 SKIPPED
CDEBYTE_EoRa-S3                   test_afsk                   SKIPPED
CDEBYTE_EoRa-S3                   test_atak                   SKIPPED
t-deck                            test_radio                  SKIPPED
t-deck                            test_meshpacket_serializer  SKIPPED
t-deck                            test_transmit_history       SKIPPED
t-deck                            test_crypto                 SKIPPED
t-deck                            test_mqtt                   SKIPPED
t-deck                            test_default                SKIPPED
t-deck                            test_mesh_module            SKIPPED
t-deck                            test_http_content_handler   SKIPPED
t-deck                            test_serial                 SKIPPED
t-deck                            test_afsk                   SKIPPED
t-deck                            test_atak                   SKIPPED
t-deck-tft                        test_radio                  SKIPPED
t-deck-tft                        test_meshpacket_serializer  SKIPPED
t-deck-tft                        test_transmit_history       SKIPPED
t-deck-tft                        test_crypto                 SKIPPED
t-deck-tft                        test_mqtt                   SKIPPED
t-deck-tft                        test_default                SKIPPED
t-deck-tft                        test_mesh_module            SKIPPED
t-deck-tft                        test_http_content_handler   SKIPPED
t-deck-tft                        test_serial                 SKIPPED
t-deck-tft                        test_afsk                   SKIPPED
t-deck-tft                        test_atak                   SKIPPED
station-g2                        test_radio                  SKIPPED
station-g2                        test_meshpacket_serializer  SKIPPED
station-g2                        test_transmit_history       SKIPPED
station-g2                        test_crypto                 SKIPPED
station-g2                        test_mqtt                   SKIPPED
station-g2                        test_default                SKIPPED
station-g2                        test_mesh_module            SKIPPED
station-g2                        test_http_content_handler   SKIPPED
station-g2                        test_serial                 SKIPPED
station-g2                        test_afsk                   SKIPPED
station-g2                        test_atak                   SKIPPED
nibble-esp32                      test_radio                  SKIPPED
nibble-esp32                      test_meshpacket_serializer  SKIPPED
nibble-esp32                      test_transmit_history       SKIPPED
nibble-esp32                      test_crypto                 SKIPPED
nibble-esp32                      test_mqtt                   SKIPPED
nibble-esp32                      test_default                SKIPPED
nibble-esp32                      test_mesh_module            SKIPPED
nibble-esp32                      test_http_content_handler   SKIPPED
nibble-esp32                      test_serial                 SKIPPED
nibble-esp32                      test_afsk                   SKIPPED
nibble-esp32                      test_atak                   SKIPPED
m5stack-cores3                    test_radio                  SKIPPED
m5stack-cores3                    test_meshpacket_serializer  SKIPPED
m5stack-cores3                    test_transmit_history       SKIPPED
m5stack-cores3                    test_crypto                 SKIPPED
m5stack-cores3                    test_mqtt                   SKIPPED
m5stack-cores3                    test_default                SKIPPED
m5stack-cores3                    test_mesh_module            SKIPPED
m5stack-cores3                    test_http_content_handler   SKIPPED
m5stack-cores3                    test_serial                 SKIPPED
m5stack-cores3                    test_afsk                   SKIPPED
m5stack-cores3                    test_atak                   SKIPPED
heltec-vision-master-e213         test_radio                  SKIPPED
heltec-vision-master-e213         test_meshpacket_serializer  SKIPPED
heltec-vision-master-e213         test_transmit_history       SKIPPED
heltec-vision-master-e213         test_crypto                 SKIPPED
heltec-vision-master-e213         test_mqtt                   SKIPPED
heltec-vision-master-e213         test_default                SKIPPED
heltec-vision-master-e213         test_mesh_module            SKIPPED
heltec-vision-master-e213         test_http_content_handler   SKIPPED
heltec-vision-master-e213         test_serial                 SKIPPED
heltec-vision-master-e213         test_afsk                   SKIPPED
heltec-vision-master-e213         test_atak                   SKIPPED
heltec-vision-master-e213-inkhud  test_radio                  SKIPPED
heltec-vision-master-e213-inkhud  test_meshpacket_serializer  SKIPPED
heltec-vision-master-e213-inkhud  test_transmit_history       SKIPPED
heltec-vision-master-e213-inkhud  test_crypto                 SKIPPED
heltec-vision-master-e213-inkhud  test_mqtt                   SKIPPED
heltec-vision-master-e213-inkhud  test_default                SKIPPED
heltec-vision-master-e213-inkhud  test_mesh_module            SKIPPED
heltec-vision-master-e213-inkhud  test_http_content_handler   SKIPPED
heltec-vision-master-e213-inkhud  test_serial                 SKIPPED
heltec-vision-master-e213-inkhud  test_afsk                   SKIPPED
heltec-vision-master-e213-inkhud  test_atak                   SKIPPED
heltec-wsl-v3                     test_radio                  SKIPPED
heltec-wsl-v3                     test_meshpacket_serializer  SKIPPED
heltec-wsl-v3                     test_transmit_history       SKIPPED
heltec-wsl-v3                     test_crypto                 SKIPPED
heltec-wsl-v3                     test_mqtt                   SKIPPED
heltec-wsl-v3                     test_default                SKIPPED
heltec-wsl-v3                     test_mesh_module            SKIPPED
heltec-wsl-v3                     test_http_content_handler   SKIPPED
heltec-wsl-v3                     test_serial                 SKIPPED
heltec-wsl-v3                     test_afsk                   SKIPPED
heltec-wsl-v3                     test_atak                   SKIPPED
seeed-sensecap-indicator          test_radio                  SKIPPED
seeed-sensecap-indicator          test_meshpacket_serializer  SKIPPED
seeed-sensecap-indicator          test_transmit_history       SKIPPED
seeed-sensecap-indicator          test_crypto                 SKIPPED
seeed-sensecap-indicator          test_mqtt                   SKIPPED
seeed-sensecap-indicator          test_default                SKIPPED
seeed-sensecap-indicator          test_mesh_module            SKIPPED
seeed-sensecap-indicator          test_http_content_handler   SKIPPED
seeed-sensecap-indicator          test_serial                 SKIPPED
seeed-sensecap-indicator          test_afsk                   SKIPPED
seeed-sensecap-indicator          test_atak                   SKIPPED
seeed-sensecap-indicator-tft      test_radio                  SKIPPED
seeed-sensecap-indicator-tft      test_meshpacket_serializer  SKIPPED
seeed-sensecap-indicator-tft      test_transmit_history       SKIPPED
seeed-sensecap-indicator-tft      test_crypto                 SKIPPED
seeed-sensecap-indicator-tft      test_mqtt                   SKIPPED
seeed-sensecap-indicator-tft      test_default                SKIPPED
seeed-sensecap-indicator-tft      test_mesh_module            SKIPPED
seeed-sensecap-indicator-tft      test_http_content_handler   SKIPPED
seeed-sensecap-indicator-tft      test_serial                 SKIPPED
seeed-sensecap-indicator-tft      test_afsk                   SKIPPED
seeed-sensecap-indicator-tft      test_atak                   SKIPPED
unphone                           test_radio                  SKIPPED
unphone                           test_meshpacket_serializer  SKIPPED
unphone                           test_transmit_history       SKIPPED
unphone                           test_crypto                 SKIPPED
unphone                           test_mqtt                   SKIPPED
unphone                           test_default                SKIPPED
unphone                           test_mesh_module            SKIPPED
unphone                           test_http_content_handler   SKIPPED
unphone                           test_serial                 SKIPPED
unphone                           test_afsk                   SKIPPED
unphone                           test_atak                   SKIPPED
unphone-tft                       test_radio                  SKIPPED
unphone-tft                       test_meshpacket_serializer  SKIPPED
unphone-tft                       test_transmit_history       SKIPPED
unphone-tft                       test_crypto                 SKIPPED
unphone-tft                       test_mqtt                   SKIPPED
unphone-tft                       test_default                SKIPPED
unphone-tft                       test_mesh_module            SKIPPED
unphone-tft                       test_http_content_handler   SKIPPED
unphone-tft                       test_serial                 SKIPPED
unphone-tft                       test_afsk                   SKIPPED
unphone-tft                       test_atak                   SKIPPED
mini-epaper-s3                    test_radio                  SKIPPED
mini-epaper-s3                    test_meshpacket_serializer  SKIPPED
mini-epaper-s3                    test_transmit_history       SKIPPED
mini-epaper-s3                    test_crypto                 SKIPPED
mini-epaper-s3                    test_mqtt                   SKIPPED
mini-epaper-s3                    test_default                SKIPPED
mini-epaper-s3                    test_mesh_module            SKIPPED
mini-epaper-s3                    test_http_content_handler   SKIPPED
mini-epaper-s3                    test_serial                 SKIPPED
mini-epaper-s3                    test_afsk                   SKIPPED
mini-epaper-s3                    test_atak                   SKIPPED
ttwrplus_afsk_uhf                 test_radio                  SKIPPED
ttwrplus_afsk_uhf                 test_meshpacket_serializer  SKIPPED
ttwrplus_afsk_uhf                 test_transmit_history       SKIPPED
ttwrplus_afsk_uhf                 test_crypto                 SKIPPED
ttwrplus_afsk_uhf                 test_mqtt                   SKIPPED
ttwrplus_afsk_uhf                 test_default                SKIPPED
ttwrplus_afsk_uhf                 test_mesh_module            SKIPPED
ttwrplus_afsk_uhf                 test_http_content_handler   SKIPPED
ttwrplus_afsk_uhf                 test_serial                 SKIPPED
ttwrplus_afsk_uhf                 test_afsk                   SKIPPED
ttwrplus_afsk_uhf                 test_atak                   SKIPPED
heltec-wireless-paper             test_radio                  SKIPPED
heltec-wireless-paper             test_meshpacket_serializer  SKIPPED
heltec-wireless-paper             test_transmit_history       SKIPPED
heltec-wireless-paper             test_crypto                 SKIPPED
heltec-wireless-paper             test_mqtt                   SKIPPED
heltec-wireless-paper             test_default                SKIPPED
heltec-wireless-paper             test_mesh_module            SKIPPED
heltec-wireless-paper             test_http_content_handler   SKIPPED
heltec-wireless-paper             test_serial                 SKIPPED
heltec-wireless-paper             test_afsk                   SKIPPED
heltec-wireless-paper             test_atak                   SKIPPED
heltec-wireless-paper-inkhud      test_radio                  SKIPPED
heltec-wireless-paper-inkhud      test_meshpacket_serializer  SKIPPED
heltec-wireless-paper-inkhud      test_transmit_history       SKIPPED
heltec-wireless-paper-inkhud      test_crypto                 SKIPPED
heltec-wireless-paper-inkhud      test_mqtt                   SKIPPED
heltec-wireless-paper-inkhud      test_default                SKIPPED
heltec-wireless-paper-inkhud      test_mesh_module            SKIPPED
heltec-wireless-paper-inkhud      test_http_content_handler   SKIPPED
heltec-wireless-paper-inkhud      test_serial                 SKIPPED
heltec-wireless-paper-inkhud      test_afsk                   SKIPPED
heltec-wireless-paper-inkhud      test_atak                   SKIPPED
heltec-v4                         test_radio                  SKIPPED
heltec-v4                         test_meshpacket_serializer  SKIPPED
heltec-v4                         test_transmit_history       SKIPPED
heltec-v4                         test_crypto                 SKIPPED
heltec-v4                         test_mqtt                   SKIPPED
heltec-v4                         test_default                SKIPPED
heltec-v4                         test_mesh_module            SKIPPED
heltec-v4                         test_http_content_handler   SKIPPED
heltec-v4                         test_serial                 SKIPPED
heltec-v4                         test_afsk                   SKIPPED
heltec-v4                         test_atak                   SKIPPED
heltec-v4-tft                     test_radio                  SKIPPED
heltec-v4-tft                     test_meshpacket_serializer  SKIPPED
heltec-v4-tft                     test_transmit_history       SKIPPED
heltec-v4-tft                     test_crypto                 SKIPPED
heltec-v4-tft                     test_mqtt                   SKIPPED
heltec-v4-tft                     test_default                SKIPPED
heltec-v4-tft                     test_mesh_module            SKIPPED
heltec-v4-tft                     test_http_content_handler   SKIPPED
heltec-v4-tft                     test_serial                 SKIPPED
heltec-v4-tft                     test_afsk                   SKIPPED
heltec-v4-tft                     test_atak                   SKIPPED
heltec-v3                         test_radio                  SKIPPED
heltec-v3                         test_meshpacket_serializer  SKIPPED
heltec-v3                         test_transmit_history       SKIPPED
heltec-v3                         test_crypto                 SKIPPED
heltec-v3                         test_mqtt                   SKIPPED
heltec-v3                         test_default                SKIPPED
heltec-v3                         test_mesh_module            SKIPPED
heltec-v3                         test_http_content_handler   SKIPPED
heltec-v3                         test_serial                 SKIPPED
heltec-v3                         test_afsk                   SKIPPED
heltec-v3                         test_atak                   SKIPPED
heltec-wireless-tracker-v2        test_radio                  SKIPPED
heltec-wireless-tracker-v2        test_meshpacket_serializer  SKIPPED
heltec-wireless-tracker-v2        test_transmit_history       SKIPPED
heltec-wireless-tracker-v2        test_crypto                 SKIPPED
heltec-wireless-tracker-v2        test_mqtt                   SKIPPED
heltec-wireless-tracker-v2        test_default                SKIPPED
heltec-wireless-tracker-v2        test_mesh_module            SKIPPED
heltec-wireless-tracker-v2        test_http_content_handler   SKIPPED
heltec-wireless-tracker-v2        test_serial                 SKIPPED
heltec-wireless-tracker-v2        test_afsk                   SKIPPED
heltec-wireless-tracker-v2        test_atak                   SKIPPED
t-eth-elite                       test_radio                  SKIPPED
t-eth-elite                       test_meshpacket_serializer  SKIPPED
t-eth-elite                       test_transmit_history       SKIPPED
t-eth-elite                       test_crypto                 SKIPPED
t-eth-elite                       test_mqtt                   SKIPPED
t-eth-elite                       test_default                SKIPPED
t-eth-elite                       test_mesh_module            SKIPPED
t-eth-elite                       test_http_content_handler   SKIPPED
t-eth-elite                       test_serial                 SKIPPED
t-eth-elite                       test_afsk                   SKIPPED
t-eth-elite                       test_atak                   SKIPPED
rak3312                           test_radio                  SKIPPED
rak3312                           test_meshpacket_serializer  SKIPPED
rak3312                           test_transmit_history       SKIPPED
rak3312                           test_crypto                 SKIPPED
rak3312                           test_mqtt                   SKIPPED
rak3312                           test_default                SKIPPED
rak3312                           test_mesh_module            SKIPPED
rak3312                           test_http_content_handler   SKIPPED
rak3312                           test_serial                 SKIPPED
rak3312                           test_afsk                   SKIPPED
rak3312                           test_atak                   SKIPPED
rak3112                           test_radio                  SKIPPED
rak3112                           test_meshpacket_serializer  SKIPPED
rak3112                           test_transmit_history       SKIPPED
rak3112                           test_crypto                 SKIPPED
rak3112                           test_mqtt                   SKIPPED
rak3112                           test_default                SKIPPED
rak3112                           test_mesh_module            SKIPPED
rak3112                           test_http_content_handler   SKIPPED
rak3112                           test_serial                 SKIPPED
rak3112                           test_afsk                   SKIPPED
rak3112                           test_atak                   SKIPPED
tbeam-s3-core                     test_radio                  SKIPPED
tbeam-s3-core                     test_meshpacket_serializer  SKIPPED
tbeam-s3-core                     test_transmit_history       SKIPPED
tbeam-s3-core                     test_crypto                 SKIPPED
tbeam-s3-core                     test_mqtt                   SKIPPED
tbeam-s3-core                     test_default                SKIPPED
tbeam-s3-core                     test_mesh_module            SKIPPED
tbeam-s3-core                     test_http_content_handler   SKIPPED
tbeam-s3-core                     test_serial                 SKIPPED
tbeam-s3-core                     test_afsk                   SKIPPED
tbeam-s3-core                     test_atak                   SKIPPED
heltec-wireless-paper-v1_0        test_radio                  SKIPPED
heltec-wireless-paper-v1_0        test_meshpacket_serializer  SKIPPED
heltec-wireless-paper-v1_0        test_transmit_history       SKIPPED
heltec-wireless-paper-v1_0        test_crypto                 SKIPPED
heltec-wireless-paper-v1_0        test_mqtt                   SKIPPED
heltec-wireless-paper-v1_0        test_default                SKIPPED
heltec-wireless-paper-v1_0        test_mesh_module            SKIPPED
heltec-wireless-paper-v1_0        test_http_content_handler   SKIPPED
heltec-wireless-paper-v1_0        test_serial                 SKIPPED
heltec-wireless-paper-v1_0        test_afsk                   SKIPPED
heltec-wireless-paper-v1_0        test_atak                   SKIPPED
tlora-t3s3-epaper                 test_radio                  SKIPPED
tlora-t3s3-epaper                 test_meshpacket_serializer  SKIPPED
tlora-t3s3-epaper                 test_transmit_history       SKIPPED
tlora-t3s3-epaper                 test_crypto                 SKIPPED
tlora-t3s3-epaper                 test_mqtt                   SKIPPED
tlora-t3s3-epaper                 test_default                SKIPPED
tlora-t3s3-epaper                 test_mesh_module            SKIPPED
tlora-t3s3-epaper                 test_http_content_handler   SKIPPED
tlora-t3s3-epaper                 test_serial                 SKIPPED
tlora-t3s3-epaper                 test_afsk                   SKIPPED
tlora-t3s3-epaper                 test_atak                   SKIPPED
tlora-t3s3-epaper-inkhud          test_radio                  SKIPPED
tlora-t3s3-epaper-inkhud          test_meshpacket_serializer  SKIPPED
tlora-t3s3-epaper-inkhud          test_transmit_history       SKIPPED
tlora-t3s3-epaper-inkhud          test_crypto                 SKIPPED
tlora-t3s3-epaper-inkhud          test_mqtt                   SKIPPED
tlora-t3s3-epaper-inkhud          test_default                SKIPPED
tlora-t3s3-epaper-inkhud          test_mesh_module            SKIPPED
tlora-t3s3-epaper-inkhud          test_http_content_handler   SKIPPED
tlora-t3s3-epaper-inkhud          test_serial                 SKIPPED
tlora-t3s3-epaper-inkhud          test_afsk                   SKIPPED
tlora-t3s3-epaper-inkhud          test_atak                   SKIPPED
picomputer-s3                     test_radio                  SKIPPED
picomputer-s3                     test_meshpacket_serializer  SKIPPED
picomputer-s3                     test_transmit_history       SKIPPED
picomputer-s3                     test_crypto                 SKIPPED
picomputer-s3                     test_mqtt                   SKIPPED
picomputer-s3                     test_default                SKIPPED
picomputer-s3                     test_mesh_module            SKIPPED
picomputer-s3                     test_http_content_handler   SKIPPED
picomputer-s3                     test_serial                 SKIPPED
picomputer-s3                     test_afsk                   SKIPPED
picomputer-s3                     test_atak                   SKIPPED
picomputer-s3-tft                 test_radio                  SKIPPED
picomputer-s3-tft                 test_meshpacket_serializer  SKIPPED
picomputer-s3-tft                 test_transmit_history       SKIPPED
picomputer-s3-tft                 test_crypto                 SKIPPED
picomputer-s3-tft                 test_mqtt                   SKIPPED
picomputer-s3-tft                 test_default                SKIPPED
picomputer-s3-tft                 test_mesh_module            SKIPPED
picomputer-s3-tft                 test_http_content_handler   SKIPPED
picomputer-s3-tft                 test_serial                 SKIPPED
picomputer-s3-tft                 test_afsk                   SKIPPED
picomputer-s3-tft                 test_atak                   SKIPPED
t-watch-s3                        test_radio                  SKIPPED
t-watch-s3                        test_meshpacket_serializer  SKIPPED
t-watch-s3                        test_transmit_history       SKIPPED
t-watch-s3                        test_crypto                 SKIPPED
t-watch-s3                        test_mqtt                   SKIPPED
t-watch-s3                        test_default                SKIPPED
t-watch-s3                        test_mesh_module            SKIPPED
t-watch-s3                        test_http_content_handler   SKIPPED
t-watch-s3                        test_serial                 SKIPPED
t-watch-s3                        test_afsk                   SKIPPED
t-watch-s3                        test_atak                   SKIPPED
tlora-t3s3-v1                     test_radio                  SKIPPED
tlora-t3s3-v1                     test_meshpacket_serializer  SKIPPED
tlora-t3s3-v1                     test_transmit_history       SKIPPED
tlora-t3s3-v1                     test_crypto                 SKIPPED
tlora-t3s3-v1                     test_mqtt                   SKIPPED
tlora-t3s3-v1                     test_default                SKIPPED
tlora-t3s3-v1                     test_mesh_module            SKIPPED
tlora-t3s3-v1                     test_http_content_handler   SKIPPED
tlora-t3s3-v1                     test_serial                 SKIPPED
tlora-t3s3-v1                     test_afsk                   SKIPPED
tlora-t3s3-v1                     test_atak                   SKIPPED
thinknode_m2                      test_radio                  SKIPPED
thinknode_m2                      test_meshpacket_serializer  SKIPPED
thinknode_m2                      test_transmit_history       SKIPPED
thinknode_m2                      test_crypto                 SKIPPED
thinknode_m2                      test_mqtt                   SKIPPED
thinknode_m2                      test_default                SKIPPED
thinknode_m2                      test_mesh_module            SKIPPED
thinknode_m2                      test_http_content_handler   SKIPPED
thinknode_m2                      test_serial                 SKIPPED
thinknode_m2                      test_afsk                   SKIPPED
thinknode_m2                      test_atak                   SKIPPED
thinknode_m5                      test_radio                  SKIPPED
thinknode_m5                      test_meshpacket_serializer  SKIPPED
thinknode_m5                      test_transmit_history       SKIPPED
thinknode_m5                      test_crypto                 SKIPPED
thinknode_m5                      test_mqtt                   SKIPPED
thinknode_m5                      test_default                SKIPPED
thinknode_m5                      test_mesh_module            SKIPPED
thinknode_m5                      test_http_content_handler   SKIPPED
thinknode_m5                      test_serial                 SKIPPED
thinknode_m5                      test_afsk                   SKIPPED
thinknode_m5                      test_atak                   SKIPPED
ESP32-S3-Pico                     test_radio                  SKIPPED
ESP32-S3-Pico                     test_meshpacket_serializer  SKIPPED
ESP32-S3-Pico                     test_transmit_history       SKIPPED
ESP32-S3-Pico                     test_crypto                 SKIPPED
ESP32-S3-Pico                     test_mqtt                   SKIPPED
ESP32-S3-Pico                     test_default                SKIPPED
ESP32-S3-Pico                     test_mesh_module            SKIPPED
ESP32-S3-Pico                     test_http_content_handler   SKIPPED
ESP32-S3-Pico                     test_serial                 SKIPPED
ESP32-S3-Pico                     test_afsk                   SKIPPED
ESP32-S3-Pico                     test_atak                   SKIPPED
rak_wismesh_tap_v2-tft            test_radio                  SKIPPED
rak_wismesh_tap_v2-tft            test_meshpacket_serializer  SKIPPED
rak_wismesh_tap_v2-tft            test_transmit_history       SKIPPED
rak_wismesh_tap_v2-tft            test_crypto                 SKIPPED
rak_wismesh_tap_v2-tft            test_mqtt                   SKIPPED
rak_wismesh_tap_v2-tft            test_default                SKIPPED
rak_wismesh_tap_v2-tft            test_mesh_module            SKIPPED
rak_wismesh_tap_v2-tft            test_http_content_handler   SKIPPED
rak_wismesh_tap_v2-tft            test_serial                 SKIPPED
rak_wismesh_tap_v2-tft            test_afsk                   SKIPPED
rak_wismesh_tap_v2-tft            test_atak                   SKIPPED
hackaday-communicator             test_radio                  SKIPPED
hackaday-communicator             test_meshpacket_serializer  SKIPPED
hackaday-communicator             test_transmit_history       SKIPPED
hackaday-communicator             test_crypto                 SKIPPED
hackaday-communicator             test_mqtt                   SKIPPED
hackaday-communicator             test_default                SKIPPED
hackaday-communicator             test_mesh_module            SKIPPED
hackaday-communicator             test_http_content_handler   SKIPPED
hackaday-communicator             test_serial                 SKIPPED
hackaday-communicator             test_afsk                   SKIPPED
hackaday-communicator             test_atak                   SKIPPED
heltec-vision-master-e290         test_radio                  SKIPPED
heltec-vision-master-e290         test_meshpacket_serializer  SKIPPED
heltec-vision-master-e290         test_transmit_history       SKIPPED
heltec-vision-master-e290         test_crypto                 SKIPPED
heltec-vision-master-e290         test_mqtt                   SKIPPED
heltec-vision-master-e290         test_default                SKIPPED
heltec-vision-master-e290         test_mesh_module            SKIPPED
heltec-vision-master-e290         test_http_content_handler   SKIPPED
heltec-vision-master-e290         test_serial                 SKIPPED
heltec-vision-master-e290         test_afsk                   SKIPPED
heltec-vision-master-e290         test_atak                   SKIPPED
heltec-vision-master-e290-inkhud  test_radio                  SKIPPED
heltec-vision-master-e290-inkhud  test_meshpacket_serializer  SKIPPED
heltec-vision-master-e290-inkhud  test_transmit_history       SKIPPED
heltec-vision-master-e290-inkhud  test_crypto                 SKIPPED
heltec-vision-master-e290-inkhud  test_mqtt                   SKIPPED
heltec-vision-master-e290-inkhud  test_default                SKIPPED
heltec-vision-master-e290-inkhud  test_mesh_module            SKIPPED
heltec-vision-master-e290-inkhud  test_http_content_handler   SKIPPED
heltec-vision-master-e290-inkhud  test_serial                 SKIPPED
heltec-vision-master-e290-inkhud  test_afsk                   SKIPPED
heltec-vision-master-e290-inkhud  test_atak                   SKIPPED
bpi_picow_esp32_s3                test_radio                  SKIPPED
bpi_picow_esp32_s3                test_meshpacket_serializer  SKIPPED
bpi_picow_esp32_s3                test_transmit_history       SKIPPED
bpi_picow_esp32_s3                test_crypto                 SKIPPED
bpi_picow_esp32_s3                test_mqtt                   SKIPPED
bpi_picow_esp32_s3                test_default                SKIPPED
bpi_picow_esp32_s3                test_mesh_module            SKIPPED
bpi_picow_esp32_s3                test_http_content_handler   SKIPPED
bpi_picow_esp32_s3                test_serial                 SKIPPED
bpi_picow_esp32_s3                test_afsk                   SKIPPED
bpi_picow_esp32_s3                test_atak                   SKIPPED
nugget-s2-lora                    test_radio                  SKIPPED
nugget-s2-lora                    test_meshpacket_serializer  SKIPPED
nugget-s2-lora                    test_transmit_history       SKIPPED
nugget-s2-lora                    test_crypto                 SKIPPED
nugget-s2-lora                    test_mqtt                   SKIPPED
nugget-s2-lora                    test_default                SKIPPED
nugget-s2-lora                    test_mesh_module            SKIPPED
nugget-s2-lora                    test_http_content_handler   SKIPPED
nugget-s2-lora                    test_serial                 SKIPPED
nugget-s2-lora                    test_afsk                   SKIPPED
nugget-s2-lora                    test_atak                   SKIPPED
esp32c3_super_mini                test_radio                  SKIPPED
esp32c3_super_mini                test_meshpacket_serializer  SKIPPED
esp32c3_super_mini                test_transmit_history       SKIPPED
esp32c3_super_mini                test_crypto                 SKIPPED
esp32c3_super_mini                test_mqtt                   SKIPPED
esp32c3_super_mini                test_default                SKIPPED
esp32c3_super_mini                test_mesh_module            SKIPPED
esp32c3_super_mini                test_http_content_handler   SKIPPED
esp32c3_super_mini                test_serial                 SKIPPED
esp32c3_super_mini                test_afsk                   SKIPPED
esp32c3_super_mini                test_atak                   SKIPPED
meshtastic-diy-v1                 test_radio                  SKIPPED
meshtastic-diy-v1                 test_meshpacket_serializer  SKIPPED
meshtastic-diy-v1                 test_transmit_history       SKIPPED
meshtastic-diy-v1                 test_crypto                 SKIPPED
meshtastic-diy-v1                 test_mqtt                   SKIPPED
meshtastic-diy-v1                 test_default                SKIPPED
meshtastic-diy-v1                 test_mesh_module            SKIPPED
meshtastic-diy-v1                 test_http_content_handler   SKIPPED
meshtastic-diy-v1                 test_serial                 SKIPPED
meshtastic-diy-v1                 test_afsk                   SKIPPED
meshtastic-diy-v1                 test_atak                   SKIPPED
9m2ibr_aprs_lora_tracker          test_radio                  SKIPPED
9m2ibr_aprs_lora_tracker          test_meshpacket_serializer  SKIPPED
9m2ibr_aprs_lora_tracker          test_transmit_history       SKIPPED
9m2ibr_aprs_lora_tracker          test_crypto                 SKIPPED
9m2ibr_aprs_lora_tracker          test_mqtt                   SKIPPED
9m2ibr_aprs_lora_tracker          test_default                SKIPPED
9m2ibr_aprs_lora_tracker          test_mesh_module            SKIPPED
9m2ibr_aprs_lora_tracker          test_http_content_handler   SKIPPED
9m2ibr_aprs_lora_tracker          test_serial                 SKIPPED
9m2ibr_aprs_lora_tracker          test_afsk                   SKIPPED
9m2ibr_aprs_lora_tracker          test_atak                   SKIPPED
meshtastic-diy-v1_1               test_radio                  SKIPPED
meshtastic-diy-v1_1               test_meshpacket_serializer  SKIPPED
meshtastic-diy-v1_1               test_transmit_history       SKIPPED
meshtastic-diy-v1_1               test_crypto                 SKIPPED
meshtastic-diy-v1_1               test_mqtt                   SKIPPED
meshtastic-diy-v1_1               test_default                SKIPPED
meshtastic-diy-v1_1               test_mesh_module            SKIPPED
meshtastic-diy-v1_1               test_http_content_handler   SKIPPED
meshtastic-diy-v1_1               test_serial                 SKIPPED
meshtastic-diy-v1_1               test_afsk                   SKIPPED
meshtastic-diy-v1_1               test_atak                   SKIPPED
meshtastic-dr-dev                 test_radio                  SKIPPED
meshtastic-dr-dev                 test_meshpacket_serializer  SKIPPED
meshtastic-dr-dev                 test_transmit_history       SKIPPED
meshtastic-dr-dev                 test_crypto                 SKIPPED
meshtastic-dr-dev                 test_mqtt                   SKIPPED
meshtastic-dr-dev                 test_default                SKIPPED
meshtastic-dr-dev                 test_mesh_module            SKIPPED
meshtastic-dr-dev                 test_http_content_handler   SKIPPED
meshtastic-dr-dev                 test_serial                 SKIPPED
meshtastic-dr-dev                 test_afsk                   SKIPPED
meshtastic-dr-dev                 test_atak                   SKIPPED
hydra                             test_radio                  SKIPPED
hydra                             test_meshpacket_serializer  SKIPPED
hydra                             test_transmit_history       SKIPPED
hydra                             test_crypto                 SKIPPED
hydra                             test_mqtt                   SKIPPED
hydra                             test_default                SKIPPED
hydra                             test_mesh_module            SKIPPED
hydra                             test_http_content_handler   SKIPPED
hydra                             test_serial                 SKIPPED
hydra                             test_afsk                   SKIPPED
hydra                             test_atak                   SKIPPED
seeed_xiao_nrf52840_e22_900m30s   test_radio                  SKIPPED
seeed_xiao_nrf52840_e22_900m30s   test_meshpacket_serializer  SKIPPED
seeed_xiao_nrf52840_e22_900m30s   test_transmit_history       SKIPPED
seeed_xiao_nrf52840_e22_900m30s   test_crypto                 SKIPPED
seeed_xiao_nrf52840_e22_900m30s   test_mqtt                   SKIPPED
seeed_xiao_nrf52840_e22_900m30s   test_default                SKIPPED
seeed_xiao_nrf52840_e22_900m30s   test_mesh_module            SKIPPED
seeed_xiao_nrf52840_e22_900m30s   test_http_content_handler   SKIPPED
seeed_xiao_nrf52840_e22_900m30s   test_serial                 SKIPPED
seeed_xiao_nrf52840_e22_900m30s   test_afsk                   SKIPPED
seeed_xiao_nrf52840_e22_900m30s   test_atak                   SKIPPED
seeed_xiao_nrf52840_e22_900m33s   test_radio                  SKIPPED
seeed_xiao_nrf52840_e22_900m33s   test_meshpacket_serializer  SKIPPED
seeed_xiao_nrf52840_e22_900m33s   test_transmit_history       SKIPPED
seeed_xiao_nrf52840_e22_900m33s   test_crypto                 SKIPPED
seeed_xiao_nrf52840_e22_900m33s   test_mqtt                   SKIPPED
seeed_xiao_nrf52840_e22_900m33s   test_default                SKIPPED
seeed_xiao_nrf52840_e22_900m33s   test_mesh_module            SKIPPED
seeed_xiao_nrf52840_e22_900m33s   test_http_content_handler   SKIPPED
seeed_xiao_nrf52840_e22_900m33s   test_serial                 SKIPPED
seeed_xiao_nrf52840_e22_900m33s   test_afsk                   SKIPPED
seeed_xiao_nrf52840_e22_900m33s   test_atak                   SKIPPED
nrf52_promicro_diy_tcxo           test_radio                  SKIPPED
nrf52_promicro_diy_tcxo           test_meshpacket_serializer  SKIPPED
nrf52_promicro_diy_tcxo           test_transmit_history       SKIPPED
nrf52_promicro_diy_tcxo           test_crypto                 SKIPPED
nrf52_promicro_diy_tcxo           test_mqtt                   SKIPPED
nrf52_promicro_diy_tcxo           test_default                SKIPPED
nrf52_promicro_diy_tcxo           test_mesh_module            SKIPPED
nrf52_promicro_diy_tcxo           test_http_content_handler   SKIPPED
nrf52_promicro_diy_tcxo           test_serial                 SKIPPED
nrf52_promicro_diy_tcxo           test_afsk                   SKIPPED
nrf52_promicro_diy_tcxo           test_atak                   SKIPPED
nrf52_promicro_diy-inkhud         test_radio                  SKIPPED
nrf52_promicro_diy-inkhud         test_meshpacket_serializer  SKIPPED
nrf52_promicro_diy-inkhud         test_transmit_history       SKIPPED
nrf52_promicro_diy-inkhud         test_crypto                 SKIPPED
nrf52_promicro_diy-inkhud         test_mqtt                   SKIPPED
nrf52_promicro_diy-inkhud         test_default                SKIPPED
nrf52_promicro_diy-inkhud         test_mesh_module            SKIPPED
nrf52_promicro_diy-inkhud         test_http_content_handler   SKIPPED
nrf52_promicro_diy-inkhud         test_serial                 SKIPPED
nrf52_promicro_diy-inkhud         test_afsk                   SKIPPED
nrf52_promicro_diy-inkhud         test_atak                   SKIPPED
xiao_ble                          test_radio                  SKIPPED
xiao_ble                          test_meshpacket_serializer  SKIPPED
xiao_ble                          test_transmit_history       SKIPPED
xiao_ble                          test_crypto                 SKIPPED
xiao_ble                          test_mqtt                   SKIPPED
xiao_ble                          test_default                SKIPPED
xiao_ble                          test_mesh_module            SKIPPED
xiao_ble                          test_http_content_handler   SKIPPED
xiao_ble                          test_serial                 SKIPPED
xiao_ble                          test_afsk                   SKIPPED
xiao_ble                          test_atak                   SKIPPED
xiao_ble_30db                     test_radio                  SKIPPED
xiao_ble_30db                     test_meshpacket_serializer  SKIPPED
xiao_ble_30db                     test_transmit_history       SKIPPED
xiao_ble_30db                     test_crypto                 SKIPPED
xiao_ble_30db                     test_mqtt                   SKIPPED
xiao_ble_30db                     test_default                SKIPPED
xiao_ble_30db                     test_mesh_module            SKIPPED
xiao_ble_30db                     test_http_content_handler   SKIPPED
xiao_ble_30db                     test_serial                 SKIPPED
xiao_ble_30db                     test_afsk                   SKIPPED
xiao_ble_30db                     test_atak                   SKIPPED
xiao_ble_33db                     test_radio                  SKIPPED
xiao_ble_33db                     test_meshpacket_serializer  SKIPPED
xiao_ble_33db                     test_transmit_history       SKIPPED
xiao_ble_33db                     test_crypto                 SKIPPED
xiao_ble_33db                     test_mqtt                   SKIPPED
xiao_ble_33db                     test_default                SKIPPED
xiao_ble_33db                     test_mesh_module            SKIPPED
xiao_ble_33db                     test_http_content_handler   SKIPPED
xiao_ble_33db                     test_serial                 SKIPPED
xiao_ble_33db                     test_afsk                   SKIPPED
xiao_ble_33db                     test_atak                   SKIPPED
seeed_xiao_nrf52840_btb           test_radio                  SKIPPED
seeed_xiao_nrf52840_btb           test_meshpacket_serializer  SKIPPED
seeed_xiao_nrf52840_btb           test_transmit_history       SKIPPED
seeed_xiao_nrf52840_btb           test_crypto                 SKIPPED
seeed_xiao_nrf52840_btb           test_mqtt                   SKIPPED
seeed_xiao_nrf52840_btb           test_default                SKIPPED
seeed_xiao_nrf52840_btb           test_mesh_module            SKIPPED
seeed_xiao_nrf52840_btb           test_http_content_handler   SKIPPED
seeed_xiao_nrf52840_btb           test_serial                 SKIPPED
seeed_xiao_nrf52840_btb           test_afsk                   SKIPPED
seeed_xiao_nrf52840_btb           test_atak                   SKIPPED
WashTastic                        test_radio                  SKIPPED
WashTastic                        test_meshpacket_serializer  SKIPPED
WashTastic                        test_transmit_history       SKIPPED
WashTastic                        test_crypto                 SKIPPED
WashTastic                        test_mqtt                   SKIPPED
WashTastic                        test_default                SKIPPED
WashTastic                        test_mesh_module            SKIPPED
WashTastic                        test_http_content_handler   SKIPPED
WashTastic                        test_serial                 SKIPPED
WashTastic                        test_afsk                   SKIPPED
WashTastic                        test_atak                   SKIPPED
my-esp32s3-diy-oled               test_radio                  SKIPPED
my-esp32s3-diy-oled               test_meshpacket_serializer  SKIPPED
my-esp32s3-diy-oled               test_transmit_history       SKIPPED
my-esp32s3-diy-oled               test_crypto                 SKIPPED
my-esp32s3-diy-oled               test_mqtt                   SKIPPED
my-esp32s3-diy-oled               test_default                SKIPPED
my-esp32s3-diy-oled               test_mesh_module            SKIPPED
my-esp32s3-diy-oled               test_http_content_handler   SKIPPED
my-esp32s3-diy-oled               test_serial                 SKIPPED
my-esp32s3-diy-oled               test_afsk                   SKIPPED
my-esp32s3-diy-oled               test_atak                   SKIPPED
my-esp32s3-diy-eink               test_radio                  SKIPPED
my-esp32s3-diy-eink               test_meshpacket_serializer  SKIPPED
my-esp32s3-diy-eink               test_transmit_history       SKIPPED
my-esp32s3-diy-eink               test_crypto                 SKIPPED
my-esp32s3-diy-eink               test_mqtt                   SKIPPED
my-esp32s3-diy-eink               test_default                SKIPPED
my-esp32s3-diy-eink               test_mesh_module            SKIPPED
my-esp32s3-diy-eink               test_http_content_handler   SKIPPED
my-esp32s3-diy-eink               test_serial                 SKIPPED
my-esp32s3-diy-eink               test_afsk                   SKIPPED
my-esp32s3-diy-eink               test_atak                   SKIPPED
t-energy-s3_e22                   test_radio                  SKIPPED
t-energy-s3_e22                   test_meshpacket_serializer  SKIPPED
t-energy-s3_e22                   test_transmit_history       SKIPPED
t-energy-s3_e22                   test_crypto                 SKIPPED
t-energy-s3_e22                   test_mqtt                   SKIPPED
t-energy-s3_e22                   test_default                SKIPPED
t-energy-s3_e22                   test_mesh_module            SKIPPED
t-energy-s3_e22                   test_http_content_handler   SKIPPED
t-energy-s3_e22                   test_serial                 SKIPPED
t-energy-s3_e22                   test_afsk                   SKIPPED
t-energy-s3_e22                   test_atak                   SKIPPED
================== 1 test cases: 0 succeeded in 00:00:16.026 ==================
